../Drivers/STM32H7xx_HAL_Driver/Src/stm32h7xx_hal_eth_ex.c:94:6:HAL_ETHEx_EnableARPOffload	0	static
../Drivers/STM32H7xx_HAL_Driver/Src/stm32h7xx_hal_eth_ex.c:105:6:HAL_ETHEx_DisableARPOffload	0	static
../Drivers/STM32H7xx_HAL_Driver/Src/stm32h7xx_hal_eth_ex.c:117:6:HAL_ETHEx_SetARPAddressMatch	0	static
../Drivers/STM32H7xx_HAL_Driver/Src/stm32h7xx_hal_eth_ex.c:135:19:HAL_ETHEx_SetL4FilterConfig	8	static
../Drivers/STM32H7xx_HAL_Driver/Src/stm32h7xx_hal_eth_ex.c:175:19:HAL_ETHEx_GetL4FilterConfig	4	static
../Drivers/STM32H7xx_HAL_Driver/Src/stm32h7xx_hal_eth_ex.c:212:19:HAL_ETHEx_SetL3FilterConfig	8	static
../Drivers/STM32H7xx_HAL_Driver/Src/stm32h7xx_hal_eth_ex.c:266:19:HAL_ETHEx_GetL3FilterConfig	4	static
../Drivers/STM32H7xx_HAL_Driver/Src/stm32h7xx_hal_eth_ex.c:307:6:HAL_ETHEx_EnableL3L4Filtering	0	static
../Drivers/STM32H7xx_HAL_Driver/Src/stm32h7xx_hal_eth_ex.c:319:6:HAL_ETHEx_DisableL3L4Filtering	0	static
../Drivers/STM32H7xx_HAL_Driver/Src/stm32h7xx_hal_eth_ex.c:333:19:HAL_ETHEx_GetRxVLANConfig	0	static
../Drivers/STM32H7xx_HAL_Driver/Src/stm32h7xx_hal_eth_ex.c:366:19:HAL_ETHEx_SetRxVLANConfig	4	static
../Drivers/STM32H7xx_HAL_Driver/Src/stm32h7xx_hal_eth_ex.c:394:6:HAL_ETHEx_SetVLANHashTable	0	static
../Drivers/STM32H7xx_HAL_Driver/Src/stm32h7xx_hal_eth_ex.c:410:19:HAL_ETHEx_GetTxVLANConfig	0	static
../Drivers/STM32H7xx_HAL_Driver/Src/stm32h7xx_hal_eth_ex.c:445:19:HAL_ETHEx_SetTxVLANConfig	4	static
../Drivers/STM32H7xx_HAL_Driver/Src/stm32h7xx_hal_eth_ex.c:476:6:HAL_ETHEx_SetTxVLANIdentifier	0	static
../Drivers/STM32H7xx_HAL_Driver/Src/stm32h7xx_hal_eth_ex.c:494:6:HAL_ETHEx_EnableVLANProcessing	0	static
../Drivers/STM32H7xx_HAL_Driver/Src/stm32h7xx_hal_eth_ex.c:506:6:HAL_ETHEx_DisableVLANProcessing	0	static
../Drivers/STM32H7xx_HAL_Driver/Src/stm32h7xx_hal_eth_ex.c:520:6:HAL_ETHEx_EnterLPIMode	8	static
../Drivers/STM32H7xx_HAL_Driver/Src/stm32h7xx_hal_eth_ex.c:538:6:HAL_ETHEx_ExitLPIMode	0	static
../Drivers/STM32H7xx_HAL_Driver/Src/stm32h7xx_hal_eth_ex.c:554:10:HAL_ETHEx_GetMACLPIEvent	0	static
