../Drivers/STM32H7xx_HAL_Driver/Src/stm32h7xx_hal_eth.c:1276:13:HAL_ETH_RxLinkCallback	0	static
../Drivers/STM32H7xx_HAL_Driver/Src/stm32h7xx_hal_eth.c:3045:17:ETH_Prepare_Tx_Descriptors	48	static,ignoring_inline_asm
../Drivers/STM32H7xx_HAL_Driver/Src/stm32h7xx_hal_eth.c:1259:13:HAL_ETH_RxAllocateCallback	0	static
../Drivers/STM32H7xx_HAL_Driver/Src/stm32h7xx_hal_eth.c:1150:13:ETH_UpdateDescriptor	40	static,ignoring_inline_asm
../Drivers/STM32H7xx_HAL_Driver/Src/stm32h7xx_hal_eth.c:1378:13:HAL_ETH_TxFreeCallback	0	static
../Drivers/STM32H7xx_HAL_Driver/Src/stm32h7xx_hal_eth.c:458:13:HAL_ETH_MspInit	0	static
../Drivers/STM32H7xx_HAL_Driver/Src/stm32h7xx_hal_eth.c:307:19:HAL_ETH_Init	24	static
../Drivers/STM32H7xx_HAL_Driver/Src/stm32h7xx_hal_eth.c:473:13:HAL_ETH_MspDeInit	0	static
../Drivers/STM32H7xx_HAL_Driver/Src/stm32h7xx_hal_eth.c:425:19:HAL_ETH_DeInit	8	static
../Drivers/STM32H7xx_HAL_Driver/Src/stm32h7xx_hal_eth.c:709:19:HAL_ETH_Start	16	static
../Drivers/STM32H7xx_HAL_Driver/Src/stm32h7xx_hal_eth.c:755:19:HAL_ETH_Start_IT	16	static
../Drivers/STM32H7xx_HAL_Driver/Src/stm32h7xx_hal_eth.c:818:19:HAL_ETH_Stop	4	static
../Drivers/STM32H7xx_HAL_Driver/Src/stm32h7xx_hal_eth.c:856:19:HAL_ETH_Stop_IT	4	static
../Drivers/STM32H7xx_HAL_Driver/Src/stm32h7xx_hal_eth.c:916:19:HAL_ETH_Transmit	24	static,ignoring_inline_asm
../Drivers/STM32H7xx_HAL_Driver/Src/stm32h7xx_hal_eth.c:991:19:HAL_ETH_Transmit_IT	8	static,ignoring_inline_asm
../Drivers/STM32H7xx_HAL_Driver/Src/stm32h7xx_hal_eth.c:1037:19:HAL_ETH_ReadData	56	static
../Drivers/STM32H7xx_HAL_Driver/Src/stm32h7xx_hal_eth.c:1225:19:HAL_ETH_RegisterRxAllocateCallback	0	static
../Drivers/STM32H7xx_HAL_Driver/Src/stm32h7xx_hal_eth.c:1246:19:HAL_ETH_UnRegisterRxAllocateCallback	0	static
../Drivers/STM32H7xx_HAL_Driver/Src/stm32h7xx_hal_eth.c:1295:19:HAL_ETH_RegisterRxLinkCallback	0	static
../Drivers/STM32H7xx_HAL_Driver/Src/stm32h7xx_hal_eth.c:1315:19:HAL_ETH_UnRegisterRxLinkCallback	0	static
../Drivers/STM32H7xx_HAL_Driver/Src/stm32h7xx_hal_eth.c:1330:19:HAL_ETH_GetRxDataErrorCode	0	static
../Drivers/STM32H7xx_HAL_Driver/Src/stm32h7xx_hal_eth.c:1345:19:HAL_ETH_RegisterTxFreeCallback	0	static
../Drivers/STM32H7xx_HAL_Driver/Src/stm32h7xx_hal_eth.c:1365:19:HAL_ETH_UnRegisterTxFreeCallback	0	static
../Drivers/STM32H7xx_HAL_Driver/Src/stm32h7xx_hal_eth.c:1393:19:HAL_ETH_ReleaseTxPacket	24	static
../Drivers/STM32H7xx_HAL_Driver/Src/stm32h7xx_hal_eth.c:2025:13:HAL_ETH_TxCpltCallback	0	static
../Drivers/STM32H7xx_HAL_Driver/Src/stm32h7xx_hal_eth.c:2040:13:HAL_ETH_RxCpltCallback	0	static
../Drivers/STM32H7xx_HAL_Driver/Src/stm32h7xx_hal_eth.c:2055:13:HAL_ETH_ErrorCallback	0	static
../Drivers/STM32H7xx_HAL_Driver/Src/stm32h7xx_hal_eth.c:2070:13:HAL_ETH_PMTCallback	0	static
../Drivers/STM32H7xx_HAL_Driver/Src/stm32h7xx_hal_eth.c:2085:13:HAL_ETH_EEECallback	0	static
../Drivers/STM32H7xx_HAL_Driver/Src/stm32h7xx_hal_eth.c:2100:13:HAL_ETH_WakeUpCallback	0	static
../Drivers/STM32H7xx_HAL_Driver/Src/stm32h7xx_hal_eth.c:1832:6:HAL_ETH_IRQHandler	8	static
../Drivers/STM32H7xx_HAL_Driver/Src/stm32h7xx_hal_eth.c:2118:19:HAL_ETH_ReadPHYRegister	16	static
../Drivers/STM32H7xx_HAL_Driver/Src/stm32h7xx_hal_eth.c:2174:19:HAL_ETH_WritePHYRegister	16	static
../Drivers/STM32H7xx_HAL_Driver/Src/stm32h7xx_hal_eth.c:2247:19:HAL_ETH_GetMACConfig	0	static
../Drivers/STM32H7xx_HAL_Driver/Src/stm32h7xx_hal_eth.c:2322:19:HAL_ETH_GetDMAConfig	8	static
../Drivers/STM32H7xx_HAL_Driver/Src/stm32h7xx_hal_eth.c:2355:19:HAL_ETH_SetMACConfig	16	static
../Drivers/STM32H7xx_HAL_Driver/Src/stm32h7xx_hal_eth.c:2382:19:HAL_ETH_SetDMAConfig	4	static
../Drivers/STM32H7xx_HAL_Driver/Src/stm32h7xx_hal_eth.c:2407:6:HAL_ETH_SetMDIOClockRange	16	static
../Drivers/STM32H7xx_HAL_Driver/Src/stm32h7xx_hal_eth.c:2460:19:HAL_ETH_SetMACFilterConfig	8	static
../Drivers/STM32H7xx_HAL_Driver/Src/stm32h7xx_hal_eth.c:2494:19:HAL_ETH_GetMACFilterConfig	0	static
../Drivers/STM32H7xx_HAL_Driver/Src/stm32h7xx_hal_eth.c:2531:19:HAL_ETH_SetSourceMACAddrMatch	0	static
../Drivers/STM32H7xx_HAL_Driver/Src/stm32h7xx_hal_eth.c:2566:19:HAL_ETH_SetHashTable	4	static
../Drivers/STM32H7xx_HAL_Driver/Src/stm32h7xx_hal_eth.c:2588:6:HAL_ETH_SetRxVLANIdentifier	4	static
../Drivers/STM32H7xx_HAL_Driver/Src/stm32h7xx_hal_eth.c:2610:6:HAL_ETH_EnterPowerDownMode	8	static
../Drivers/STM32H7xx_HAL_Driver/Src/stm32h7xx_hal_eth.c:2632:6:HAL_ETH_ExitPowerDownMode	0	static
../Drivers/STM32H7xx_HAL_Driver/Src/stm32h7xx_hal_eth.c:2656:19:HAL_ETH_SetWakeUpFilter	4	static
../Drivers/STM32H7xx_HAL_Driver/Src/stm32h7xx_hal_eth.c:2705:22:HAL_ETH_GetState	0	static
../Drivers/STM32H7xx_HAL_Driver/Src/stm32h7xx_hal_eth.c:2716:10:HAL_ETH_GetError	0	static
../Drivers/STM32H7xx_HAL_Driver/Src/stm32h7xx_hal_eth.c:2727:10:HAL_ETH_GetDMAError	0	static
../Drivers/STM32H7xx_HAL_Driver/Src/stm32h7xx_hal_eth.c:2738:10:HAL_ETH_GetMACError	0	static
../Drivers/STM32H7xx_HAL_Driver/Src/stm32h7xx_hal_eth.c:2749:10:HAL_ETH_GetMACWakeUpSource	0	static
