../Core/Src/lfs.c:782:12:lfs_dir_traverse_filter	8	static
../Core/Src/lfs.c:1805:12:lfs_dir_commit_size	0	static
../Core/Src/lfs.c:4920:12:lfs_fs_size_count	0	static
../Core/Src/lfs.c:4050:12:lfs_init	16	static
../Core/Src/lfs.c:275:12:lfs_bd_erase.part.0	8	static
../Core/Src/lfs.c:4642:12:lfs_fs_preporphans.part.0	8	static
../Core/Src/lfs.c:44:12:lfs_bd_read.part.0.constprop	64	static
../Core/Src/lfs.c:44:12:lfs_bd_read	64	static
../Core/Src/lfs.c:4576:12:lfs_fs_parent_match	48	static
../Core/Src/lfs.c:2903:12:lfs_ctz_traverse.part.0	64	static
../Core/Src/lfs.c:2903:12:lfs_ctz_traverse.part.0.constprop	72	static
../Core/Src/lfs.c:1370:12:lfs_dir_find_match	72	static
../Core/Src/lfs.c:2769:12:lfs_ctz_find.constprop	64	static
../Core/Src/lfs.c:176:12:lfs_bd_flush	80	static
../Core/Src/lfs.c:227:12:lfs_bd_prog.part.0	48	static
../Core/Src/lfs.c:1506:12:lfs_dir_commitprog	40	static
../Core/Src/lfs.c:1523:12:lfs_dir_commitattr	72	static
../Core/Src/lfs.c:1822:12:lfs_dir_commit_commit	0	static
../Core/Src/lfs.c:842:12:lfs_dir_traverse.constprop	224	static
../Core/Src/lfs.c:1571:12:lfs_dir_commitcrc	104	static
../Core/Src/lfs.c:1312:12:lfs_dir_getgstate	80	static
../Core/Src/lfs.c:651:19:lfs_dir_getslice.constprop	72	static
../Core/Src/lfs.c:3360:20:lfs_file_flushedread	80	static
../Core/Src/lfs.c:651:19:lfs_dir_getslice.constprop	72	static
../Core/Src/lfs.c:651:19:lfs_dir_getslice.constprop	72	static
../Core/Src/lfs.c:1330:12:lfs_dir_getinfo	80	static
../Core/Src/lfs.c:1037:19:lfs_dir_fetchmatch	144	static
../Core/Src/lfs.c:4597:19:lfs_fs_parent	80	static
../Core/Src/lfs.c:4532:12:lfs_fs_pred	64	static
../Core/Src/lfs.c:1394:19:lfs_dir_find	88	static
../Core/Src/lfs.c:4424:5:lfs_fs_rawtraverse.constprop	112	static
../Core/Src/lfs.c:1705:12:lfs_dir_alloc	128	static
../Core/Src/lfs.c:603:12:lfs_alloc	120	static
../Core/Src/lfs.c:3143:12:lfs_file_relocate	72	static
../Core/Src/lfs.c:1842:12:lfs_dir_compact	136	static
../Core/Src/lfs.c:2015:12:lfs_dir_splittingcompact.constprop	192	static
../Core/Src/lfs.c:2120:12:lfs_dir_relocatingcommit.constprop	144	static
../Core/Src/lfs.c:2120:12:lfs_dir_relocatingcommit	152	static
../Core/Src/lfs.c:3440:20:lfs_file_flushedwrite	104	static
../Core/Src/lfs.c:3227:12:lfs_file_flush	128	static
../Core/Src/lfs.c:2291:12:lfs_dir_orphaningcommit	160	static
../Core/Src/lfs.c:3572:19:lfs_file_rawseek	32	static
../Core/Src/lfs.c:3528:20:lfs_file_rawwrite	40	static
../Core/Src/lfs.c:4739:12:lfs_fs_deorphan.part.0	184	static
../Core/Src/lfs.c:3308:12:lfs_file_rawsync.part.0	40	static
../Core/Src/lfs.c:4870:12:lfs_fs_forceconsistency	96	static
../Core/Src/lfs.c:2948:12:lfs_file_rawopencfg	72	static
../Core/Src/lfs.c:4891:5:lfs_fs_rawmkconsistent	80	static
../Core/Src/lfs.c:5599:5:lfs_format	120	static
../Core/Src/lfs.c:5629:5:lfs_mount	128	static
../Core/Src/lfs.c:5658:5:lfs_unmount	8	static
../Core/Src/lfs.c:5673:5:lfs_remove	136	static
../Core/Src/lfs.c:5689:5:lfs_rename	232	static
../Core/Src/lfs.c:5704:5:lfs_stat	56	static
../Core/Src/lfs.c:5718:13:lfs_getattr	72	static
../Core/Src/lfs.c:5735:5:lfs_setattr	88	static
../Core/Src/lfs.c:5753:5:lfs_removeattr	80	static
../Core/Src/lfs.c:5769:5:lfs_file_open	16	static
../Core/Src/lfs.c:5786:5:lfs_file_opencfg	16	static
../Core/Src/lfs.c:5806:5:lfs_file_close	16	static
../Core/Src/lfs.c:5822:5:lfs_file_sync	16	static
../Core/Src/lfs.c:5838:13:lfs_file_read	24	static
../Core/Src/lfs.c:5856:13:lfs_file_write	8	static
../Core/Src/lfs.c:5874:12:lfs_file_seek	32	static
../Core/Src/lfs.c:5892:5:lfs_file_truncate	48	static
../Core/Src/lfs.c:5909:12:lfs_file_tell	8	static
../Core/Src/lfs.c:5924:5:lfs_file_rewind	24	static
../Core/Src/lfs.c:5938:12:lfs_file_size	8	static
../Core/Src/lfs.c:5954:5:lfs_mkdir	208	static
../Core/Src/lfs.c:5969:5:lfs_dir_open	56	static
../Core/Src/lfs.c:5984:5:lfs_dir_close	0	static
../Core/Src/lfs.c:5998:5:lfs_dir_read	48	static
../Core/Src/lfs.c:6013:5:lfs_dir_seek	56	static
../Core/Src/lfs.c:6028:12:lfs_dir_tell	0	static
../Core/Src/lfs.c:6042:5:lfs_dir_rewind	24	static
../Core/Src/lfs.c:6056:13:lfs_fs_size	16	static
../Core/Src/lfs.c:6070:5:lfs_fs_traverse	112	static
../Core/Src/lfs.c:6086:5:lfs_fs_mkconsistent	0	static
