../Core/Src/littlefs_sqlite_vfs.c:249:5:littlefs_vfs_lock_file	0	static
../Core/Src/littlefs_sqlite_vfs.c:261:5:littlefs_vfs_check_reserved_lock_file	0	static
../Core/Src/littlefs_sqlite_vfs.c:266:5:littlefs_vfs_file_control_file	0	static
../Core/Src/littlefs_sqlite_vfs.c:271:5:littlefs_vfs_sector_size_file	0	static
../Core/Src/littlefs_sqlite_vfs.c:275:5:littlefs_vfs_device_characteristics_file	0	static
../Core/Src/littlefs_sqlite_vfs.c:285:5:littlefs_vfs_shm_map_file	0	static
../Core/Src/littlefs_sqlite_vfs.c:293:5:littlefs_vfs_shm_lock_file	0	static
../Core/Src/littlefs_sqlite_vfs.c:302:6:littlefs_vfs_shm_barrier_file	0	static
../Core/Src/littlefs_sqlite_vfs.c:315:5:littlefs_vfs_fetch_file	0	static
../Core/Src/littlefs_sqlite_vfs.c:323:5:littlefs_vfs_unfetch_file	0	static
../Core/Src/littlefs_sqlite_vfs.c:405:7:littlefs_vfs_dl_open	0	static
../Core/Src/littlefs_sqlite_vfs.c:367:5:littlefs_vfs_delete_file	8	static
../Core/Src/littlefs_sqlite_vfs.c:185:5:littlefs_vfs_close_file	8	static
../Core/Src/littlefs_sqlite_vfs.c:198:5:littlefs_vfs_read_file	24	static
../Core/Src/littlefs_sqlite_vfs.c:210:5:littlefs_vfs_write_file	24	static
../Core/Src/littlefs_sqlite_vfs.c:221:5:littlefs_vfs_truncate_file	8	static
../Core/Src/littlefs_sqlite_vfs.c:231:5:littlefs_vfs_sync_file	8	static
../Core/Src/littlefs_sqlite_vfs.c:240:5:littlefs_vfs_size_file	8	static
../Core/Src/littlefs_sqlite_vfs.c:352:5:littlefs_vfs_open_file	8	static
../Core/Src/littlefs_sqlite_vfs.c:399:5:littlefs_vfs_full_path_name	8	static
../Core/Src/littlefs_sqlite_vfs.c:427:5:littlefs_vfs_randomness	16	static
../Core/Src/littlefs_sqlite_vfs.c:439:5:littlefs_vfs_sleep	8	static
../Core/Src/littlefs_sqlite_vfs.c:445:5:littlefs_vfs_current_time	8	static
../Core/Src/littlefs_sqlite_vfs.c:459:5:littlefs_vfs_current_time_int64	8	static
../Core/Src/littlefs_sqlite_vfs.c:255:5:littlefs_vfs_unlock_file	0	static
../Core/Src/littlefs_sqlite_vfs.c:309:5:littlefs_vfs_shm_unmap_file	0	static
../Core/Src/littlefs_sqlite_vfs.c:386:5:littlefs_vfs_access_file	96	static
../Core/Src/littlefs_sqlite_vfs.c:135:5:littlefs_vfs_ls	336	static
../Core/Src/littlefs_sqlite_vfs.c:100:6:littlefs_vfs_init	24	static
../Core/Src/littlefs_sqlite_vfs.c:178:6:littlefs_vfs_close	0	static
../Core/Src/littlefs_sqlite_vfs.c:376:5:_lfs_file_exists	96	static
../Core/Src/littlefs_sqlite_vfs.c:414:6:littlefs_vfs_dl_error	0	static
../Core/Src/littlefs_sqlite_vfs.c:419:6:littlefs_vfs_dl_close	0	static
../Core/Src/littlefs_sqlite_vfs.c:451:5:littlefs_vfs_last_error	8	static
../Core/Src/littlefs_sqlite_vfs.c:488:15:get_littlefs_vfs	0	static
