../Core/Src/sqlite3.c:25643:12:sqlite3MemSize	0	static
../Core/Src/sqlite3.c:25698:12:sqlite3MemRoundup	0	static
../Core/Src/sqlite3.c:25705:12:sqlite3MemInit	0	static
../Core/Src/sqlite3.c:27182:12:memsys5Size	0	static
../Core/Src/sqlite3.c:27498:13:memsys5Shutdown	0	static
../Core/Src/sqlite3.c:29065:16:sqlite3_release_memory	0	static
../Core/Src/sqlite3.c:29239:26:sqlite3_memory_used	0	static
../Core/Src/sqlite3.c:29250:26:sqlite3_memory_highwater	0	static
../Core/Src/sqlite3.c:29426:27:sqlite3_msize	8	static
../Core/Src/sqlite3.c:29454:29:measureAllocationSize	8	static
../Core/Src/sqlite3.c:31099:16:sqlite3_str_errcode	0	static
../Core/Src/sqlite3.c:31104:16:sqlite3_str_length	0	static
../Core/Src/sqlite3.c:31109:18:sqlite3_str_value	0	static
../Core/Src/sqlite3.c:33252:20:sqlite3Utf8Read	0	static
../Core/Src/sqlite3.c:33908:21:sqlite3Dequote	8	static
../Core/Src/sqlite3.c:34373:20:sqlite3Atoi64	56	static
../Core/Src/sqlite3.c:34506:20:sqlite3GetInt32	16	static
../Core/Src/sqlite3.c:34618:28:putVarint64	24	static
../Core/Src/sqlite3.c:34672:19:sqlite3GetVarint	12	static
../Core/Src/sqlite3.c:35631:18:findElementWithHash	24	static
../Core/Src/sqlite3.c:51631:12:memdbTruncate	4	static
../Core/Src/sqlite3.c:51648:12:memdbSync	0	static
../Core/Src/sqlite3.c:51657:12:memdbFileSize	0	static
../Core/Src/sqlite3.c:51668:12:memdbLock	4	static
../Core/Src/sqlite3.c:51726:12:memdbUnlock	0	static
../Core/Src/sqlite3.c:51801:12:memdbDeviceCharacteristics	0	static
../Core/Src/sqlite3.c:51810:12:memdbFetch	4	static
../Core/Src/sqlite3.c:51829:12:memdbUnfetch	0	static
../Core/Src/sqlite3.c:51939:12:memdbAccess	0	static
../Core/Src/sqlite3.c:51971:14:memdbDlOpen	0	static
../Core/Src/sqlite3.c:51980:13:memdbDlError	0	static
../Core/Src/sqlite3.c:51987:15:memdbDlSym	0	static
../Core/Src/sqlite3.c:51994:13:memdbDlClose	0	static
../Core/Src/sqlite3.c:52002:12:memdbRandomness	0	static
../Core/Src/sqlite3.c:52010:12:memdbSleep	0	static
../Core/Src/sqlite3.c:52023:12:memdbGetLastError	0	static
../Core/Src/sqlite3.c:52026:12:memdbCurrentTimeInt64	0	static
../Core/Src/sqlite3.c:52361:20:sqlite3BitvecTestNotNull	4	static
../Core/Src/sqlite3.c:52827:13:pcacheManageDirtyList	4	static
../Core/Src/sqlite3.c:53182:37:sqlite3PcacheRelease	4	static
../Core/Src/sqlite3.c:54426:12:pcache1Pagecount	0	static
../Core/Src/sqlite3.c:54683:13:pcache1Rekey	8	static
../Core/Src/sqlite3.c:58743:12:pagerPagecount	24	static
../Core/Src/sqlite3.c:60542:26:sqlite3_database_file_object	0	static
../Core/Src/sqlite3.c:61155:12:getPageError	0	static
../Core/Src/sqlite3.c:63975:13:walChecksumBytes	28	static
../Core/Src/sqlite3.c:69786:12:cellSizePtr	12	static
../Core/Src/sqlite3.c:69827:12:cellSizePtrNoPayload	0	static
../Core/Src/sqlite3.c:69848:12:cellSizePtrTableLeaf	8	static
../Core/Src/sqlite3.c:70661:12:btreeGetPage	32	static
../Core/Src/sqlite3.c:70860:12:btreeInvokeBusyHandler	8	static
../Core/Src/sqlite3.c:75712:28:computeCellSize	16	static
../Core/Src/sqlite3.c:80256:16:sqlite3_backup_remaining	0	static
../Core/Src/sqlite3.c:80270:16:sqlite3_backup_pagecount	0	static
../Core/Src/sqlite3.c:80983:28:doubleToInt64	8	static
../Core/Src/sqlite3.c:81019:28:memIntValue	16	static
../Core/Src/sqlite3.c:81340:21:sqlite3NoopDestructor	0	static
../Core/Src/sqlite3.c:84540:21:sqlite3VdbeFrameMemDel	0	static
../Core/Src/sqlite3.c:87807:16:sqlite3_expired	0	static
../Core/Src/sqlite3.c:87981:25:sqlite3_value_subtype	0	static
../Core/Src/sqlite3.c:88016:16:sqlite3_value_type	0	static
../Core/Src/sqlite3.c:88100:16:sqlite3_value_encoding	0	static
../Core/Src/sqlite3.c:88105:16:sqlite3_value_nochange	0	static
../Core/Src/sqlite3.c:88110:16:sqlite3_value_frombind	0	static
../Core/Src/sqlite3.c:88263:17:sqlite3_result_subtype	0	static
../Core/Src/sqlite3.c:88624:18:sqlite3_user_data	0	static
../Core/Src/sqlite3.c:88639:21:sqlite3_context_db_handle	0	static
../Core/Src/sqlite3.c:88658:16:sqlite3_vtab_nochange	0	static
../Core/Src/sqlite3.c:88815:18:sqlite3_get_auxdata	4	static
../Core/Src/sqlite3.c:88896:16:sqlite3_aggregate_count	0	static
../Core/Src/sqlite3.c:88905:16:sqlite3_column_count	0	static
../Core/Src/sqlite3.c:88914:16:sqlite3_data_count	0	static
../Core/Src/sqlite3.c:89490:16:sqlite3_bind_parameter_count	0	static
../Core/Src/sqlite3.c:89501:24:sqlite3_bind_parameter_name	8	static
../Core/Src/sqlite3.c:89574:21:sqlite3_db_handle	0	static
../Core/Src/sqlite3.c:89582:16:sqlite3_stmt_readonly	0	static
../Core/Src/sqlite3.c:89590:16:sqlite3_stmt_isexplain	0	static
../Core/Src/sqlite3.c:89597:16:sqlite3_stmt_busy	0	static
../Core/Src/sqlite3.c:89608:26:sqlite3_next_stmt	0	static
../Core/Src/sqlite3.c:89661:24:sqlite3_sql	0	static
../Core/Src/sqlite3.c:99628:16:sqlite3_blob_bytes	0	static
../Core/Src/sqlite3.c:103187:12:memjrnlFileSize	0	static
../Core/Src/sqlite3.c:103439:21:sqlite3WalkWinDefnDummyCallback	0	static
../Core/Src/sqlite3.c:103545:20:sqlite3WalkerDepthIncrease	0	static
../Core/Src/sqlite3.c:103550:21:sqlite3WalkerDepthDecrease	0	static
../Core/Src/sqlite3.c:103565:20:sqlite3ExprWalkNoop	0	static
../Core/Src/sqlite3.c:103615:12:incrAggDepth	0	static
../Core/Src/sqlite3.c:107383:12:gatherSelectWindowsSelectCallback	0	static
../Core/Src/sqlite3.c:107891:20:sqlite3SelectWalkFail	0	static
../Core/Src/sqlite3.c:108312:20:sqlite3ExprCanBeNull	0	static
../Core/Src/sqlite3.c:111927:13:selectRefLeave	0	static
../Core/Src/sqlite3.c:119175:21:sqlite3AffinityType	48	static
../Core/Src/sqlite3.c:105788:21:sqlite3ExprAffinity	0	static
../Core/Src/sqlite3.c:119787:12:isDupColumn	32	static
../Core/Src/sqlite3.c:128104:12:fkParentIsModified	48	static
../Core/Src/sqlite3.c:133589:16:sqlite3_cancel_auto_extension	16	static
../Core/Src/sqlite3.c:137155:12:pragmaVtabEof	0	static
../Core/Src/sqlite3.c:137181:12:pragmaVtabRowid	0	static
../Core/Src/sqlite3.c:138753:13:unsetJoinExpr	24	static
../Core/Src/sqlite3.c:142325:13:srclistRenumberCursors	32	static
../Core/Src/sqlite3.c:144035:21:sqlite3SelectPopWith	0	static
../Core/Src/sqlite3.c:144724:12:aggregateIdxEprRefToColCallback	0	static
../Core/Src/sqlite3.c:151595:16:sqlite3_vtab_on_conflict	0	static
../Core/Src/sqlite3.c:152664:13:disableTerm	12	static
../Core/Src/sqlite3.c:159349:12:whereLoopCheaperProperSubset	20	static
../Core/Src/sqlite3.c:159428:20:whereLoopFindLesser	24	static
../Core/Src/sqlite3.c:161011:16:sqlite3_vtab_in	4	static
../Core/Src/sqlite3.c:161064:16:sqlite3_vtab_distinct	0	static
../Core/Src/sqlite3.c:162574:29:whereCheckIfBloomFilterIsUseful	16	static
../Core/Src/sqlite3.c:164308:13:noopStepFunc	0	static
../Core/Src/sqlite3.c:172734:16:sqlite3_keyword_name	4	static
../Core/Src/sqlite3.c:172740:16:sqlite3_keyword_count	0	static
../Core/Src/sqlite3.c:173875:12:sqlite3TestExtInit	0	static
../Core/Src/sqlite3.c:173949:24:sqlite3_libversion	0	static
../Core/Src/sqlite3.c:173962:16:sqlite3_libversion_number	0	static
../Core/Src/sqlite3.c:173968:16:sqlite3_threadsafe	0	static
../Core/Src/sqlite3.c:174689:27:sqlite3_db_mutex	0	static
../Core/Src/sqlite3.c:174703:16:sqlite3_db_release_memory	16	static
../Core/Src/sqlite3.c:174902:25:sqlite3_last_insert_rowid	0	static
../Core/Src/sqlite3.c:174915:17:sqlite3_set_last_insert_rowid	0	static
../Core/Src/sqlite3.c:174930:26:sqlite3_changes64	0	static
../Core/Src/sqlite3.c:174939:16:sqlite3_changes	0	static
../Core/Src/sqlite3.c:174946:26:sqlite3_total_changes64	0	static
../Core/Src/sqlite3.c:174955:16:sqlite3_total_changes	0	static
../Core/Src/sqlite3.c:175567:16:sqlite3_busy_handler	4	static
../Core/Src/sqlite3.c:175590:17:sqlite3_progress_handler	0	static
../Core/Src/sqlite3.c:175996:18:sqlite3_trace	0	static
../Core/Src/sqlite3.c:176017:16:sqlite3_trace_v2	0	static
../Core/Src/sqlite3.c:176047:18:sqlite3_profile	0	static
../Core/Src/sqlite3.c:176077:18:sqlite3_commit_hook	0	static
../Core/Src/sqlite3.c:176102:18:sqlite3_update_hook	0	static
../Core/Src/sqlite3.c:176127:18:sqlite3_rollback_hook	0	static
../Core/Src/sqlite3.c:176173:16:sqlite3_autovacuum_pages	24	static
../Core/Src/sqlite3.c:176230:16:sqlite3_wal_autocheckpoint	0	static
../Core/Src/sqlite3.c:176251:18:sqlite3_wal_hook	0	static
../Core/Src/sqlite3.c:176537:16:sqlite3_system_errno	0	static
../Core/Src/sqlite3.c:176694:16:sqlite3_limit	4	static
../Core/Src/sqlite3.c:177502:16:sqlite3_collation_needed	4	static
../Core/Src/sqlite3.c:177523:16:sqlite3_collation_needed16	4	static
../Core/Src/sqlite3.c:177556:16:sqlite3_get_autocommit	0	static
../Core/Src/sqlite3.c:177621:17:sqlite3_thread_cleanup	0	static
../Core/Src/sqlite3.c:177763:16:sqlite3_extended_result_codes	0	static
../Core/Src/sqlite3.c:178520:24:sqlite3_db_name	0	static
../Core/Src/sqlite3.c:178740:24:sqlite3_compileoption_get	0	static
../Core/Src/sqlite3.c:199612:13:jsonParseFillInParentage	24	static
../Core/Src/sqlite3.c:200883:12:jsonEachEof	0	static
../Core/Src/sqlite3.c:200889:12:jsonEachNext	4	static
../Core/Src/sqlite3.c:201087:12:jsonEachRowid	0	static
../Core/Src/sqlite3.c:201098:12:jsonEachBestIndex	32	static
../Core/Src/sqlite3.c:245105:24:sqlite3_sourceid	0	static
../Core/Src/sqlite3.c:175638:17:sqlite3_interrupt	0	static
../Core/Src/sqlite3.c:53414:15:pcacheSortDirtyList	192	static
../Core/Src/sqlite3.c:58121:12:pager_truncate	56	static
../Core/Src/sqlite3.c:54320:13:pcache1Shutdown	0	static
../Core/Src/sqlite3.c:54267:12:pcache1Init	8	static
../Core/Src/sqlite3.c:51552:12:memdbRead	24	static
../Core/Src/sqlite3.c:102963:12:memjrnlRead	40	static
../Core/Src/sqlite3.c:64890:13:walMerge	48	static
../Core/Src/sqlite3.c:52471:21:sqlite3BitvecClear	24	static
../Core/Src/sqlite3.c:86351:13:serialGet	16	static
../Core/Src/sqlite3.c:86386:21:sqlite3VdbeSerialGet	4	static
../Core/Src/sqlite3.c:101152:13:vdbePmaWriteBlob	40	static
../Core/Src/sqlite3.c:87985:18:sqlite3_value_pointer	8	static
../Core/Src/sqlite3.c:23614:12:getDigits	36	static
../Core/Src/sqlite3.c:23704:12:parseHhMmSs	48	static
../Core/Src/sqlite3.c:32795:17:sqlite3_randomness	16	static
../Core/Src/sqlite3.c:73162:29:getCellInfo	8	static
../Core/Src/sqlite3.c:56957:12:writeJournalHdr	40	static
../Core/Src/sqlite3.c:56818:12:readSuperJournal	48	static
../Core/Src/sqlite3.c:86759:36:sqlite3BlobCompare	16	static
../Core/Src/sqlite3.c:174833:12:binCollFunc	16	static
../Core/Src/sqlite3.c:174856:12:rtrimCollFunc	16	static
../Core/Src/sqlite3.c:175654:16:sqlite3_is_interrupted	0	static
../Core/Src/sqlite3.c:119749:13:estimateIndexWidth	8	static
../Core/Src/sqlite3.c:25628:13:sqlite3MemFree	0	static
../Core/Src/sqlite3.c:27402:12:memsys5Roundup	0	static
../Core/Src/sqlite3.c:29435:17:sqlite3_free	16	static
../Core/Src/sqlite3.c:33980:16:sqlite3_stricmp.part.0	4	static
../Core/Src/sqlite3.c:34007:16:sqlite3_strnicmp.part.0	16	static
../Core/Src/sqlite3.c:34104:20:sqlite3AtoF.part.0	72	static
../Core/Src/sqlite3.c:81048:31:memRealValue	16	static
../Core/Src/sqlite3.c:35208:23:sqlite3LogEstAdd	0	static
../Core/Src/sqlite3.c:52991:20:sqlite3PcacheSetPageSize.part.0	24	static
../Core/Src/sqlite3.c:56680:12:pagerLockDb.part.0	16	static
../Core/Src/sqlite3.c:61215:21:sqlite3PagerUnrefNotNull	0	static
../Core/Src/sqlite3.c:81024:20:sqlite3VdbeIntValue	0	static
../Core/Src/sqlite3.c:81054:23:sqlite3VdbeRealValue	8	static
../Core/Src/sqlite3.c:107905:20:sqlite3IsTrueOrFalse	8	static
../Core/Src/sqlite3.c:107917:20:sqlite3ExprIdToTrueFalse	16	static
../Core/Src/sqlite3.c:108385:20:sqlite3IsRowid	8	static
../Core/Src/sqlite3.c:111944:12:exprRefToSrcList	16	static
../Core/Src/sqlite3.c:112328:21:sqlite3ReleaseTempReg.part.0	0	static
../Core/Src/sqlite3.c:112340:20:sqlite3GetTempRange	0	static
../Core/Src/sqlite3.c:111851:12:exprIdxCover	4	static
../Core/Src/sqlite3.c:118680:20:sqlite3TableColumnToStorage.part.0	8	static
../Core/Src/sqlite3.c:134553:13:setAllPagerFlags.part.0	28	static
../Core/Src/sqlite3.c:137020:12:pragmaVtabBestIndex	24	static
../Core/Src/sqlite3.c:137781:20:sqlite3SchemaToIndex.part.0	0	static
../Core/Src/sqlite3.c:172563:12:keywordCode.part.0	48	static
../Core/Src/sqlite3.c:119609:13:identPut	32	static
../Core/Src/sqlite3.c:172741:16:sqlite3_keyword_check	16	static
../Core/Src/sqlite3.c:172871:20:sqlite3GetToken	16	static
../Core/Src/sqlite3.c:175499:12:sqliteDefaultBusyCallback	8	static
../Core/Src/sqlite3.c:178484:24:sqlite3_filename_database	0	static
../Core/Src/sqlite3.c:29340:22:sqlite3Malloc	24	static
../Core/Src/sqlite3.c:29547:22:sqlite3Realloc.part.0	32	static
../Core/Src/sqlite3.c:23923:13:computeYMD.part.0	16	static
../Core/Src/sqlite3.c:23755:13:computeJD.part.0	32	static
../Core/Src/sqlite3.c:34476:20:sqlite3DecOrHexToI64	24	static
../Core/Src/sqlite3.c:178429:24:sqlite3_uri_parameter.part.0	16	static
../Core/Src/sqlite3.c:178429:24:sqlite3_uri_parameter	0	static
../Core/Src/sqlite3.c:178461:26:sqlite3_uri_int64	24	static
../Core/Src/sqlite3.c:178438:24:sqlite3_uri_key	16	static
../Core/Src/sqlite3.c:178488:24:sqlite3_filename_journal.part.0	8	static
../Core/Src/sqlite3.c:178488:24:sqlite3_filename_journal	0	static
../Core/Src/sqlite3.c:178498:24:sqlite3_filename_wal	8	static
../Core/Src/sqlite3.c:103574:20:sqlite3SelectWalkNoop	0	static
../Core/Src/sqlite3.c:122617:21:sqlite3SrcListShiftJoinType.constprop	8	static
../Core/Src/sqlite3.c:103179:12:memjrnlSync	0	static
../Core/Src/sqlite3.c:164318:13:noopValueFunc	0	static
../Core/Src/sqlite3.c:35631:18:findElementWithHash.constprop	20	static
../Core/Src/sqlite3.c:105183:12:resolveRemoveWindowsCb	0	static
../Core/Src/sqlite3.c:164671:12:sqlite3WindowExtraAggFuncDepth	0	static
../Core/Src/sqlite3.c:162421:12:exprNodeIsDeterministic	0	static
../Core/Src/sqlite3.c:142363:12:renumberCursorsCb	4	static
../Core/Src/sqlite3.c:130217:12:checkConstraintExprNode	0	static
../Core/Src/sqlite3.c:129019:12:exprColumnFlagUnion	0	static
../Core/Src/sqlite3.c:157168:12:whereOrInsert.isra	56	static
../Core/Src/sqlite3.c:146781:25:sqlite3TriggerList.isra	28	static
../Core/Src/sqlite3.c:81177:20:sqlite3VdbeMemNumerify.isra	48	static
../Core/Src/sqlite3.c:74179:12:indexCellCompare.isra	8	static
../Core/Src/sqlite3.c:72429:13:finalDbSize.isra	12	static
../Core/Src/sqlite3.c:71339:20:sqlite3BtreeSetCacheSize.isra	16	static
../Core/Src/sqlite3.c:69566:29:btreeParseCellAdjustSizeForOverflow.isra	12	static
../Core/Src/sqlite3.c:69728:13:btreeParseCellPtrIndex	24	static
../Core/Src/sqlite3.c:69646:13:btreeParseCellPtr	24	static
../Core/Src/sqlite3.c:58990:20:sqlite3PagerSetSpillsize.isra	16	static
../Core/Src/sqlite3.c:25732:13:sqlite3MemShutdown	0	static
../Core/Src/sqlite3.c:175621:16:sqlite3_busy_timeout	0	static
../Core/Src/sqlite3.c:107956:22:sqlite3ExprSimplifiedAndOr.part.0	16	static
../Core/Src/sqlite3.c:101079:12:vdbeSorterSort.part.0	328	static
../Core/Src/sqlite3.c:106563:13:heightOfSelect	16	static
../Core/Src/sqlite3.c:27271:13:memsys5FreeUnsafe	36	static
../Core/Src/sqlite3.c:27353:13:memsys5Free	0	static
../Core/Src/sqlite3.c:118060:23:sqlite3FindIndex	40	static
../Core/Src/sqlite3.c:55129:28:rowSetEntrySort	208	static
../Core/Src/sqlite3.c:107214:12:dupedExprSize	24	static
../Core/Src/sqlite3.c:138624:20:sqlite3ColumnIndex.isra	24	static
../Core/Src/sqlite3.c:65566:27:walIndexTryHdr	120	static
../Core/Src/sqlite3.c:27440:12:memsys5Init	32	static
../Core/Src/sqlite3.c:52400:20:sqlite3BitvecSet	40	static
../Core/Src/sqlite3.c:87840:29:invokeProfileCallback	32	static
../Core/Src/sqlite3.c:89516:16:sqlite3_bind_parameter_index	32	static
../Core/Src/sqlite3.c:55158:13:rowSetTreeToList	56	static
../Core/Src/sqlite3.c:29898:21:sqlite3OomClear	0	static
../Core/Src/sqlite3.c:53133:31:pcacheFetchFinishWithInit	32	static
../Core/Src/sqlite3.c:176546:24:sqlite3_errstr	0	static
../Core/Src/sqlite3.c:61422:28:pagerAddPageToRollbackJournal	48	static
../Core/Src/sqlite3.c:107997:12:exprNodeIsConstant	24	static
../Core/Src/sqlite3.c:142287:12:recomputeColumnsUsedExpr	4	static
../Core/Src/sqlite3.c:112354:21:sqlite3ReleaseTempRange.part.0	0	static
../Core/Src/sqlite3.c:103167:12:memjrnlClose	24	static
../Core/Src/sqlite3.c:66366:21:sqlite3WalEndReadTransaction	16	static
../Core/Src/sqlite3.c:100854:21:vdbeMergeEngineNew	24	static
../Core/Src/sqlite3.c:90609:13:applyNumericAffinity	56	static
../Core/Src/sqlite3.c:53244:21:sqlite3PcacheMakeClean	4	static
../Core/Src/sqlite3.c:53327:21:sqlite3PcacheTruncate	24	static
../Core/Src/sqlite3.c:65235:13:walRestartHdr	24	static
../Core/Src/sqlite3.c:152739:13:updateRangeAffinityStr	32	static
../Core/Src/sqlite3.c:66751:12:walWriteToLog	40	static
../Core/Src/sqlite3.c:134623:26:pragmaLocate	20	static
../Core/Src/sqlite3.c:60030:12:subjournalPageIfRequired	48	static
../Core/Src/sqlite3.c:64692:13:walIndexClose	40	static
../Core/Src/sqlite3.c:53210:21:sqlite3PcacheDrop	8	static
../Core/Src/sqlite3.c:87972:19:sqlite3_value_double	8	static
../Core/Src/sqlite3.c:54216:13:pcache1TruncateUnsafe	48	static
../Core/Src/sqlite3.c:54726:13:pcache1Truncate	16	static
../Core/Src/sqlite3.c:138753:13:unsetJoinExpr.constprop	56	static
../Core/Src/sqlite3.c:137007:12:pragmaVtabDisconnect	16	static
../Core/Src/sqlite3.c:88670:21:sqlite3VdbeValueListFree	16	static
../Core/Src/sqlite3.c:200832:12:jsonEachDisconnect	16	static
../Core/Src/sqlite3.c:118462:20:sqlite3FindDbName	16	static
../Core/Src/sqlite3.c:175097:16:sqlite3_txn_state	8	static
../Core/Src/sqlite3.c:178554:16:sqlite3_db_readonly	8	static
../Core/Src/sqlite3.c:178538:24:sqlite3_db_filename	8	static
../Core/Src/sqlite3.c:25197:21:sqlite3OsCloseFree	16	static
../Core/Src/sqlite3.c:145188:12:sameSrcAlias	24	static
../Core/Src/sqlite3.c:53295:21:sqlite3PcacheMove	24	static
../Core/Src/sqlite3.c:33980:16:sqlite3_stricmp	0	static
../Core/Src/sqlite3.c:55193:28:rowSetNDeepTree	40	static
../Core/Src/sqlite3.c:178707:16:sqlite3_compileoption_used	32	static
../Core/Src/sqlite3.c:87975:16:sqlite3_value_int	8	static
../Core/Src/sqlite3.c:87978:25:sqlite3_value_int64	0	static
../Core/Src/sqlite3.c:199993:13:jsonRemoveAllNulls	160	static
../Core/Src/sqlite3.c:122418:21:sqlite3SrcListAssignCursors	120	static
../Core/Src/sqlite3.c:23971:13:computeYMD_HMS	16	static
../Core/Src/sqlite3.c:134384:11:getSafetyLevel	56	static
../Core/Src/sqlite3.c:178452:16:sqlite3_uri_boolean	8	static
../Core/Src/sqlite3.c:71225:28:allocateTempSpace	16	static
../Core/Src/sqlite3.c:145048:17:isSelfJoinView	48	static
../Core/Src/sqlite3.c:90939:12:filterHash.isra	24	static
../Core/Src/sqlite3.c:103788:28:isValidSchemaTableName	24	static
../Core/Src/sqlite3.c:81075:20:sqlite3VdbeBooleanValue	8	static
../Core/Src/sqlite3.c:34007:16:sqlite3_strnicmp	16	static
../Core/Src/sqlite3.c:138718:21:sqlite3SetJoinExpr	72	static
../Core/Src/sqlite3.c:174885:12:nocaseCollatingFunc	24	static
../Core/Src/sqlite3.c:29547:22:sqlite3Realloc	32	static
../Core/Src/sqlite3.c:51594:12:memdbWrite	48	static
../Core/Src/sqlite3.c:63878:28:walIndexPageRealloc	32	static
../Core/Src/sqlite3.c:64318:13:walCleanupHash	32	static
../Core/Src/sqlite3.c:100163:12:vdbePmaReadBlob.part.0	56	static
../Core/Src/sqlite3.c:100257:12:vdbePmaReadVarint.part.0	80	static
../Core/Src/sqlite3.c:51842:12:memdbOpen	40	static
../Core/Src/sqlite3.c:62343:28:pagerOpenSavepoint	40	static
../Core/Src/sqlite3.c:178411:17:sqlite3_free_filename	16	static
../Core/Src/sqlite3.c:103137:12:memjrnlTruncate	40	static
../Core/Src/sqlite3.c:35519:21:sqlite3HashClear	24	static
../Core/Src/sqlite3.c:35667:13:removeElementGivenHash	16	static
../Core/Src/sqlite3.c:35722:22:sqlite3HashInsert	48	static
../Core/Src/sqlite3.c:101185:12:vdbePmaWriterFinish	32	static
../Core/Src/sqlite3.c:59734:12:syncJournal	80	static
../Core/Src/sqlite3.c:199037:13:jsonParseFree	16	static
../Core/Src/sqlite3.c:157754:12:termCanDriveIndex	16	static
../Core/Src/sqlite3.c:53952:13:pcache1Free	16	static
../Core/Src/sqlite3.c:54648:13:pcache1Unpin	8	static
../Core/Src/sqlite3.c:29463:21:sqlite3DbFreeNN	16	static
../Core/Src/sqlite3.c:80919:29:vdbeMemClearExternAndSetNull	88	static
../Core/Src/sqlite3.c:33751:30:sqlite3ErrorFinish	16	static
../Core/Src/sqlite3.c:29910:28:apiHandleError	8	static
../Core/Src/sqlite3.c:81320:29:vdbeReleaseAndSetInt64	16	static
../Core/Src/sqlite3.c:88239:17:sqlite3_result_int	0	static
../Core/Src/sqlite3.c:88243:17:sqlite3_result_int64	4	static
../Core/Src/sqlite3.c:124879:13:subtypeFunc	0	static
../Core/Src/sqlite3.c:125345:13:last_insert_rowid	0	static
../Core/Src/sqlite3.c:125365:13:changes	0	static
../Core/Src/sqlite3.c:125379:13:total_changes	0	static
../Core/Src/sqlite3.c:125295:13:randomFunc	32	static
../Core/Src/sqlite3.c:127075:13:signFunc	24	static
../Core/Src/sqlite3.c:88247:17:sqlite3_result_null	0	static
../Core/Src/sqlite3.c:90916:29:out2PrereleaseWithClear	8	static
../Core/Src/sqlite3.c:81467:29:vdbeClrCopy	24	static
../Core/Src/sqlite3.c:81472:21:sqlite3VdbeMemShallowCopy	8	static
../Core/Src/sqlite3.c:88772:30:createAggContext.constprop	8	static
../Core/Src/sqlite3.c:126534:13:countFinalize	8	static
../Core/Src/sqlite3.c:200668:13:jsonGroupInverse	24	static
../Core/Src/sqlite3.c:33751:30:sqlite3ErrorFinish.constprop	0	static
../Core/Src/sqlite3.c:33751:30:sqlite3ErrorFinish.constprop	0	static
../Core/Src/sqlite3.c:89074:16:sqlite3_column_type	16	static
../Core/Src/sqlite3.c:89048:25:sqlite3_column_int64	16	static
../Core/Src/sqlite3.c:89043:16:sqlite3_column_int	16	static
../Core/Src/sqlite3.c:89038:19:sqlite3_column_double	16	static
../Core/Src/sqlite3.c:89058:27:sqlite3_column_value	16	static
../Core/Src/sqlite3.c:88223:17:sqlite3_result_double	16	static
../Core/Src/sqlite3.c:126496:13:totalFinalize	32	static
../Core/Src/sqlite3.c:164136:13:cume_distValueFunc	24	static
../Core/Src/sqlite3.c:126489:13:avgFinalize	16	static
../Core/Src/sqlite3.c:146715:17:sqlite3_free_table	32	static
../Core/Src/sqlite3.c:90692:16:sqlite3_value_numeric_type	56	static
../Core/Src/sqlite3.c:54107:13:pcache1ResizeHash	24	static
../Core/Src/sqlite3.c:200861:13:jsonEachCursorReset	16	static
../Core/Src/sqlite3.c:100877:13:vdbeMergeEngineFree	32	static
../Core/Src/sqlite3.c:200874:12:jsonEachClose	16	static
../Core/Src/sqlite3.c:29502:21:sqlite3DbNNFreeNN	16	static
../Core/Src/sqlite3.c:100908:21:sqlite3VdbeSorterReset	40	static
../Core/Src/sqlite3.c:83682:29:freeP4Mem	16	static
../Core/Src/sqlite3.c:29539:21:sqlite3DbFree	16	static
../Core/Src/sqlite3.c:55025:21:sqlite3RowSetDelete	24	static
../Core/Src/sqlite3.c:151254:13:callFinaliser	56	static
../Core/Src/sqlite3.c:118133:21:sqlite3CollapseDatabaseArray	48	static
../Core/Src/sqlite3.c:140180:20:columnTypeImpl	104	static
../Core/Src/sqlite3.c:140180:20:columnTypeImpl.part.0.isra	88	static
../Core/Src/sqlite3.c:117875:23:sqlite3FindTable	32	static
../Core/Src/sqlite3.c:150510:21:sqlite3VtabUnlock	24	static
../Core/Src/sqlite3.c:151386:20:sqlite3VtabSavepoint.part.0	32	static
../Core/Src/sqlite3.c:69629:13:btreeParseCellPtrNoPayload	12	static
../Core/Src/sqlite3.c:122228:21:sqlite3IdListDelete.part.0	32	static
../Core/Src/sqlite3.c:80942:29:vdbeMemClear	16	static
../Core/Src/sqlite3.c:82361:21:sqlite3ValueFree	16	static
../Core/Src/sqlite3.c:87928:16:sqlite3_clear_bindings	24	static
../Core/Src/sqlite3.c:88251:17:sqlite3_result_pointer	24	static
../Core/Src/sqlite3.c:89550:16:sqlite3_transfer_bindings	40	static
../Core/Src/sqlite3.c:88142:17:sqlite3_value_free	16	static
../Core/Src/sqlite3.c:100982:12:vdbeSorterOpenTempFile.constprop	48	static
../Core/Src/sqlite3.c:52508:21:sqlite3BitvecDestroy	128	static
../Core/Src/sqlite3.c:61479:12:pager_write	48	static
../Core/Src/sqlite3.c:61571:28:pagerWriteLargeSector	56	static
../Core/Src/sqlite3.c:61665:20:sqlite3PagerWrite	4	static
../Core/Src/sqlite3.c:79854:12:backupOnePage	80	static
../Core/Src/sqlite3.c:80292:29:backupUpdate	16	static
../Core/Src/sqlite3.c:59877:12:pager_write_pagelist	48	static
../Core/Src/sqlite3.c:57286:13:releaseAllSavepoints	32	static
../Core/Src/sqlite3.c:57337:13:pager_unlock	16	static
../Core/Src/sqlite3.c:57528:12:pager_end_transaction	48	static
../Core/Src/sqlite3.c:84473:13:releaseMemArray.part.0	40	static
../Core/Src/sqlite3.c:31118:17:sqlite3_str_reset	16	static
../Core/Src/sqlite3.c:86512:21:sqlite3VdbeRecordUnpack	64	static
../Core/Src/sqlite3.c:108266:20:sqlite3ExprIsInteger	16	static
../Core/Src/sqlite3.c:159653:13:whereLoopOutputAdjust	56	static
../Core/Src/sqlite3.c:145085:13:agginfoFree	24	static
../Core/Src/sqlite3.c:54191:13:pcache1EnforceMaxPage	32	static
../Core/Src/sqlite3.c:54384:13:pcache1Cachesize	12	static
../Core/Src/sqlite3.c:54409:13:pcache1Shrink	16	static
../Core/Src/sqlite3.c:54741:13:pcache1Destroy	16	static
../Core/Src/sqlite3.c:54334:24:pcache1Create	40	static
../Core/Src/sqlite3.c:173558:16:sqlite3_complete	28	static
../Core/Src/sqlite3.c:83214:13:resolveP2Values	24	static
../Core/Src/sqlite3.c:156845:32:sqlite3WhereExprUsageFull	48	static
../Core/Src/sqlite3.c:162495:32:whereOmitNoopJoin.constprop	48	static
../Core/Src/sqlite3.c:156031:16:exprSelectUsage	56	static
../Core/Src/sqlite3.c:100354:12:vdbePmaReaderNext	120	static
../Core/Src/sqlite3.c:101289:12:vdbeMergeEngineStep	64	static
../Core/Src/sqlite3.c:101985:12:vdbeMergeEngineLevel0.constprop	104	static
../Core/Src/sqlite3.c:101791:12:vdbeMergeEngineInit.constprop	72	static
../Core/Src/sqlite3.c:103384:28:walkExpr	24	static
../Core/Src/sqlite3.c:103424:20:sqlite3WalkExprList	16	static
../Core/Src/sqlite3.c:111704:12:impliesNotNullRow	16	static
../Core/Src/sqlite3.c:111813:20:sqlite3ExprImpliesNonNullRow	48	static
../Core/Src/sqlite3.c:144654:13:analyzeAggFuncArgs	80	static
../Core/Src/sqlite3.c:103345:12:walkWindowList	24	static
../Core/Src/sqlite3.c:103522:20:sqlite3WalkSelect.part.0	40	static
../Core/Src/sqlite3.c:144596:21:sqlite3SelectPrep	56	static
../Core/Src/sqlite3.c:164569:12:selectWindowRewriteSelectCb	16	static
../Core/Src/sqlite3.c:160397:28:whereIsCoveringIndex.isra	56	static
../Core/Src/sqlite3.c:120086:20:sqlite3ShadowTableName	40	static
../Core/Src/sqlite3.c:53914:14:pcache1Alloc	24	static
../Core/Src/sqlite3.c:54444:32:pcache1FetchStage2	32	static
../Core/Src/sqlite3.c:54617:29:pcache1Fetch	4	static
../Core/Src/sqlite3.c:59218:20:sqlite3PagerSetPagesize	40	static
../Core/Src/sqlite3.c:57075:12:readJournalHdr	56	static
../Core/Src/sqlite3.c:177776:16:sqlite3_file_control	24	static
../Core/Src/sqlite3.c:71425:20:sqlite3BtreeSetPageSize.constprop.isra	40	static
../Core/Src/sqlite3.c:174588:12:setupLookaside	32	static
../Core/Src/sqlite3.c:174756:16:sqlite3_db_config	20	static
../Core/Src/sqlite3.c:63003:12:pagerOpenWal	64	static
../Core/Src/sqlite3.c:63048:20:sqlite3PagerOpenWal	16	static
../Core/Src/sqlite3.c:77329:12:btreeOverwriteContent	40	static
../Core/Src/sqlite3.c:51510:12:memdbClose	24	static
../Core/Src/sqlite3.c:34833:19:sqlite3GetVarint32	12	static
../Core/Src/sqlite3.c:105845:20:sqlite3ExprDataType	56	static
../Core/Src/sqlite3.c:125467:12:patternCompare	72	static
../Core/Src/sqlite3.c:125600:16:sqlite3_strglob	0	static
../Core/Src/sqlite3.c:125614:16:sqlite3_strlike	4	static
../Core/Src/sqlite3.c:107035:29:sqlite3ExprDeleteNN	16	static
../Core/Src/sqlite3.c:107073:21:sqlite3ExprDelete	0	static
../Core/Src/sqlite3.c:107852:29:exprListDeleteNN	32	static
../Core/Src/sqlite3.c:107864:21:sqlite3ExprListDelete	0	static
../Core/Src/sqlite3.c:118294:21:sqlite3DeleteColumnNames	32	static
../Core/Src/sqlite3.c:137811:21:sqlite3ParseObjectReset	24	static
../Core/Src/sqlite3.c:118942:13:sqlite3DeleteReturning	32	static
../Core/Src/sqlite3.c:164872:21:sqlite3WindowDelete	16	static
../Core/Src/sqlite3.c:149593:29:upsertDelete	32	static
../Core/Src/sqlite3.c:118080:21:sqlite3FreeIndex	24	static
../Core/Src/sqlite3.c:162613:13:whereIndexedExprCleanup	24	static
../Core/Src/sqlite3.c:156780:21:sqlite3WhereClauseClear	32	static
../Core/Src/sqlite3.c:167033:15:binaryToUnaryIfNull.isra	16	static
../Core/Src/sqlite3.c:118333:29:deleteTable	48	static
../Core/Src/sqlite3.c:118391:21:sqlite3DeleteTable	0	static
../Core/Src/sqlite3.c:122436:21:sqlite3SrcListDelete	48	static
../Core/Src/sqlite3.c:138389:13:clearSelect	48	static
../Core/Src/sqlite3.c:138491:21:sqlite3SelectDelete	0	static
../Core/Src/sqlite3.c:127967:13:fkTriggerDelete	16	static
../Core/Src/sqlite3.c:123202:21:sqlite3WithDelete	32	static
../Core/Src/sqlite3.c:146750:21:sqlite3DeleteTriggerStep	40	static
../Core/Src/sqlite3.c:147330:21:sqlite3DeleteTrigger.part.0	32	static
../Core/Src/sqlite3.c:123702:21:sqlite3SchemaClear	576	static
../Core/Src/sqlite3.c:118184:21:sqlite3ResetAllSchemasOfConnection	40	static
../Core/Src/sqlite3.c:169107:13:yy_destructor.isra	32	static
../Core/Src/sqlite3.c:83686:29:freeP4FuncCtx	24	static
../Core/Src/sqlite3.c:83691:13:freeP4	0	static
../Core/Src/sqlite3.c:83776:20:sqlite3VdbeChangeToNoop.isra	16	static
../Core/Src/sqlite3.c:139285:13:fixDistinctOpenEph.part.0.isra	48	static
../Core/Src/sqlite3.c:159313:13:whereInfoFree	40	static
../Core/Src/sqlite3.c:30158:17:sqlite3_str_vappendf	224	static
../Core/Src/sqlite3.c:31342:17:sqlite3_str_appendf	12	static
../Core/Src/sqlite3.c:31250:18:sqlite3_vsnprintf	40	static
../Core/Src/sqlite3.c:31265:18:sqlite3_snprintf.constprop	48	static
../Core/Src/sqlite3.c:31265:18:sqlite3_snprintf	48	static
../Core/Src/sqlite3.c:51957:12:memdbFullPathname	8	static
../Core/Src/sqlite3.c:33852:21:sqlite3ErrorMsg	124	static
../Core/Src/sqlite3.c:29871:22:sqlite3OomFault.part.0	8	static
../Core/Src/sqlite3.c:29648:30:dbMallocRawFinish	24	static
../Core/Src/sqlite3.c:29687:22:sqlite3DbMallocRawNN	4	static
../Core/Src/sqlite3.c:155155:12:whereClauseInsert	40	static
../Core/Src/sqlite3.c:156632:21:sqlite3WhereSplit	56	static
../Core/Src/sqlite3.c:107779:21:sqlite3ExprListSetName.part.0.isra	32	static
../Core/Src/sqlite3.c:118432:22:sqlite3NameFromToken	24	static
../Core/Src/sqlite3.c:31036:30:strAccumFinishRealloc	16	static
../Core/Src/sqlite3.c:31087:18:sqlite3_str_finish	16	static
../Core/Src/sqlite3.c:31301:17:sqlite3_log	268	static
../Core/Src/sqlite3.c:23237:16:sqlite3_status64	24	static
../Core/Src/sqlite3.c:70600:13:zeroPage	32	static
../Core/Src/sqlite3.c:71857:12:newDatabase.part.0	24	static
../Core/Src/sqlite3.c:70809:12:btreeGetUnusedPage	40	static
../Core/Src/sqlite3.c:70424:12:btreeComputeFreeSpace	40	static
../Core/Src/sqlite3.c:70252:12:freeSpace	48	static
../Core/Src/sqlite3.c:75892:12:pageFreeArray	56	static
../Core/Src/sqlite3.c:70082:12:pageFindSlot	32	static
../Core/Src/sqlite3.c:65468:13:walLimitSize	32	static
../Core/Src/sqlite3.c:27201:14:memsys5MallocUnsafe	32	static
../Core/Src/sqlite3.c:27337:14:memsys5Malloc	0	static
../Core/Src/sqlite3.c:27372:14:memsys5Realloc	16	static
../Core/Src/sqlite3.c:151613:16:sqlite3_vtab_config	28	static
../Core/Src/sqlite3.c:75447:13:dropCell.part.0	40	static
../Core/Src/sqlite3.c:69948:12:defragmentPage	80	static
../Core/Src/sqlite3.c:75737:12:rebuildPage	88	static
../Core/Src/sqlite3.c:75827:12:pageInsertArray	72	static
../Core/Src/sqlite3.c:70506:28:btreeCellSizeCheck	48	static
../Core/Src/sqlite3.c:69507:12:ptrmapGet	40	static
../Core/Src/sqlite3.c:73280:12:getOverflowPage	40	static
../Core/Src/sqlite3.c:73398:12:accessPayload	64	static
../Core/Src/sqlite3.c:69161:12:saveCursorPosition	32	static
../Core/Src/sqlite3.c:69228:28:saveCursorsOnList	32	static
../Core/Src/sqlite3.c:72761:20:sqlite3BtreeTripAllCursors	48	static
../Core/Src/sqlite3.c:69448:13:ptrmapPut	48	static
../Core/Src/sqlite3.c:69917:13:ptrmapPutOvflPtr	56	static
../Core/Src/sqlite3.c:75019:12:freePage2	56	static
../Core/Src/sqlite3.c:75153:13:freePage.part.0	8	static
../Core/Src/sqlite3.c:58265:12:pager_playback	128	static
../Core/Src/sqlite3.c:77373:28:btreeOverwriteOverflowCell	64	static
../Core/Src/sqlite3.c:64380:12:walIndexAppend	56	static
../Core/Src/sqlite3.c:25666:14:sqlite3MemRealloc	16	static
../Core/Src/sqlite3.c:25594:14:sqlite3MemMalloc	16	static
../Core/Src/sqlite3.c:66382:20:sqlite3WalFindFrame.constprop	72	static
../Core/Src/sqlite3.c:58485:12:readDbPage	40	static
../Core/Src/sqlite3.c:58576:12:pagerUndoCallback	24	static
../Core/Src/sqlite3.c:58870:12:pagerPlaybackSavepoint	88	static
../Core/Src/sqlite3.c:72908:20:sqlite3BtreeSavepoint.part.0.isra	56	static
../Core/Src/sqlite3.c:85505:28:vdbeCloseStatement	40	static
../Core/Src/sqlite3.c:62192:20:sqlite3PagerRollback	16	static
../Core/Src/sqlite3.c:61230:21:sqlite3PagerUnrefPageOne	16	static
../Core/Src/sqlite3.c:175267:21:sqlite3RollbackAll	56	static
../Core/Src/sqlite3.c:72812:20:sqlite3BtreeRollback.isra	32	static
../Core/Src/sqlite3.c:72692:20:sqlite3BtreeCommitPhaseTwo	24	static
../Core/Src/sqlite3.c:60984:12:getPageNormal	40	static
../Core/Src/sqlite3.c:75162:28:clearCellOverflow.isra	56	static
../Core/Src/sqlite3.c:89238:12:vdbeUnbind	24	static
../Core/Src/sqlite3.c:89471:16:sqlite3_bind_zeroblob64	32	static
../Core/Src/sqlite3.c:176462:16:sqlite3_error_offset	8	static
../Core/Src/sqlite3.c:176519:16:sqlite3_errcode	16	static
../Core/Src/sqlite3.c:176528:16:sqlite3_extended_errcode	16	static
../Core/Src/sqlite3.c:23262:16:sqlite3_status	24	static
../Core/Src/sqlite3.c:73059:20:sqlite3BtreeCursor	24	static
../Core/Src/sqlite3.c:70547:12:btreeInitPage	24	static
../Core/Src/sqlite3.c:70838:13:pageReinit	0	static
../Core/Src/sqlite3.c:70718:12:getAndInitPage	40	static
../Core/Src/sqlite3.c:78270:12:clearDatabasePage	72	static
../Core/Src/sqlite3.c:78337:20:sqlite3BtreeClearTable	24	static
../Core/Src/sqlite3.c:72125:12:setChildPtrmaps	80	static
../Core/Src/sqlite3.c:76238:13:copyNodeContent.part.0	32	static
../Core/Src/sqlite3.c:73886:12:moveToLeftmost	40	static
../Core/Src/sqlite3.c:74697:12:allocateBtreePage	96	static
../Core/Src/sqlite3.c:73711:12:moveToChild	40	static
../Core/Src/sqlite3.c:89361:16:sqlite3_bind_null	24	static
../Core/Src/sqlite3.c:89348:16:sqlite3_bind_int	32	static
../Core/Src/sqlite3.c:89457:16:sqlite3_bind_zeroblob	32	static
../Core/Src/sqlite3.c:89351:16:sqlite3_bind_int64	40	static
../Core/Src/sqlite3.c:89338:16:sqlite3_bind_double	40	static
../Core/Src/sqlite3.c:89370:16:sqlite3_bind_pointer	40	static
../Core/Src/sqlite3.c:108784:14:exprINAffinity.isra	32	static
../Core/Src/sqlite3.c:30125:14:printfTempBuf	16	static
../Core/Src/sqlite3.c:101225:12:vdbeSorterListToPMA	104	static
../Core/Src/sqlite3.c:122536:21:sqlite3SrcListIndexedBy	24	static
../Core/Src/sqlite3.c:149627:24:sqlite3UpsertNew	32	static
../Core/Src/sqlite3.c:119708:12:resizeIndexObject.part.0	24	static
../Core/Src/sqlite3.c:87672:21:sqlite3VtabImportErrmsg	32	static
../Core/Src/sqlite3.c:105929:22:sqlite3ExprAddCollateString	24	static
../Core/Src/sqlite3.c:107609:42:sqlite3ExprListAppendNew	16	static
../Core/Src/sqlite3.c:29818:22:sqlite3DbStrNDup	16	static
../Core/Src/sqlite3.c:35025:22:sqlite3HexToBlob	24	static
../Core/Src/sqlite3.c:85156:21:sqlite3VdbeSetNumCols	24	static
../Core/Src/sqlite3.c:159267:12:whereLoopResize.part.0	32	static
../Core/Src/sqlite3.c:159516:12:whereLoopInsert	48	static
../Core/Src/sqlite3.c:29636:22:sqlite3DbMallocZero	24	static
../Core/Src/sqlite3.c:151434:25:sqlite3VtabOverloadFunction	40	static
../Core/Src/sqlite3.c:88843:17:sqlite3_set_auxdata	32	static
../Core/Src/sqlite3.c:81393:20:sqlite3VdbeMemSetRowSet	16	static
../Core/Src/sqlite3.c:166997:16:tokenExpr	40	static
../Core/Src/sqlite3.c:106704:22:sqlite3Expr	40	static
../Core/Src/sqlite3.c:104372:22:sqlite3CreateColumnExpr	24	static
../Core/Src/sqlite3.c:86492:32:sqlite3VdbeAllocUnpackedRecord	24	static
../Core/Src/sqlite3.c:137866:22:sqlite3ParserAddCleanup	32	static
../Core/Src/sqlite3.c:106656:22:sqlite3ExprAlloc	40	static
../Core/Src/sqlite3.c:138433:24:sqlite3SelectNew	120	static
../Core/Src/sqlite3.c:29805:22:sqlite3DbStrDup	16	static
../Core/Src/sqlite3.c:166115:24:sqlite3WindowDup	24	static
../Core/Src/sqlite3.c:107537:24:sqlite3SelectDup	96	static
../Core/Src/sqlite3.c:107233:14:exprDup	56	static
../Core/Src/sqlite3.c:107419:26:sqlite3ExprListDup	56	static
../Core/Src/sqlite3.c:107471:25:sqlite3SrcListDup	72	static
../Core/Src/sqlite3.c:107233:14:exprDup.constprop	40	static
../Core/Src/sqlite3.c:149613:24:sqlite3UpsertDup	32	static
../Core/Src/sqlite3.c:112022:12:agginfoPersistExprCb	16	static
../Core/Src/sqlite3.c:143158:12:propagateConstantExprRewriteOne	24	static
../Core/Src/sqlite3.c:143208:12:propagateConstantExprRewrite	24	static
../Core/Src/sqlite3.c:127750:14:exprTableRegister	40	static
../Core/Src/sqlite3.c:83852:29:vdbeChangeP4Full	24	static
../Core/Src/sqlite3.c:83871:21:sqlite3VdbeChangeP4	12	static
../Core/Src/sqlite3.c:29759:30:dbReallocFinish	16	static
../Core/Src/sqlite3.c:29743:22:sqlite3DbRealloc	8	static
../Core/Src/sqlite3.c:30931:20:sqlite3StrAccumEnlarge.part.0	24	static
../Core/Src/sqlite3.c:30981:17:sqlite3_str_appendchar	24	static
../Core/Src/sqlite3.c:30997:29:enlargeAndAppend	16	static
../Core/Src/sqlite3.c:31009:17:sqlite3_str_append	16	static
../Core/Src/sqlite3.c:31009:17:sqlite3_str_append.constprop	12	static
../Core/Src/sqlite3.c:31026:17:sqlite3_str_appendall	16	static
../Core/Src/sqlite3.c:78675:13:checkAppendMsg	28	static
../Core/Src/sqlite3.c:78747:13:checkPtrmap	56	static
../Core/Src/sqlite3.c:78776:13:checkList	72	static
../Core/Src/sqlite3.c:78911:12:checkTreePage	152	static
../Core/Src/sqlite3.c:152343:13:explainAppendTerm	40	static
../Core/Src/sqlite3.c:80642:36:sqlite3VdbeMemGrow	24	static
../Core/Src/sqlite3.c:80767:20:sqlite3VdbeMemExpandBlob	16	static
../Core/Src/sqlite3.c:80726:28:vdbeMemAddTerminator	8	static
../Core/Src/sqlite3.c:81488:20:sqlite3VdbeMemCopy	16	static
../Core/Src/sqlite3.c:81654:20:sqlite3VdbeMemFromBtree	32	static
../Core/Src/sqlite3.c:88772:30:createAggContext.constprop	16	static
../Core/Src/sqlite3.c:163917:13:dense_rankStepFunc	8	static
../Core/Src/sqlite3.c:163928:13:dense_rankValueFunc	8	static
../Core/Src/sqlite3.c:164036:13:rankStepFunc	8	static
../Core/Src/sqlite3.c:164052:13:rankValueFunc	16	static
../Core/Src/sqlite3.c:164067:13:percent_rankStepFunc	8	static
../Core/Src/sqlite3.c:164080:13:percent_rankInvFunc	8	static
../Core/Src/sqlite3.c:164091:13:percent_rankValueFunc	24	static
../Core/Src/sqlite3.c:164181:13:ntileInvFunc	8	static
../Core/Src/sqlite3.c:164192:13:ntileValueFunc	32	static
../Core/Src/sqlite3.c:164125:13:cume_distInvFunc	8	static
../Core/Src/sqlite3.c:164112:13:cume_distStepFunc	8	static
../Core/Src/sqlite3.c:88772:30:createAggContext	16	static
../Core/Src/sqlite3.c:88794:18:sqlite3_aggregate_context	0	static
../Core/Src/sqlite3.c:164245:13:last_valueInvFunc	16	static
../Core/Src/sqlite3.c:163896:13:row_numberValueFunc	8	static
../Core/Src/sqlite3.c:163886:13:row_numberStepFunc	8	static
../Core/Src/sqlite3.c:126540:13:countInverse	16	static
../Core/Src/sqlite3.c:126518:13:countStep	16	static
../Core/Src/sqlite3.c:126451:13:sumInverse	24	static
../Core/Src/sqlite3.c:126429:13:sumStep	24	static
../Core/Src/sqlite3.c:81677:20:sqlite3VdbeMemFromBtreeZeroOffset	32	static
../Core/Src/sqlite3.c:90720:28:computeNumericType	16	static
../Core/Src/sqlite3.c:80743:20:sqlite3VdbeMemMakeWriteable	8	static
../Core/Src/sqlite3.c:33288:36:sqlite3VdbeMemTranslate	32	static
../Core/Src/sqlite3.c:80603:20:sqlite3VdbeChangeEncoding.part.0	0	static
../Core/Src/sqlite3.c:80824:20:sqlite3VdbeMemStringify	88	static
../Core/Src/sqlite3.c:90653:13:applyAffinity	32	static
../Core/Src/sqlite3.c:81210:20:sqlite3VdbeMemCast	16	static
../Core/Src/sqlite3.c:81544:20:sqlite3VdbeMemSetStr	40	static
../Core/Src/sqlite3.c:164161:13:ntileStepFunc	24	static
../Core/Src/sqlite3.c:126476:13:sumFinalize	24	static
../Core/Src/sqlite3.c:124933:13:absFunc	40	static
../Core/Src/sqlite3.c:88326:17:sqlite3_result_value	24	static
../Core/Src/sqlite3.c:164018:13:first_valueFinalizeFunc	16	static
../Core/Src/sqlite3.c:163990:13:nth_valueFinalizeFunc	16	static
../Core/Src/sqlite3.c:164262:13:last_valueValueFunc	8	static
../Core/Src/sqlite3.c:164269:13:last_valueFinalizeFunc	16	static
../Core/Src/sqlite3.c:126613:13:minMaxFinalize	16	static
../Core/Src/sqlite3.c:126607:13:minMaxValue	8	static
../Core/Src/sqlite3.c:89280:12:bindText	56	static
../Core/Src/sqlite3.c:89423:16:sqlite3_bind_value	48	static
../Core/Src/sqlite3.c:90142:22:sqlite3VdbeExpandSql	128	static
../Core/Src/sqlite3.c:89675:18:sqlite3_expanded_sql	0	static
../Core/Src/sqlite3.c:24069:12:toLocaltime	128	static
../Core/Src/sqlite3.c:89388:16:sqlite3_bind_text	40	static
../Core/Src/sqlite3.c:89316:16:sqlite3_bind_blob	40	static
../Core/Src/sqlite3.c:89328:16:sqlite3_bind_blob64	48	static
../Core/Src/sqlite3.c:89413:16:sqlite3_bind_text16	40	static
../Core/Src/sqlite3.c:89397:16:sqlite3_bind_text64	56	static
../Core/Src/sqlite3.c:134510:13:setPragmaResultColumnNames	64	static
../Core/Src/sqlite3.c:88364:17:sqlite3_result_error_toobig	8	static
../Core/Src/sqlite3.c:88227:17:sqlite3_result_error	32	static
../Core/Src/sqlite3.c:84940:21:sqlite3VdbeMakeReady	96	static
../Core/Src/sqlite3.c:88233:17:sqlite3_result_error16	24	static
../Core/Src/sqlite3.c:88335:17:sqlite3_result_zeroblob	16	static
../Core/Src/sqlite3.c:88338:16:sqlite3_result_zeroblob64	16	static
../Core/Src/sqlite3.c:81709:36:valueToText	16	static
../Core/Src/sqlite3.c:82372:28:valueBytes	8	static
../Core/Src/sqlite3.c:82375:20:sqlite3ValueBytes.constprop	0	static
../Core/Src/sqlite3.c:87969:16:sqlite3_value_bytes16	0	static
../Core/Src/sqlite3.c:89033:16:sqlite3_column_bytes16	16	static
../Core/Src/sqlite3.c:87966:16:sqlite3_value_bytes	0	static
../Core/Src/sqlite3.c:89028:16:sqlite3_column_bytes	16	static
../Core/Src/sqlite3.c:81752:28:sqlite3ValueText.constprop	0	static
../Core/Src/sqlite3.c:88002:24:sqlite3_value_text16	0	static
../Core/Src/sqlite3.c:88008:24:sqlite3_value_text16le	0	static
../Core/Src/sqlite3.c:88005:24:sqlite3_value_text16be	0	static
../Core/Src/sqlite3.c:89068:24:sqlite3_column_text16	16	static
../Core/Src/sqlite3.c:86709:12:vdbeCompareMemString	112	static
../Core/Src/sqlite3.c:86825:20:sqlite3MemCompare	32	static
../Core/Src/sqlite3.c:126558:13:minmaxStep	24	static
../Core/Src/sqlite3.c:86979:20:sqlite3VdbeRecordCompareWithSkip	144	static
../Core/Src/sqlite3.c:87189:20:sqlite3VdbeRecordCompare	0	static
../Core/Src/sqlite3.c:100461:12:vdbeSorterCompare	24	static
../Core/Src/sqlite3.c:87206:12:vdbeRecordCompareInt	12	static
../Core/Src/sqlite3.c:87301:12:vdbeRecordCompareString	32	static
../Core/Src/sqlite3.c:100522:12:vdbeSorterCompareInt	40	static
../Core/Src/sqlite3.c:100480:12:vdbeSorterCompareText	56	static
../Core/Src/sqlite3.c:124824:13:minmaxFunc	88	static
../Core/Src/sqlite3.c:125717:13:nullifFunc	32	static
../Core/Src/sqlite3.c:89172:24:sqlite3_column_decltype16	8	static
../Core/Src/sqlite3.c:89149:24:sqlite3_column_name16	8	static
../Core/Src/sqlite3.c:87998:33:sqlite3_value_text	0	static
../Core/Src/sqlite3.c:125781:13:compileoptionusedFunc	8	static
../Core/Src/sqlite3.c:125920:13:unicodeFunc	8	static
../Core/Src/sqlite3.c:89053:33:sqlite3_column_text	16	static
../Core/Src/sqlite3.c:125765:13:errlogFunc	16	static
../Core/Src/sqlite3.c:89145:24:sqlite3_column_name	8	static
../Core/Src/sqlite3.c:89168:24:sqlite3_column_decltype	8	static
../Core/Src/sqlite3.c:125646:13:likeFunc	40	static
../Core/Src/sqlite3.c:126711:13:groupConcatInverse	16	static
../Core/Src/sqlite3.c:87953:24:sqlite3_value_blob	8	static
../Core/Src/sqlite3.c:124891:13:lengthFunc	16	static
../Core/Src/sqlite3.c:89018:24:sqlite3_column_blob	24	static
../Core/Src/sqlite3.c:176436:24:sqlite3_errmsg	16	static
../Core/Src/sqlite3.c:85816:20:sqlite3VdbeTransferError	48	static
../Core/Src/sqlite3.c:107628:42:sqlite3ExprListAppendGrow	24	static
../Core/Src/sqlite3.c:107650:26:sqlite3ExprListAppend	12	static
../Core/Src/sqlite3.c:164630:18:exprListAppendList	56	static
../Core/Src/sqlite3.c:119429:21:sqlite3AddCheckConstraint	40	static
../Core/Src/sqlite3.c:118254:21:sqlite3ColumnSetColl	32	static
../Core/Src/sqlite3.c:82962:29:resizeResolveLabel	32	static
../Core/Src/sqlite3.c:82980:21:sqlite3VdbeResolveLabel	4	static
../Core/Src/sqlite3.c:111907:12:selectRefEnter	24	static
../Core/Src/sqlite3.c:122201:24:sqlite3IdListAppend.isra	32	static
../Core/Src/sqlite3.c:112104:13:findOrCreateAggInfoColumn	24	static
../Core/Src/sqlite3.c:31168:22:sqlite3VMPrintf	112	static
../Core/Src/sqlite3.c:123610:25:sqlite3FindFunction	48	static
../Core/Src/sqlite3.c:123373:25:sqlite3FindCollSeq.part.0	32	static
../Core/Src/sqlite3.c:139801:25:sqlite3KeyInfoAlloc	32	static
../Core/Src/sqlite3.c:150346:24:sqlite3VtabCreateModule	32	static
../Core/Src/sqlite3.c:150447:16:sqlite3_drop_modules	40	static
../Core/Src/sqlite3.c:201344:20:sqlite3JsonTableFunctions	24	static
../Core/Src/sqlite3.c:128830:28:sqlite3IndexAffinityStr	24	static
../Core/Src/sqlite3.c:162634:29:whereAddIndexedExpr	80	static
../Core/Src/sqlite3.c:151504:21:sqlite3VtabMakeWritable	24	static
../Core/Src/sqlite3.c:123736:24:sqlite3SchemaGet	16	static
../Core/Src/sqlite3.c:82560:12:growOpArray.constprop	16	static
../Core/Src/sqlite3.c:83465:24:sqlite3VdbeAddOpList.constprop	24	static
../Core/Src/sqlite3.c:31188:22:sqlite3MPrintf	124	static
../Core/Src/sqlite3.c:137257:13:corruptSchema	32	static
../Core/Src/sqlite3.c:150864:12:vtabCallConstructor	96	static
../Core/Src/sqlite3.c:140398:21:sqlite3GenerateColumnNames	224	static
../Core/Src/sqlite3.c:81964:12:valueFromExpr.constprop	64	static
../Core/Src/sqlite3.c:111441:20:sqlite3ExprCompare	56	static
../Core/Src/sqlite3.c:165094:20:sqlite3WindowCompare	24	static
../Core/Src/sqlite3.c:111441:20:sqlite3ExprCompare.part.0	48	static
../Core/Src/sqlite3.c:111441:20:sqlite3ExprCompare.constprop	0	static
../Core/Src/sqlite3.c:156070:28:exprMightBeIndexed2	40	static
../Core/Src/sqlite3.c:111543:20:sqlite3ExprListCompare	32	static
../Core/Src/sqlite3.c:164487:12:selectWindowRewriteExprCb	32	static
../Core/Src/sqlite3.c:160345:12:whereIsCoveringIndexWalkCallback	24	static
../Core/Src/sqlite3.c:112169:12:analyzeAggregate	104	static
../Core/Src/sqlite3.c:131477:12:xferCompatibleIndex	24	static
../Core/Src/sqlite3.c:107372:12:gatherSelectWindowsCallback	16	static
../Core/Src/sqlite3.c:153549:13:whereApplyPartialIndexConstraints	56	static
../Core/Src/sqlite3.c:161031:16:sqlite3_vtab_rhs_value	24	static
../Core/Src/sqlite3.c:111575:12:exprImpliesNotNull	64	static
../Core/Src/sqlite3.c:111672:20:sqlite3ExprImpliesExpr	56	static
../Core/Src/sqlite3.c:160266:12:whereUsablePartialIndex	64	static
../Core/Src/sqlite3.c:140491:20:sqlite3ColumnsFromExprList.isra	112	static
../Core/Src/sqlite3.c:82455:21:sqlite3VdbeError	124	static
../Core/Src/sqlite3.c:82633:28:growOp3	40	static
../Core/Src/sqlite3.c:82639:20:sqlite3VdbeAddOp3	24	static
../Core/Src/sqlite3.c:82639:20:sqlite3VdbeAddOp3.constprop	24	static
../Core/Src/sqlite3.c:82639:20:sqlite3VdbeAddOp3.constprop	40	static
../Core/Src/sqlite3.c:144824:13:finalizeAggFunctions.isra	40	static
../Core/Src/sqlite3.c:82697:20:sqlite3VdbeLoadString	32	static
../Core/Src/sqlite3.c:82885:21:sqlite3VdbeAddParseSchemaOp.constprop	32	static
../Core/Src/sqlite3.c:134537:13:returnSingleText.part.0	24	static
../Core/Src/sqlite3.c:134529:13:returnSingleInt	40	static
../Core/Src/sqlite3.c:140733:22:sqlite3GetVdbe.part.0	24	static
../Core/Src/sqlite3.c:122846:21:sqlite3HaltConstraint	40	static
../Core/Src/sqlite3.c:165354:13:windowReadPeerValues.isra	56	static
../Core/Src/sqlite3.c:122904:21:sqlite3RowidConstraint	32	static
../Core/Src/sqlite3.c:109496:13:codeReal	40	static
../Core/Src/sqlite3.c:108445:13:sqlite3SetHasNullFlag	32	static
../Core/Src/sqlite3.c:123806:21:sqlite3CodeChangeCount	32	static
../Core/Src/sqlite3.c:122701:21:sqlite3Savepoint	40	static
../Core/Src/sqlite3.c:82896:20:sqlite3VdbeAddOp4Int.isra	32	static
../Core/Src/sqlite3.c:152702:13:codeApplyAffinity.isra	32	static
../Core/Src/sqlite3.c:122868:21:sqlite3UniqueConstraint	80	static
../Core/Src/sqlite3.c:82712:21:sqlite3VdbeMultiLoad	48	static
../Core/Src/sqlite3.c:134644:13:pragmaFunclistLine	56	static
../Core/Src/sqlite3.c:82840:20:sqlite3VdbeExplain	48	static
../Core/Src/sqlite3.c:134697:12:integrityCheckResultRow	24	static
../Core/Src/sqlite3.c:118706:13:sqlite3ForceNotReadOnly	24	static
../Core/Src/sqlite3.c:152421:20:sqlite3WhereExplainOneScan.part.0.isra	184	static
../Core/Src/sqlite3.c:165508:13:windowAggFinal.isra	40	static
../Core/Src/sqlite3.c:128932:21:sqlite3TableAffinity	48	static
../Core/Src/sqlite3.c:131310:21:sqlite3CompleteInsertion	72	static
../Core/Src/sqlite3.c:165215:13:windowCheckValue	40	static
../Core/Src/sqlite3.c:139940:13:generateSortTail	96	static
../Core/Src/sqlite3.c:150415:16:sqlite3_create_module	32	static
../Core/Src/sqlite3.c:150430:16:sqlite3_create_module_v2	32	static
../Core/Src/sqlite3.c:88269:17:sqlite3_result_text	56	static
../Core/Src/sqlite3.c:88199:17:sqlite3_result_blob	48	static
../Core/Src/sqlite3.c:88316:17:sqlite3_result_text16le	40	static
../Core/Src/sqlite3.c:88298:17:sqlite3_result_text16	40	static
../Core/Src/sqlite3.c:88307:17:sqlite3_result_text16be	40	static
../Core/Src/sqlite3.c:88158:13:setResultStrOrError	56	static
../Core/Src/sqlite3.c:125050:13:printfFunc	80	static
../Core/Src/sqlite3.c:125901:13:quoteFunc	64	static
../Core/Src/sqlite3.c:198994:13:jsonResult.part.0	24	static
../Core/Src/sqlite3.c:126094:13:zeroblobFunc	32	static
../Core/Src/sqlite3.c:125086:13:substrFunc	56	static
../Core/Src/sqlite3.c:126757:13:groupConcatFinalize	24	static
../Core/Src/sqlite3.c:124854:13:typeofFunc	40	static
../Core/Src/sqlite3.c:125805:13:compileoptiongetFunc	32	static
../Core/Src/sqlite3.c:125749:13:sourceidFunc	24	static
../Core/Src/sqlite3.c:125733:13:versionFunc	24	static
../Core/Src/sqlite3.c:137163:12:pragmaVtabColumn	40	static
../Core/Src/sqlite3.c:88352:17:sqlite3_result_error_code	32	static
../Core/Src/sqlite3.c:88209:17:sqlite3_result_blob64	24	static
../Core/Src/sqlite3.c:88278:17:sqlite3_result_text64	24	static
../Core/Src/sqlite3.c:109514:13:codeInteger	48	static
../Core/Src/sqlite3.c:118507:20:sqlite3TwoPartName	32	static
../Core/Src/sqlite3.c:150667:13:addModuleArgument	24	static
../Core/Src/sqlite3.c:105578:20:sqlite3ResolveExprNames	48	static
../Core/Src/sqlite3.c:105617:20:sqlite3ResolveExprListNames	72	static
../Core/Src/sqlite3.c:106607:21:sqlite3ExprSetHeightAndFlags.part.0	32	static
../Core/Src/sqlite3.c:106787:21:sqlite3PExprAddSelect	4	static
../Core/Src/sqlite3.c:106762:22:sqlite3PExpr	24	static
../Core/Src/sqlite3.c:106864:22:sqlite3ExprAnd	32	static
../Core/Src/sqlite3.c:144981:12:havingToWhereExprCb	104	static
../Core/Src/sqlite3.c:119252:21:sqlite3AddDefaultValue	104	static
../Core/Src/sqlite3.c:119496:21:sqlite3AddGenerated	32	static
../Core/Src/sqlite3.c:121110:21:sqlite3CreateForeignKey	88	static
../Core/Src/sqlite3.c:117100:12:fixSelectCb	64	static
../Core/Src/sqlite3.c:117083:12:fixExprCb	8	static
../Core/Src/sqlite3.c:122284:25:sqlite3SrcListEnlarge	48	static
../Core/Src/sqlite3.c:138566:20:sqlite3JoinType	88	static
../Core/Src/sqlite3.c:147494:33:triggersReallyExist	72	static
../Core/Src/sqlite3.c:127462:20:sqlite3FkLocateIndex	56	static
../Core/Src/sqlite3.c:128369:20:sqlite3FkOldmask.part.0	48	static
../Core/Src/sqlite3.c:118966:21:sqlite3AddReturning	24	static
../Core/Src/sqlite3.c:106885:22:sqlite3ExprFunction	32	static
../Core/Src/sqlite3.c:166954:15:parserDoubleLinkSelect.part.0	24	static
../Core/Src/sqlite3.c:166985:18:attachWithToSelect	40	static
../Core/Src/sqlite3.c:167047:20:parserAddExprIdListTerm	32	static
../Core/Src/sqlite3.c:123155:22:sqlite3WithAdd	48	static
../Core/Src/sqlite3.c:164916:24:sqlite3WindowAlloc	72	static
../Core/Src/sqlite3.c:123418:25:sqlite3GetCollSeq	40	static
../Core/Src/sqlite3.c:105985:25:sqlite3ExprCollSeq	16	static
../Core/Src/sqlite3.c:106160:25:sqlite3BinaryCompareCollSeq	16	static
../Core/Src/sqlite3.c:140610:21:sqlite3SubqueryColumnTypes	240	static
../Core/Src/sqlite3.c:144539:13:selectAddSubqueryTypeInfo	24	static
../Core/Src/sqlite3.c:140700:23:sqlite3ResultSetOfSelect	32	static
../Core/Src/sqlite3.c:139865:25:sqlite3KeyInfoFromExprList	48	static
../Core/Src/sqlite3.c:165788:13:windowIfNewPeer	40	static
../Core/Src/sqlite3.c:108161:12:exprNodeIsConstantOrGroupBy	64	static
../Core/Src/sqlite3.c:165834:13:windowCodeRangeTest	72	static
../Core/Src/sqlite3.c:140826:17:multiSelectCollSeq	32	static
../Core/Src/sqlite3.c:140852:17:multiSelectOrderByKeyInfo.constprop	80	static
../Core/Src/sqlite3.c:106199:12:codeCompare.part.0.isra	40	static
../Core/Src/sqlite3.c:160991:24:sqlite3_vtab_collation	16	static
../Core/Src/sqlite3.c:143075:13:constInsert	24	static
../Core/Src/sqlite3.c:143123:13:findConstInWhere	56	static
../Core/Src/sqlite3.c:157275:19:whereScanNext	56	static
../Core/Src/sqlite3.c:157377:35:whereScanInitIndexExpr	8	static
../Core/Src/sqlite3.c:157401:19:whereScanInit	8	static
../Core/Src/sqlite3.c:159817:12:whereLoopAddBtreeIndex	240	static
../Core/Src/sqlite3.c:160476:12:whereLoopAddBtree	208	static
../Core/Src/sqlite3.c:161479:11:wherePathSatisfiesOrderBy	288	static
../Core/Src/sqlite3.c:123469:25:sqlite3LocateCollSeq	32	static
../Core/Src/sqlite3.c:123060:25:sqlite3KeyInfoOfIndex	48	static
../Core/Src/sqlite3.c:83934:21:sqlite3VdbeSetP4KeyInfo	8	static
../Core/Src/sqlite3.c:128783:21:sqlite3OpenTable	32	static
../Core/Src/sqlite3.c:131398:20:sqlite3OpenTableAndIndices	64	static
../Core/Src/sqlite3.c:144789:13:resetAccumulator	56	static
../Core/Src/sqlite3.c:120582:28:viewGetColumnNames	80	static
../Core/Src/sqlite3.c:118562:20:sqlite3CheckObjectName	32	static
../Core/Src/sqlite3.c:122373:25:sqlite3SrcListAppend	32	static
../Core/Src/sqlite3.c:128487:17:fkActionTrigger	144	static
../Core/Src/sqlite3.c:122474:25:sqlite3SrcListAppendFromTerm	24	static
../Core/Src/sqlite3.c:147584:25:sqlite3TriggerStepSrc	64	static
../Core/Src/sqlite3.c:143700:12:convertCompoundSelectToSubquery	64	static
../Core/Src/sqlite3.c:106762:22:sqlite3PExpr.constprop	24	static
../Core/Src/sqlite3.c:156656:13:whereAddLimitExpr	40	static
../Core/Src/sqlite3.c:156709:37:sqlite3WhereAddLimit	40	static
../Core/Src/sqlite3.c:164680:12:disallowAggregatesInOrderByCb	8	static
../Core/Src/sqlite3.c:142141:14:substExpr	88	static
../Core/Src/sqlite3.c:143428:12:pushDownWhereTerms.isra	112	static
../Core/Src/sqlite3.c:142252:13:substSelect.part.0	40	static
../Core/Src/sqlite3.c:161923:12:wherePathSolver.isra	160	static
../Core/Src/sqlite3.c:160798:12:whereLoopAddVirtualOne	72	static
../Core/Src/sqlite3.c:123873:20:sqlite3IsReadOnly	32	static
../Core/Src/sqlite3.c:104416:13:notValidImpl.isra	16	static
../Core/Src/sqlite3.c:109197:20:sqlite3ExprCheckIN	16	static
../Core/Src/sqlite3.c:165015:21:sqlite3WindowChain	24	static
../Core/Src/sqlite3.c:105149:20:sqlite3ResolveOrderGroupBy	120	static
../Core/Src/sqlite3.c:105227:12:resolveOrderGroupBy	112	static
../Core/Src/sqlite3.c:105290:12:resolveSelectStep	168	static
../Core/Src/sqlite3.c:105707:20:sqlite3ResolveSelfReference	160	static
../Core/Src/sqlite3.c:107679:26:sqlite3ExprListAppendVector	56	static
../Core/Src/sqlite3.c:88372:17:sqlite3_result_error_nomem	8	static
../Core/Src/sqlite3.c:126210:13:trimFunc	64	static
../Core/Src/sqlite3.c:125321:13:randomBlob	32	static
../Core/Src/sqlite3.c:125976:13:hexFunc	40	static
../Core/Src/sqlite3.c:125262:13:lowerFunc	56	static
../Core/Src/sqlite3.c:125243:13:upperFunc	56	static
../Core/Src/sqlite3.c:126037:13:unhexFunc	56	static
../Core/Src/sqlite3.c:33806:21:sqlite3ErrorWithMsg	136	static
../Core/Src/sqlite3.c:175672:20:sqlite3CreateFunc	72	static
../Core/Src/sqlite3.c:176477:24:sqlite3_errmsg16	8	static
../Core/Src/sqlite3.c:176554:12:createCollation	56	static
../Core/Src/sqlite3.c:177472:16:sqlite3_create_collation16	80	static
../Core/Src/sqlite3.c:177434:16:sqlite3_create_collation	56	static
../Core/Src/sqlite3.c:177447:16:sqlite3_create_collation_v2	64	static
../Core/Src/sqlite3.c:175857:16:sqlite3_create_function	80	static
../Core/Src/sqlite3.c:175870:16:sqlite3_create_function_v2	96	static
../Core/Src/sqlite3.c:175884:16:sqlite3_create_window_function	104	static
../Core/Src/sqlite3.c:175901:16:sqlite3_create_function16	128	static
../Core/Src/sqlite3.c:86058:21:sqlite3VdbeDelete	48	static
../Core/Src/sqlite3.c:23305:16:sqlite3_db_status	48	static
../Core/Src/sqlite3.c:89629:16:sqlite3_stmt_status	24	static
../Core/Src/sqlite3.c:126768:13:groupConcatValue	48	static
../Core/Src/sqlite3.c:104465:12:resolveExprStep	288	static
../Core/Src/sqlite3.c:126117:13:replaceFunc	96	static
../Core/Src/sqlite3.c:73800:12:moveToRoot	24	static
../Core/Src/sqlite3.c:73956:28:btreeLast	48	static
../Core/Src/sqlite3.c:74252:20:sqlite3BtreeIndexMoveto	72	static
../Core/Src/sqlite3.c:74021:20:sqlite3BtreeTableMoveto	64	static
../Core/Src/sqlite3.c:86081:36:sqlite3VdbeFinishMoveto	24	static
../Core/Src/sqlite3.c:69301:12:btreeRestoreCursorPosition	48	static
../Core/Src/sqlite3.c:86107:36:sqlite3VdbeHandleMovedCursor	16	static
../Core/Src/sqlite3.c:74610:28:btreePrevious	32	static
../Core/Src/sqlite3.c:74659:20:sqlite3BtreePrevious.constprop	0	static
../Core/Src/sqlite3.c:74517:28:btreeNext	24	static
../Core/Src/sqlite3.c:74570:20:sqlite3BtreeNext.constprop	8	static
../Core/Src/sqlite3.c:88741:16:sqlite3_vtab_in_next	72	static
../Core/Src/sqlite3.c:73615:28:accessPayloadChecked	64	static
../Core/Src/sqlite3.c:88733:16:sqlite3_vtab_in_first	72	static
../Core/Src/sqlite3.c:127599:13:fkLookupParent.constprop	96	static
../Core/Src/sqlite3.c:161122:12:whereLoopAddVirtual	176	static
../Core/Src/sqlite3.c:161253:12:whereLoopAddOr	720	static
../Core/Src/sqlite3.c:75503:12:insertCell	72	static
../Core/Src/sqlite3.c:77195:12:balance	408	static
../Core/Src/sqlite3.c:77903:20:sqlite3BtreeDelete	88	static
../Core/Src/sqlite3.c:77474:20:sqlite3BtreeInsert	136	static
../Core/Src/sqlite3.c:141553:12:generateOutputSubroutine	64	static
../Core/Src/sqlite3.c:139201:12:codeDistinct	72	static
../Core/Src/sqlite3.c:72234:12:relocatePage	88	static
../Core/Src/sqlite3.c:72328:12:incrVacuumStep	80	static
../Core/Src/sqlite3.c:78113:12:btreeCreateTable	64	static
../Core/Src/sqlite3.c:29114:16:sqlite3_memory_alarm	0	static
../Core/Src/sqlite3.c:32791:16:sqlite3_os_end	0	static
../Core/Src/sqlite3.c:133496:16:sqlite3_enable_load_extension	0	static
../Core/Src/sqlite3.c:174270:16:sqlite3_config	32	static
../Core/Src/sqlite3.c:174041:16:sqlite3_initialize.part.0	48	static
../Core/Src/sqlite3.c:174041:16:sqlite3_initialize	16	static
../Core/Src/sqlite3.c:25226:25:sqlite3_vfs_find	16	static
../Core/Src/sqlite3.c:32786:16:sqlite3_os_init	16	static
../Core/Src/sqlite3.c:88116:27:sqlite3_value_dup	24	static
../Core/Src/sqlite3.c:164002:13:first_valueStepFunc	16	static
../Core/Src/sqlite3.c:163949:13:nth_valueStepFunc	32	static
../Core/Src/sqlite3.c:164227:13:last_valueStepFunc	24	static
../Core/Src/sqlite3.c:124982:13:instrFunc	56	static
../Core/Src/sqlite3.c:137057:12:pragmaVtabOpen	32	static
../Core/Src/sqlite3.c:200838:12:jsonEachOpenEach	24	static
../Core/Src/sqlite3.c:31153:25:sqlite3_str_new	24	static
../Core/Src/sqlite3.c:65636:12:walIndexReadHdr	192	static
../Core/Src/sqlite3.c:65957:12:walTryBeginRead	136	static
../Core/Src/sqlite3.c:60703:20:sqlite3PagerSharedLock	64	static
../Core/Src/sqlite3.c:71945:20:sqlite3BtreeBeginTrans	80	static
../Core/Src/sqlite3.c:79546:20:sqlite3BtreeSetVersion	24	static
../Core/Src/sqlite3.c:62785:20:sqlite3PagerSetJournalMode	16	static
../Core/Src/sqlite3.c:67089:20:sqlite3WalCheckpoint	248	static
../Core/Src/sqlite3.c:65485:20:sqlite3WalClose	80	static
../Core/Src/sqlite3.c:59626:20:sqlite3PagerClose.isra	56	static
../Core/Src/sqlite3.c:71273:20:sqlite3BtreeClose.isra	24	static
../Core/Src/sqlite3.c:85059:21:sqlite3VdbeFreeCursorNN	24	static
../Core/Src/sqlite3.c:90508:20:allocateCursor	48	static
../Core/Src/sqlite3.c:85102:20:sqlite3VdbeFrameRestore	32	static
../Core/Src/sqlite3.c:175144:21:sqlite3LeaveMutexAndCloseZombie.part.0	32	static
../Core/Src/sqlite3.c:175043:12:sqlite3Close	32	static
../Core/Src/sqlite3.c:175132:16:sqlite3_close	0	static
../Core/Src/sqlite3.c:175133:16:sqlite3_close_v2	0	static
../Core/Src/sqlite3.c:80202:16:sqlite3_backup_finish	24	static
../Core/Src/sqlite3.c:70888:20:sqlite3BtreeOpen	200	static
../Core/Src/sqlite3.c:122721:20:sqlite3OpenTempDatabase	32	static
../Core/Src/sqlite3.c:79710:15:findBtree	296	static
../Core/Src/sqlite3.c:79768:28:sqlite3_backup_init	32	static
../Core/Src/sqlite3.c:122768:21:sqlite3CodeVerifySchema	0	static
../Core/Src/sqlite3.c:122801:21:sqlite3BeginWriteOperation	24	static
../Core/Src/sqlite3.c:122777:21:sqlite3CodeVerifyNamedSchema	32	static
../Core/Src/sqlite3.c:162777:27:sqlite3WhereBegin	344	static
../Core/Src/sqlite3.c:155008:37:sqlite3WhereRightJoinLoop	160	static
../Core/Src/sqlite3.c:163411:21:sqlite3WhereEnd	72	static
../Core/Src/sqlite3.c:166517:21:sqlite3WindowCodeStep	168	static
../Core/Src/sqlite3.c:145281:20:sqlite3Select	296	static
../Core/Src/sqlite3.c:109069:20:sqlite3CodeSubselect	96	static
../Core/Src/sqlite3.c:108869:21:sqlite3CodeRhsOfIN	120	static
../Core/Src/sqlite3.c:108558:20:sqlite3FindInIndex	128	static
../Core/Src/sqlite3.c:109238:13:sqlite3ExprCodeIN	104	static
../Core/Src/sqlite3.c:111047:21:sqlite3ExprIfTrue	64	static
../Core/Src/sqlite3.c:111190:21:sqlite3ExprIfFalse	64	static
../Core/Src/sqlite3.c:109938:20:sqlite3ExprCodeTarget	192	static
../Core/Src/sqlite3.c:152881:12:codeEqualityTerm	104	static
../Core/Src/sqlite3.c:153084:12:codeAllEqualityTerms	80	static
../Core/Src/sqlite3.c:153585:29:filterPullDown	80	static
../Core/Src/sqlite3.c:110835:21:sqlite3ExprCode.part.0	24	static
../Core/Src/sqlite3.c:109874:28:sqlite3IndexedExprLookup	64	static
../Core/Src/sqlite3.c:110748:20:sqlite3ExprCodeRunJustOnce	40	static
../Core/Src/sqlite3.c:140769:13:computeLimitRegisters	64	static
../Core/Src/sqlite3.c:110872:21:sqlite3ExprCodeFactorable	56	static
../Core/Src/sqlite3.c:109577:21:sqlite3ExprCodeGeneratedColumn	48	static
../Core/Src/sqlite3.c:109605:21:sqlite3ExprCodeGetColumnOfTable.part.0	40	static
../Core/Src/sqlite3.c:109605:21:sqlite3ExprCodeGetColumnOfTable	16	static
../Core/Src/sqlite3.c:129035:21:sqlite3ComputeGeneratedColumns	80	static
../Core/Src/sqlite3.c:110807:20:sqlite3ExprCodeTemp	56	static
../Core/Src/sqlite3.c:109711:12:exprCodeVector	80	static
../Core/Src/sqlite3.c:110975:13:exprCodeBetween	192	static
../Core/Src/sqlite3.c:156153:13:exprAnalyze	152	static
../Core/Src/sqlite3.c:110900:20:sqlite3ExprCodeExprList.isra	104	static
../Core/Src/sqlite3.c:165391:13:windowAggStep.isra	72	static
../Core/Src/sqlite3.c:165653:13:windowReturnOneRow	88	static
../Core/Src/sqlite3.c:165966:12:windowCodeOp	72	static
../Core/Src/sqlite3.c:138998:13:pushOntoSorter	88	static
../Core/Src/sqlite3.c:139407:13:selectInnerLoop	104	static
../Core/Src/sqlite3.c:153514:13:codeExprOrVector	48	static
../Core/Src/sqlite3.c:158076:29:sqlite3ConstructBloomFilter	240	static
../Core/Src/sqlite3.c:144848:13:updateAccumulator	80	static
../Core/Src/sqlite3.c:124706:20:sqlite3GenerateIndexKey	72	static
../Core/Src/sqlite3.c:121265:13:sqlite3RefillIndex	88	static
../Core/Src/sqlite3.c:157836:29:constructAutomaticIndex	160	static
../Core/Src/sqlite3.c:124641:21:sqlite3GenerateRowIndexDelete.isra	72	static
../Core/Src/sqlite3.c:141167:12:multiSelect	232	static
../Core/Src/sqlite3.c:148397:13:updateFromSelect.constprop	112	static
../Core/Src/sqlite3.c:123894:21:sqlite3MaterializeView.constprop	96	static
../Core/Src/sqlite3.c:127826:13:fkScanChildren	112	static
../Core/Src/sqlite3.c:125935:13:charFunc	48	static
../Core/Src/sqlite3.c:177829:16:sqlite3_test_control	56	static
../Core/Src/sqlite3.c:178375:24:sqlite3_create_filename	48	static
../Core/Src/sqlite3.c:198844:12:jsonGrow	24	static
../Core/Src/sqlite3.c:198911:13:jsonAppendString	48	static
../Core/Src/sqlite3.c:198880:13:jsonPrintf	56	static
../Core/Src/sqlite3.c:200765:13:jsonObjectFinal	24	static
../Core/Src/sqlite3.c:200657:13:jsonArrayFinal	24	static
../Core/Src/sqlite3.c:200762:13:jsonObjectValue	24	static
../Core/Src/sqlite3.c:200654:13:jsonArrayValue	24	static
../Core/Src/sqlite3.c:200960:13:jsonEachComputePath.part.0	40	static
../Core/Src/sqlite3.c:200960:13:jsonEachComputePath	40	static
../Core/Src/sqlite3.c:126640:13:groupConcatStep	24	static
../Core/Src/sqlite3.c:133542:16:sqlite3_auto_extension	24	static
../Core/Src/sqlite3.c:174216:16:sqlite3_shutdown	16	static
../Core/Src/sqlite3.c:200850:12:jsonEachOpenTree	24	static
../Core/Src/sqlite3.c:103064:12:memjrnlWrite	136	static
../Core/Src/sqlite3.c:58643:12:pagerWalFrames	184	static
../Core/Src/sqlite3.c:60057:12:pagerStress	16	static
../Core/Src/sqlite3.c:174727:16:sqlite3_db_cacheflush	32	static
../Core/Src/sqlite3.c:61896:20:sqlite3PagerCommitPhaseOne.part.0	64	static
../Core/Src/sqlite3.c:72603:20:sqlite3BtreeCommitPhaseOne.part.0	56	static
../Core/Src/sqlite3.c:85598:20:sqlite3VdbeHalt	80	static
../Core/Src/sqlite3.c:87907:16:sqlite3_reset	16	static
../Core/Src/sqlite3.c:99618:16:sqlite3_blob_write	48	static
../Core/Src/sqlite3.c:87878:16:sqlite3_finalize	32	static
../Core/Src/sqlite3.c:99515:16:sqlite3_blob_close	16	static
../Core/Src/sqlite3.c:137079:12:pragmaVtabClose	32	static
../Core/Src/sqlite3.c:99611:16:sqlite3_blob_read	32	static
../Core/Src/sqlite3.c:79948:16:sqlite3_backup_step	96	static
../Core/Src/sqlite3.c:198871:13:jsonAppendRaw.part.0	40	static
../Core/Src/sqlite3.c:198954:13:jsonAppendValue	56	static
../Core/Src/sqlite3.c:200613:13:jsonArrayStep	24	static
../Core/Src/sqlite3.c:200082:13:jsonQuoteFunc	152	static
../Core/Src/sqlite3.c:200101:13:jsonArrayFunc	184	static
../Core/Src/sqlite3.c:198891:13:jsonAppendChar	32	static
../Core/Src/sqlite3.c:200716:13:jsonObjectStep	48	static
../Core/Src/sqlite3.c:200385:13:jsonObjectFunc	192	static
../Core/Src/sqlite3.c:199047:13:jsonRenderNode	32	static
../Core/Src/sqlite3.c:199136:13:jsonReturnJson	152	static
../Core/Src/sqlite3.c:199182:13:jsonReturn.constprop	56	static
../Core/Src/sqlite3.c:200987:12:jsonEachColumn	160	static
../Core/Src/sqlite3.c:177747:16:sqlite3_sleep	16	static
../Core/Src/sqlite3.c:29179:26:sqlite3_hard_heap_limit64	16	static
../Core/Src/sqlite3.c:25300:16:sqlite3_vfs_unregister	16	static
../Core/Src/sqlite3.c:29613:18:sqlite3_realloc64	24	static
../Core/Src/sqlite3.c:29606:18:sqlite3_realloc	16	static
../Core/Src/sqlite3.c:29137:26:sqlite3_soft_heap_limit64	24	static
../Core/Src/sqlite3.c:29162:17:sqlite3_soft_heap_limit	24	static
../Core/Src/sqlite3.c:31201:18:sqlite3_vmprintf	112	static
../Core/Src/sqlite3.c:25272:16:sqlite3_vfs_register	24	static
../Core/Src/sqlite3.c:133614:17:sqlite3_reset_auto_extension	16	static
../Core/Src/sqlite3.c:31225:18:sqlite3_mprintf	120	static
../Core/Src/sqlite3.c:51764:12:memdbFileControl	16	static
../Core/Src/sqlite3.c:134721:21:sqlite3Pragma	232	static
../Core/Src/sqlite3.c:173165:20:sqlite3RunParser	1536	static
../Core/Src/sqlite3.c:137917:12:sqlite3Prepare	312	static
../Core/Src/sqlite3.c:138062:12:sqlite3LockAndPrepare	64	static
../Core/Src/sqlite3.c:138148:16:sqlite3_prepare	24	static
../Core/Src/sqlite3.c:138160:16:sqlite3_prepare_v2	24	static
../Core/Src/sqlite3.c:131949:16:sqlite3_exec	88	static
../Core/Src/sqlite3.c:176369:20:sqlite3Checkpoint	72	static
../Core/Src/sqlite3.c:176278:16:sqlite3_wal_checkpoint_v2	32	static
../Core/Src/sqlite3.c:176342:16:sqlite3_wal_checkpoint	24	static
../Core/Src/sqlite3.c:176204:20:sqlite3WalDefaultHook	24	static
../Core/Src/sqlite3.c:90975:20:sqlite3VdbeExec	376	static
../Core/Src/sqlite3.c:88570:16:sqlite3_step	352	static
../Core/Src/sqlite3.c:137087:12:pragmaVtabNext	32	static
../Core/Src/sqlite3.c:99643:16:sqlite3_blob_reopen	40	static
../Core/Src/sqlite3.c:138178:16:sqlite3_prepare_v3	24	static
../Core/Src/sqlite3.c:138206:12:sqlite3Prepare16	104	static
../Core/Src/sqlite3.c:138264:16:sqlite3_prepare16	16	static
../Core/Src/sqlite3.c:138276:16:sqlite3_prepare16_v2	16	static
../Core/Src/sqlite3.c:138288:16:sqlite3_prepare16_v3	0	static
../Core/Src/sqlite3.c:137330:20:sqlite3InitCallback	56	static
../Core/Src/sqlite3.c:137433:20:sqlite3InitOne.constprop	136	static
../Core/Src/sqlite3.c:137677:20:sqlite3Init	24	static
../Core/Src/sqlite3.c:137709:20:sqlite3ReadSchema	16	static
../Core/Src/sqlite3.c:177629:16:sqlite3_table_column_metadata	64	static
../Core/Src/sqlite3.c:123000:21:sqlite3Reindex	72	static
../Core/Src/sqlite3.c:117953:23:sqlite3LocateTable	72	static
../Core/Src/sqlite3.c:128166:21:sqlite3FkCheck	112	static
../Core/Src/sqlite3.c:99280:16:sqlite3_blob_open	352	static
../Core/Src/sqlite3.c:123787:23:sqlite3SrcListLookup	32	static
../Core/Src/sqlite3.c:148495:21:sqlite3Update.constprop	312	static
../Core/Src/sqlite3.c:149826:21:sqlite3UpsertDoUpdate	80	static
../Core/Src/sqlite3.c:147882:20:codeRowTrigger	432	static
../Core/Src/sqlite3.c:148173:20:sqlite3TriggerColmask	64	static
../Core/Src/sqlite3.c:148031:21:sqlite3CodeRowTriggerDirect	40	static
../Core/Src/sqlite3.c:148103:21:sqlite3CodeRowTrigger	280	static
../Core/Src/sqlite3.c:124489:21:sqlite3GenerateRowDelete	120	static
../Core/Src/sqlite3.c:130423:21:sqlite3GenerateConstraintChecks	256	static
../Core/Src/sqlite3.c:129440:21:sqlite3Insert	384	static
../Core/Src/sqlite3.c:124033:21:sqlite3DeleteFrom.constprop	208	static
../Core/Src/sqlite3.c:144130:12:selectExpander	168	static
../Core/Src/sqlite3.c:118731:21:sqlite3StartTable	64	static
../Core/Src/sqlite3.c:117821:21:sqlite3NestedParse	108	static
../Core/Src/sqlite3.c:147398:21:sqlite3DropTriggerPtr	40	static
../Core/Src/sqlite3.c:120780:13:destroyRootPage	32	static
../Core/Src/sqlite3.c:120990:21:sqlite3DropTable	88	static
../Core/Src/sqlite3.c:121432:21:sqlite3CreateIndex	248	static
../Core/Src/sqlite3.c:119352:21:sqlite3AddPrimaryKey	96	static
../Core/Src/sqlite3.c:150755:21:sqlite3VtabFinishParse	72	static
../Core/Src/sqlite3.c:120148:21:sqlite3EndTable.constprop	216	static
../Core/Src/sqlite3.c:151116:16:sqlite3_declare_vtab	328	static
../Core/Src/sqlite3.c:200790:12:jsonEachConnect	16	static
../Core/Src/sqlite3.c:52050:27:sqlite3_serialize	72	static
../Core/Src/sqlite3.c:52131:16:sqlite3_deserialize	72	static
../Core/Src/sqlite3.c:137105:12:pragmaVtabFilter	96	static
../Core/Src/sqlite3.c:136945:12:pragmaVtabConnect	256	static
../Core/Src/sqlite3.c:133314:12:sqlite3LoadExtension	64	static
../Core/Src/sqlite3.c:133465:16:sqlite3_load_extension	8	static
../Core/Src/sqlite3.c:126379:13:loadExt	40	static
../Core/Src/sqlite3.c:146646:16:sqlite3_get_table	72	static
../Core/Src/sqlite3.c:146572:12:sqlite3_get_table_cb	40	static
../Core/Src/sqlite3.c:87641:20:sqlite3NotPureFunc	24	static
../Core/Src/sqlite3.c:125181:13:roundFunc	48	static
../Core/Src/sqlite3.c:175963:16:sqlite3_overload_function	40	static
../Core/Src/sqlite3.c:175937:13:sqlite3InvalidFunction	32	static
../Core/Src/sqlite3.c:177021:12:openDatabase	88	static
../Core/Src/sqlite3.c:177375:16:sqlite3_open	0	static
../Core/Src/sqlite3.c:177382:16:sqlite3_open_v2	0	static
../Core/Src/sqlite3.c:177395:16:sqlite3_open16	32	static
../Core/Src/sqlite3.c:24754:13:ctimeFunc	104	static
../Core/Src/sqlite3.c:24768:13:cdateFunc	112	static
../Core/Src/sqlite3.c:24782:13:ctimestampFunc	136	static
../Core/Src/sqlite3.c:24441:12:isDate	208	static
../Core/Src/sqlite3.c:24647:13:strftimeFunc	184	static
../Core/Src/sqlite3.c:24520:13:datetimeFunc	136	static
../Core/Src/sqlite3.c:24567:13:timeFunc	96	static
../Core/Src/sqlite3.c:24596:13:dateFunc	112	static
../Core/Src/sqlite3.c:24503:13:unixepochFunc	80	static
../Core/Src/sqlite3.c:24485:13:juliandayFunc	80	static
../Core/Src/sqlite3.c:173723:16:sqlite3_complete16	24	static
../Core/Src/sqlite3.c:199355:26:jsonParseAddNodeExpand	40	static
../Core/Src/sqlite3.c:199382:12:jsonParseAddNode	8	static
../Core/Src/sqlite3.c:199418:12:jsonParseValue	32	static
../Core/Src/sqlite3.c:199579:12:jsonParse	24	static
../Core/Src/sqlite3.c:199665:19:jsonParseCached	56	static
../Core/Src/sqlite3.c:200593:13:jsonValidFunc	8	static
../Core/Src/sqlite3.c:200271:18:jsonMergePatch	64	static
../Core/Src/sqlite3.c:200353:13:jsonPatchFunc	88	static
../Core/Src/sqlite3.c:199903:18:jsonLookupAppend	32	static
../Core/Src/sqlite3.c:199750:18:jsonLookupStep	72	static
../Core/Src/sqlite3.c:199943:18:jsonLookup	48	static
../Core/Src/sqlite3.c:200565:13:jsonTypeFunc	32	static
../Core/Src/sqlite3.c:200188:13:jsonExtractFunc	168	static
../Core/Src/sqlite3.c:200128:13:jsonArrayLengthFunc	24	static
../Core/Src/sqlite3.c:201164:12:jsonEachFilter	56	static
../Core/Src/sqlite3.c:200427:13:jsonRemoveFunc	96	static
../Core/Src/sqlite3.c:200460:13:jsonReplaceFunc	88	static
../Core/Src/sqlite3.c:200512:13:jsonSetFunc	96	static
../Core/Src/sqlite3.c:29366:18:sqlite3_malloc64	24	static
../Core/Src/sqlite3.c:29360:18:sqlite3_malloc	24	static
../Core/Src/sqlite3.c:177545:16:sqlite3_global_recover	0	static
