Archive member included to satisfy reference by file (symbol)

/Applications/STM32CubeIDE.app/Contents/Eclipse/plugins/com.st.stm32cube.ide.mcu.externaltools.gnu-tools-for-stm32.10.3-2021.10.macos64_1.0.0.202111181127/tools/bin/../lib/gcc/arm-none-eabi/10.3.1/../../../../arm-none-eabi/lib/thumb/v7e-m+dp/hard/libc_nano.a(lib_a-assert.o)
                              ./Core/Src/lfs.o (__assert_func)
/Applications/STM32CubeIDE.app/Contents/Eclipse/plugins/com.st.stm32cube.ide.mcu.externaltools.gnu-tools-for-stm32.10.3-2021.10.macos64_1.0.0.202111181127/tools/bin/../lib/gcc/arm-none-eabi/10.3.1/../../../../arm-none-eabi/lib/thumb/v7e-m+dp/hard/libc_nano.a(lib_a-errno.o)
                              ./Core/Src/syscalls.o (__errno)
/Applications/STM32CubeIDE.app/Contents/Eclipse/plugins/com.st.stm32cube.ide.mcu.externaltools.gnu-tools-for-stm32.10.3-2021.10.macos64_1.0.0.202111181127/tools/bin/../lib/gcc/arm-none-eabi/10.3.1/../../../../arm-none-eabi/lib/thumb/v7e-m+dp/hard/libc_nano.a(lib_a-exit.o)
                              /Applications/STM32CubeIDE.app/Contents/Eclipse/plugins/com.st.stm32cube.ide.mcu.externaltools.gnu-tools-for-stm32.10.3-2021.10.macos64_1.0.0.202111181127/tools/bin/../lib/gcc/arm-none-eabi/10.3.1/../../../../arm-none-eabi/lib/thumb/v7e-m+dp/hard/crt0.o (exit)
/Applications/STM32CubeIDE.app/Contents/Eclipse/plugins/com.st.stm32cube.ide.mcu.externaltools.gnu-tools-for-stm32.10.3-2021.10.macos64_1.0.0.202111181127/tools/bin/../lib/gcc/arm-none-eabi/10.3.1/../../../../arm-none-eabi/lib/thumb/v7e-m+dp/hard/libc_nano.a(lib_a-fprintf.o)
                              ./Core/Src/Benchmark/bench_sqlite3.o (fprintf)
/Applications/STM32CubeIDE.app/Contents/Eclipse/plugins/com.st.stm32cube.ide.mcu.externaltools.gnu-tools-for-stm32.10.3-2021.10.macos64_1.0.0.202111181127/tools/bin/../lib/gcc/arm-none-eabi/10.3.1/../../../../arm-none-eabi/lib/thumb/v7e-m+dp/hard/libc_nano.a(lib_a-impure.o)
                              /Applications/STM32CubeIDE.app/Contents/Eclipse/plugins/com.st.stm32cube.ide.mcu.externaltools.gnu-tools-for-stm32.10.3-2021.10.macos64_1.0.0.202111181127/tools/bin/../lib/gcc/arm-none-eabi/10.3.1/../../../../arm-none-eabi/lib/thumb/v7e-m+dp/hard/libc_nano.a(lib_a-exit.o) (_global_impure_ptr)
/Applications/STM32CubeIDE.app/Contents/Eclipse/plugins/com.st.stm32cube.ide.mcu.externaltools.gnu-tools-for-stm32.10.3-2021.10.macos64_1.0.0.202111181127/tools/bin/../lib/gcc/arm-none-eabi/10.3.1/../../../../arm-none-eabi/lib/thumb/v7e-m+dp/hard/libc_nano.a(lib_a-init.o)
                              /Applications/STM32CubeIDE.app/Contents/Eclipse/plugins/com.st.stm32cube.ide.mcu.externaltools.gnu-tools-for-stm32.10.3-2021.10.macos64_1.0.0.202111181127/tools/bin/../lib/gcc/arm-none-eabi/10.3.1/../../../../arm-none-eabi/lib/thumb/v7e-m+dp/hard/crt0.o (__libc_init_array)
/Applications/STM32CubeIDE.app/Contents/Eclipse/plugins/com.st.stm32cube.ide.mcu.externaltools.gnu-tools-for-stm32.10.3-2021.10.macos64_1.0.0.202111181127/tools/bin/../lib/gcc/arm-none-eabi/10.3.1/../../../../arm-none-eabi/lib/thumb/v7e-m+dp/hard/libc_nano.a(lib_a-lcltime.o)
                              ./Core/Src/sqlite3.o (localtime)
/Applications/STM32CubeIDE.app/Contents/Eclipse/plugins/com.st.stm32cube.ide.mcu.externaltools.gnu-tools-for-stm32.10.3-2021.10.macos64_1.0.0.202111181127/tools/bin/../lib/gcc/arm-none-eabi/10.3.1/../../../../arm-none-eabi/lib/thumb/v7e-m+dp/hard/libc_nano.a(lib_a-lcltime_r.o)
                              /Applications/STM32CubeIDE.app/Contents/Eclipse/plugins/com.st.stm32cube.ide.mcu.externaltools.gnu-tools-for-stm32.10.3-2021.10.macos64_1.0.0.202111181127/tools/bin/../lib/gcc/arm-none-eabi/10.3.1/../../../../arm-none-eabi/lib/thumb/v7e-m+dp/hard/libc_nano.a(lib_a-lcltime.o) (localtime_r)
/Applications/STM32CubeIDE.app/Contents/Eclipse/plugins/com.st.stm32cube.ide.mcu.externaltools.gnu-tools-for-stm32.10.3-2021.10.macos64_1.0.0.202111181127/tools/bin/../lib/gcc/arm-none-eabi/10.3.1/../../../../arm-none-eabi/lib/thumb/v7e-m+dp/hard/libc_nano.a(lib_a-malloc.o)
                              ./Core/Src/Benchmark/bench_sqlite3.o (malloc)
/Applications/STM32CubeIDE.app/Contents/Eclipse/plugins/com.st.stm32cube.ide.mcu.externaltools.gnu-tools-for-stm32.10.3-2021.10.macos64_1.0.0.202111181127/tools/bin/../lib/gcc/arm-none-eabi/10.3.1/../../../../arm-none-eabi/lib/thumb/v7e-m+dp/hard/libc_nano.a(lib_a-memcmp.o)
                              ./Core/Src/lfs.o (memcmp)
/Applications/STM32CubeIDE.app/Contents/Eclipse/plugins/com.st.stm32cube.ide.mcu.externaltools.gnu-tools-for-stm32.10.3-2021.10.macos64_1.0.0.202111181127/tools/bin/../lib/gcc/arm-none-eabi/10.3.1/../../../../arm-none-eabi/lib/thumb/v7e-m+dp/hard/libc_nano.a(lib_a-memcpy-stub.o)
                              ./Core/Src/lfs.o (memcpy)
[...]
Memory Configuration

Name             Origin             Length             Attributes
FLASH            0x0000000008000000 0x0000000000200000 xr
DTCMRAM          0x0000000020000000 0x0000000000020000 xrw
RAM_D1           0x0000000024000000 0x0000000000080000 xrw
RAM_D2           0x0000000030000000 0x0000000000048000 xrw
RAM_D3           0x0000000038000000 0x0000000000010000 xrw
ITCMRAM          0x0000000000000000 0x0000000000010000 xrw
*default*        0x0000000000000000 0xffffffffffffffff

Linker script and memory map

LOAD /Applications/STM32CubeIDE.app/Contents/Eclipse/plugins/com.st.stm32cube.ide.mcu.externaltools.gnu-tools-for-stm32.10.3-2021.10.macos64_1.0.0.202111181127/tools/bin/../lib/gcc/arm-none-eabi/10.3.1/thumb/v7e-m+dp/hard/crti.o
LOAD /Applications/STM32CubeIDE.app/Contents/Eclipse/plugins/com.st.stm32cube.ide.mcu.externaltools.gnu-tools-for-stm32.10.3-2021.10.macos64_1.0.0.202111181127/tools/bin/../lib/gcc/arm-none-eabi/10.3.1/thumb/v7e-m+dp/hard/crtbegin.o
LOAD /Applications/STM32CubeIDE.app/Contents/Eclipse/plugins/com.st.stm32cube.ide.mcu.externaltools.gnu-tools-for-stm32.10.3-2021.10.macos64_1.0.0.202111181127/tools/bin/../lib/gcc/arm-none-eabi/10.3.1/../../../../arm-none-eabi/lib/thumb/v7e-m+dp/hard/crt0.o
LOAD ./Core/Src/Benchmark/bench_sqlite3.o
LOAD ./Core/Src/Drivers/MRAM_driver.o
LOAD ./Core/Src/Drivers/flash_driver.o
LOAD ./Core/Src/Drivers/littlefs_driver.o
LOAD ./Core/Src/FLASH_SECTOR_H7.o
LOAD ./Core/Src/lfs.o
LOAD ./Core/Src/lfs_util.o
LOAD ./Core/Src/little-fs-test.o
LOAD ./Core/Src/littlefs_sqlite_vfs.o
LOAD ./Core/Src/main.o
LOAD ./Core/Src/sqlite3.o
LOAD ./Core/Src/stm32h7xx_hal_msp.o
LOAD ./Core/Src/stm32h7xx_it.o
LOAD ./Core/Src/syscalls.o
LOAD ./Core/Src/sysmem.o
LOAD ./Core/Src/system_stm32h7xx.o
LOAD ./Core/Startup/startup_stm32h743zitx.o
LOAD ./Drivers/STM32H7xx_HAL_Driver/Src/stm32h7xx_hal.o
LOAD ./Drivers/STM32H7xx_HAL_Driver/Src/stm32h7xx_hal_cortex.o
LOAD ./Drivers/STM32H7xx_HAL_Driver/Src/stm32h7xx_hal_crc.o
LOAD ./Drivers/STM32H7xx_HAL_Driver/Src/stm32h7xx_hal_crc_ex.o
LOAD ./Drivers/STM32H7xx_HAL_Driver/Src/stm32h7xx_hal_dma.o
LOAD ./Drivers/STM32H7xx_HAL_Driver/Src/stm32h7xx_hal_dma_ex.o
LOAD ./Drivers/STM32H7xx_HAL_Driver/Src/stm32h7xx_hal_eth.o
LOAD ./Drivers/STM32H7xx_HAL_Driver/Src/stm32h7xx_hal_eth_ex.o
LOAD ./Drivers/STM32H7xx_HAL_Driver/Src/stm32h7xx_hal_exti.o
LOAD ./Drivers/STM32H7xx_HAL_Driver/Src/stm32h7xx_hal_flash.o
LOAD ./Drivers/STM32H7xx_HAL_Driver/Src/stm32h7xx_hal_flash_ex.o
LOAD ./Drivers/STM32H7xx_HAL_Driver/Src/stm32h7xx_hal_gpio.o
LOAD ./Drivers/STM32H7xx_HAL_Driver/Src/stm32h7xx_hal_hsem.o
LOAD ./Drivers/STM32H7xx_HAL_Driver/Src/stm32h7xx_hal_i2c.o
LOAD ./Drivers/STM32H7xx_HAL_Driver/Src/stm32h7xx_hal_i2c_ex.o
LOAD ./Drivers/STM32H7xx_HAL_Driver/Src/stm32h7xx_hal_mdma.o
LOAD ./Drivers/STM32H7xx_HAL_Driver/Src/stm32h7xx_hal_pwr.o
LOAD ./Drivers/STM32H7xx_HAL_Driver/Src/stm32h7xx_hal_pwr_ex.o
LOAD ./Drivers/STM32H7xx_HAL_Driver/Src/stm32h7xx_hal_rcc.o
LOAD ./Drivers/STM32H7xx_HAL_Driver/Src/stm32h7xx_hal_rcc_ex.o
LOAD ./Drivers/STM32H7xx_HAL_Driver/Src/stm32h7xx_hal_sram.o
LOAD ./Drivers/STM32H7xx_HAL_Driver/Src/stm32h7xx_hal_tim.o
LOAD ./Drivers/STM32H7xx_HAL_Driver/Src/stm32h7xx_hal_tim_ex.o
LOAD ./Drivers/STM32H7xx_HAL_Driver/Src/stm32h7xx_ll_fmc.o
START GROUP
LOAD /Applications/STM32CubeIDE.app/Contents/Eclipse/plugins/com.st.stm32cube.ide.mcu.externaltools.gnu-tools-for-stm32.10.3-2021.10.macos64_1.0.0.202111181127/tools/bin/../lib/gcc/arm-none-eabi/10.3.1/../../../../arm-none-eabi/lib/thumb/v7e-m+dp/hard/libc_nano.a
LOAD /Applications/STM32CubeIDE.app/Contents/Eclipse/plugins/com.st.stm32cube.ide.mcu.externaltools.gnu-tools-for-stm32.10.3-2021.10.macos64_1.0.0.202111181127/tools/bin/../lib/gcc/arm-none-eabi/10.3.1/../../../../arm-none-eabi/lib/thumb/v7e-m+dp/hard/libm.a
END GROUP
START GROUP
LOAD /Applications/STM32CubeIDE.app/Contents/Eclipse/plugins/com.st.stm32cube.ide.mcu.externaltools.gnu-tools-for-stm32.10.3-2021.10.macos64_1.0.0.202111181127/tools/bin/../lib/gcc/arm-none-eabi/10.3.1/thumb/v7e-m+dp/hard/libgcc.a
LOAD /Applications/STM32CubeIDE.app/Contents/Eclipse/plugins/com.st.stm32cube.ide.mcu.externaltools.gnu-tools-for-stm32.10.3-2021.10.macos64_1.0.0.202111181127/tools/bin/../lib/gcc/arm-none-eabi/10.3.1/../../../../arm-none-eabi/lib/thumb/v7e-m+dp/hard/libc_nano.a
END GROUP
START GROUP
LOAD /Applications/STM32CubeIDE.app/Contents/Eclipse/plugins/com.st.stm32cube.ide.mcu.externaltools.gnu-tools-for-stm32.10.3-2021.10.macos64_1.0.0.202111181127/tools/bin/../lib/gcc/arm-none-eabi/10.3.1/thumb/v7e-m+dp/hard/libgcc.a
LOAD /Applications/STM32CubeIDE.app/Contents/Eclipse/plugins/com.st.stm32cube.ide.mcu.externaltools.gnu-tools-for-stm32.10.3-2021.10.macos64_1.0.0.202111181127/tools/bin/../lib/gcc/arm-none-eabi/10.3.1/../../../../arm-none-eabi/lib/thumb/v7e-m+dp/hard/libc_nano.a
LOAD /Applications/STM32CubeIDE.app/Contents/Eclipse/plugins/com.st.stm32cube.ide.mcu.externaltools.gnu-tools-for-stm32.10.3-2021.10.macos64_1.0.0.202111181127/tools/bin/../lib/gcc/arm-none-eabi/10.3.1/../../../../arm-none-eabi/lib/thumb/v7e-m+dp/hard/libnosys.a
END GROUP
START GROUP
LOAD /Applications/STM32CubeIDE.app/Contents/Eclipse/plugins/com.st.stm32cube.ide.mcu.externaltools.gnu-tools-for-stm32.10.3-2021.10.macos64_1.0.0.202111181127/tools/bin/../lib/gcc/arm-none-eabi/10.3.1/thumb/v7e-m+dp/hard/libgcc.a
LOAD /Applications/STM32CubeIDE.app/Contents/Eclipse/plugins/com.st.stm32cube.ide.mcu.externaltools.gnu-tools-for-stm32.10.3-2021.10.macos64_1.0.0.202111181127/tools/bin/../lib/gcc/arm-none-eabi/10.3.1/../../../../arm-none-eabi/lib/thumb/v7e-m+dp/hard/libc_nano.a
LOAD /Applications/STM32CubeIDE.app/Contents/Eclipse/plugins/com.st.stm32cube.ide.mcu.externaltools.gnu-tools-for-stm32.10.3-2021.10.macos64_1.0.0.202111181127/tools/bin/../lib/gcc/arm-none-eabi/10.3.1/../../../../arm-none-eabi/lib/thumb/v7e-m+dp/hard/libnosys.a
END GROUP
LOAD /Applications/STM32CubeIDE.app/Contents/Eclipse/plugins/com.st.stm32cube.ide.mcu.externaltools.gnu-tools-for-stm32.10.3-2021.10.macos64_1.0.0.202111181127/tools/bin/../lib/gcc/arm-none-eabi/10.3.1/thumb/v7e-m+dp/hard/crtend.o
LOAD /Applications/STM32CubeIDE.app/Contents/Eclipse/plugins/com.st.stm32cube.ide.mcu.externaltools.gnu-tools-for-stm32.10.3-2021.10.macos64_1.0.0.202111181127/tools/bin/../lib/gcc/arm-none-eabi/10.3.1/thumb/v7e-m+dp/hard/crtn.o
                0x0000000024080000                _estack = (ORIGIN (RAM_D1) + LENGTH (RAM_D1))
                0x0000000000000200                _Min_Heap_Size = 0x200
                0x0000000000000400                _Min_Stack_Size = 0x400

.isr_vector     0x0000000008000000      0x298
                0x0000000008000000                . = ALIGN (0x4)
 *(.isr_vector)
 .isr_vector    0x0000000008000000      0x298 ./Core/Startup/startup_stm32h743zitx.o
                0x0000000008000000                g_pfnVectors
                0x0000000008000298                . = ALIGN (0x4)

.text           0x00000000080002a0    0x98c58
                0x00000000080002a0                . = ALIGN (0x4)
 *(.text)
 .text          0x00000000080002a0       0x40 /Applications/STM32CubeIDE.app/Contents/Eclipse/plugins/com.st.stm32cube.ide.mcu.externaltools.gnu-tools-for-stm32.10.3-2021.10.macos64_1.0.0.202111181127/tools/bin/../lib/gcc/arm-none-eabi/10.3.1/thumb/v7e-m+dp/hard/crtbegin.o
 .text          0x00000000080002e0       0x14 /Applications/STM32CubeIDE.app/Contents/Eclipse/plugins/com.st.stm32cube.ide.mcu.externaltools.gnu-tools-for-stm32.10.3-2021.10.macos64_1.0.0.202111181127/tools/bin/../lib/gcc/arm-none-eabi/10.3.1/../../../../arm-none-eabi/lib/thumb/v7e-m+dp/hard/libc_nano.a(lib_a-strcmp.o)
                0x00000000080002e0                strcmp
 .text          0x00000000080002f4       0x10 /Applications/STM32CubeIDE.app/Contents/Eclipse/plugins/com.st.stm32cube.ide.mcu.externaltools.gnu-tools-for-stm32.10.3-2021.10.macos64_1.0.0.202111181127/tools/bin/../lib/gcc/arm-none-eabi/10.3.1/../../../../arm-none-eabi/lib/thumb/v7e-m+dp/hard/libc_nano.a(lib_a-strlen.o)
                0x00000000080002f4                strlen
 *fill*         0x0000000008000304        0xc 
 .text          0x0000000008000310       0xa0 /Applications/STM32CubeIDE.app/Contents/Eclipse/plugins/com.st.stm32cube.ide.mcu.externaltools.gnu-tools-for-stm32.10.3-2021.10.macos64_1.0.0.202111181127/tools/bin/../lib/gcc/arm-none-eabi/10.3.1/../../../../arm-none-eabi/lib/thumb/v7e-m+dp/hard/libc_nano.a(lib_a-memchr.o)
                0x0000000008000310                memchr
 .text          0x00000000080003b0      0x378 /Applications/STM32CubeIDE.app/Contents/Eclipse/plugins/com.st.stm32cube.ide.mcu.externaltools.gnu-tools-for-stm32.10.3-2021.10.macos64_1.0.0.202111181127/tools/bin/../lib/gcc/arm-none-eabi/10.3.1/thumb/v7e-m+dp/hard/libgcc.a(_arm_addsubdf3.o)
                0x00000000080003b0                __aeabi_drsub
                0x00000000080003b8                __subdf3
                0x00000000080003b8                __aeabi_dsub
                0x00000000080003bc                __aeabi_dadd
                0x00000000080003bc                __adddf3
                0x0000000008000634                __aeabi_ui2d
                0x0000000008000634                __floatunsidf
                0x0000000008000654                __floatsidf
                0x0000000008000654                __aeabi_i2d
                0x0000000008000678                __extendsfdf2
                0x0000000008000678                __aeabi_f2d
                0x00000000080006bc                __aeabi_ul2d
                0x00000000080006bc                __floatundidf
                0x00000000080006cc                __aeabi_l2d
                0x00000000080006cc                __floatdidf
 .text          0x0000000008000728      0x21c /Applications/STM32CubeIDE.app/Contents/Eclipse/plugins/com.st.stm32cube.ide.mcu.externaltools.gnu-tools-for-stm32.10.3-2021.10.macos64_1.0.0.202111181127/tools/bin/../lib/gcc/arm-none-eabi/10.3.1/thumb/v7e-m+dp/hard/libgcc.a(_arm_addsubsf3.o)
                0x0000000008000728                __aeabi_frsub
                0x0000000008000730                __aeabi_fsub
                0x0000000008000730                __subsf3
                0x0000000008000734                __aeabi_fadd
                0x0000000008000734                __addsf3
                0x0000000008000894                __aeabi_ui2f
                0x0000000008000894                __floatunsisf
                0x000000000800089c                __floatsisf
                0x000000000800089c                __aeabi_i2f
                0x00000000080008b8                __aeabi_ul2f
                0x00000000080008b8                __floatundisf
                0x00000000080008c8                __aeabi_l2f
                0x00000000080008c8                __floatdisf
 .text          0x0000000008000944       0xa0 /Applications/STM32CubeIDE.app/Contents/Eclipse/plugins/com.st.stm32cube.ide.mcu.externaltools.gnu-tools-for-stm32.10.3-2021.10.macos64_1.0.0.202111181127/tools/bin/../lib/gcc/arm-none-eabi/10.3.1/thumb/v7e-m+dp/hard/libgcc.a(_aeabi_ldivmod.o)
                0x0000000008000944                __aeabi_ldivmod
 .text          0x00000000080009e4       0x30 /Applications/STM32CubeIDE.app/Contents/Eclipse/plugins/com.st.stm32cube.ide.mcu.externaltools.gnu-tools-for-stm32.10.3-2021.10.macos64_1.0.0.202111181127/tools/bin/../lib/gcc/arm-none-eabi/10.3.1/thumb/v7e-m+dp/hard/libgcc.a(_aeabi_uldivmod.o)
                0x00000000080009e4                __aeabi_uldivmod
 .text          0x0000000008000a14       0x28 /Applications/STM32CubeIDE.app/Contents/Eclipse/plugins/com.st.stm32cube.ide.mcu.externaltools.gnu-tools-for-stm32.10.3-2021.10.macos64_1.0.0.202111181127/tools/bin/../lib/gcc/arm-none-eabi/10.3.1/thumb/v7e-m+dp/hard/libgcc.a(_popcountsi2.o)
                0x0000000008000a14                __popcountsi2
 .text          0x0000000008000a3c       0x30 /Applications/STM32CubeIDE.app/Contents/Eclipse/plugins/com.st.stm32cube.ide.mcu.externaltools.gnu-tools-for-stm32.10.3-2021.10.macos64_1.0.0.202111181127/tools/bin/../lib/gcc/arm-none-eabi/10.3.1/thumb/v7e-m+dp/hard/libgcc.a(_fixdfdi.o)
                0x0000000008000a3c                __aeabi_d2lz
                0x0000000008000a3c                __fixdfdi
 *fill*         0x0000000008000a6c        0x4 
 .text          0x0000000008000a70       0x40 /Applications/STM32CubeIDE.app/Contents/Eclipse/plugins/com.st.stm32cube.ide.mcu.externaltools.gnu-tools-for-stm32.10.3-2021.10.macos64_1.0.0.202111181127/tools/bin/../lib/gcc/arm-none-eabi/10.3.1/thumb/v7e-m+dp/hard/libgcc.a(_fixunsdfdi.o)
                0x0000000008000a70                __aeabi_d2ulz
                0x0000000008000a70                __fixunsdfdi
 .text          0x0000000008000ab0      0x2d0 /Applications/STM32CubeIDE.app/Contents/Eclipse/plugins/com.st.stm32cube.ide.mcu.externaltools.gnu-tools-for-stm32.10.3-2021.10.macos64_1.0.0.202111181127/tools/bin/../lib/gcc/arm-none-eabi/10.3.1/thumb/v7e-m+dp/hard/libgcc.a(_udivmoddi4.o)
                0x0000000008000ab0                __udivmoddi4
 .text          0x0000000008000d80        0x4 /Applications/STM32CubeIDE.app/Contents/Eclipse/plugins/com.st.stm32cube.ide.mcu.externaltools.gnu-tools-for-stm32.10.3-2021.10.macos64_1.0.0.202111181127/tools/bin/../lib/gcc/arm-none-eabi/10.3.1/thumb/v7e-m+dp/hard/libgcc.a(_dvmd_tls.o)
                0x0000000008000d80                __aeabi_ldiv0
                0x0000000008000d80                __aeabi_idiv0
 *(.text*)
 .text.print_sqlite_version
                0x0000000008000d84       0x64 ./Core/Src/Benchmark/bench_sqlite3.o
                0x0000000008000d84                print_sqlite_version
 .text.measure_basic_throughput
                0x0000000008000de8      0x3ec ./Core/Src/Benchmark/bench_sqlite3.o
                0x0000000008000de8                measure_basic_throughput
 .text.test_sqlite3
                0x00000000080011d4      0x190 ./Core/Src/Benchmark/bench_sqlite3.o
                0x00000000080011d4                test_sqlite3
 .text.lfs_read_flash
                0x0000000008001364       0x28 ./Core/Src/Drivers/littlefs_driver.o
                0x0000000008001364                lfs_read_flash
 .text.lfs_prog_flash
                0x000000000800138c       0x28 ./Core/Src/Drivers/littlefs_driver.o
                0x000000000800138c                lfs_prog_flash
 .text.lfs_erase_sector_flash
                0x00000000080013b4       0x20 ./Core/Src/Drivers/littlefs_driver.o
                0x00000000080013b4                lfs_erase_sector_flash
 .text.lfs_sync_flash
                0x00000000080013d4        0x8 ./Core/Src/Drivers/littlefs_driver.o
                0x00000000080013d4                lfs_sync_flash
 .text.lfs_dir_traverse_filter
                0x00000000080013dc       0x7c ./Core/Src/lfs.o
 .text.lfs_dir_commit_size
                0x0000000008001458       0x20 ./Core/Src/lfs.o
 .text.lfs_init
                0x0000000008001478      0x264 ./Core/Src/lfs.o
 .text.lfs_bd_erase.part.0
                0x00000000080016dc       0x1c ./Core/Src/lfs.o
 .text.lfs_fs_preporphans.part.0
                0x00000000080016f8       0x1c ./Core/Src/lfs.o
 .text.lfs_bd_read.part.0.constprop.0
                0x0000000008001714      0x158 ./Core/Src/lfs.o
 .text.lfs_bd_read
                0x000000000800186c      0x1c0 ./Core/Src/lfs.o
 .text.lfs_fs_parent_match
                0x0000000008001a2c       0x50 ./Core/Src/lfs.o
 .text.lfs_ctz_traverse.part.0.constprop.0
                0x0000000008001a7c       0x98 ./Core/Src/lfs.o
 .text.lfs_dir_find_match
                0x0000000008001b14       0xb8 ./Core/Src/lfs.o
 .text.lfs_ctz_find.constprop.0
                0x0000000008001bcc      0x114 ./Core/Src/lfs.o
 .text.lfs_bd_flush
                0x0000000008001ce0      0x128 ./Core/Src/lfs.o
 .text.lfs_bd_prog.part.0
                0x0000000008001e08       0xcc ./Core/Src/lfs.o
 .text.lfs_dir_commitprog
                0x0000000008001ed4       0x80 ./Core/Src/lfs.o
 .text.lfs_dir_commitattr
                0x0000000008001f54      0x13c ./Core/Src/lfs.o
 .text.lfs_dir_commit_commit
                0x0000000008002090        0xc ./Core/Src/lfs.o
 .text.lfs_dir_traverse.constprop.0
                0x000000000800209c      0x31c ./Core/Src/lfs.o
 .text.lfs_dir_commitcrc
                0x00000000080023b8      0x394 ./Core/Src/lfs.o
 .text.lfs_dir_getgstate
                0x000000000800274c      0x12c ./Core/Src/lfs.o
 .text.lfs_dir_getslice.constprop.2
                0x0000000008002878      0x178 ./Core/Src/lfs.o
 .text.lfs_file_flushedread
                0x00000000080029f0      0x198 ./Core/Src/lfs.o
 .text.lfs_dir_getslice.constprop.1
                0x0000000008002b88      0x180 ./Core/Src/lfs.o
 .text.lfs_dir_getslice.constprop.0
                0x0000000008002d08      0x180 ./Core/Src/lfs.o
 .text.lfs_dir_getinfo
                0x0000000008002e88      0x220 ./Core/Src/lfs.o
 .text.lfs_dir_fetchmatch
                0x00000000080030a8      0x644 ./Core/Src/lfs.o
 .text.lfs_fs_parent
                0x00000000080036ec       0xb8 ./Core/Src/lfs.o
 .text.lfs_fs_pred
                0x00000000080037a4       0xb8 ./Core/Src/lfs.o
 .text.lfs_dir_find
                0x000000000800385c      0x184 ./Core/Src/lfs.o
 .text.lfs_fs_rawtraverse.constprop.0
                0x00000000080039e0      0x184 ./Core/Src/lfs.o
 .text.lfs_dir_alloc
                0x0000000008003b64      0x684 ./Core/Src/lfs.o
 .text.lfs_alloc
                0x00000000080041e8      0x59c ./Core/Src/lfs.o
 .text.lfs_file_relocate
                0x0000000008004784      0x220 ./Core/Src/lfs.o
 .text.lfs_dir_compact
                0x00000000080049a4      0x350 ./Core/Src/lfs.o
 .text.lfs_dir_splittingcompact.constprop.0
                0x0000000008004cf4      0x8b8 ./Core/Src/lfs.o
 .text.lfs_dir_relocatingcommit.constprop.0
                0x00000000080055ac      0x43c ./Core/Src/lfs.o
 .text.lfs_dir_relocatingcommit
                0x00000000080059e8      0x6bc ./Core/Src/lfs.o
 .text.lfs_file_flushedwrite
                0x00000000080060a4      0x408 ./Core/Src/lfs.o
 .text.lfs_file_flush
                0x00000000080064ac      0x11c ./Core/Src/lfs.o
 .text.lfs_dir_orphaningcommit
                0x00000000080065c8      0x470 ./Core/Src/lfs.o
 .text.lfs_file_rawseek
                0x0000000008006a38       0xdc ./Core/Src/lfs.o
 .text.lfs_file_rawwrite
                0x0000000008006b14       0xac ./Core/Src/lfs.o
 .text.lfs_fs_deorphan.part.0
                0x0000000008006bc0      0x244 ./Core/Src/lfs.o
 .text.lfs_file_rawsync.part.0
                0x0000000008006e04       0xa8 ./Core/Src/lfs.o
 .text.lfs_fs_forceconsistency
                0x0000000008006eac      0x190 ./Core/Src/lfs.o
 .text.lfs_file_rawopencfg
                0x000000000800703c      0x298 ./Core/Src/lfs.o
 .text.lfs_format
                0x00000000080072d4      0x12c ./Core/Src/lfs.o
                0x00000000080072d4                lfs_format
 .text.lfs_mount
                0x0000000008007400      0x2fc ./Core/Src/lfs.o
                0x0000000008007400                lfs_mount
 .text.lfs_unmount
                0x00000000080076fc       0x3c ./Core/Src/lfs.o
                0x00000000080076fc                lfs_unmount
 .text.lfs_remove
                0x0000000008007738      0x348 ./Core/Src/lfs.o
                0x0000000008007738                lfs_remove
 .text.lfs_file_open
                0x0000000008007a80       0x44 ./Core/Src/lfs.o
                0x0000000008007a80                lfs_file_open
 .text.lfs_file_close
                0x0000000008007ac4       0xa4 ./Core/Src/lfs.o
                0x0000000008007ac4                lfs_file_close
 .text.lfs_file_sync
                0x0000000008007b68       0x60 ./Core/Src/lfs.o
                0x0000000008007b68                lfs_file_sync
 .text.lfs_file_read
                0x0000000008007bc8       0x78 ./Core/Src/lfs.o
                0x0000000008007bc8                lfs_file_read
 .text.lfs_file_write
                0x0000000008007c40       0x38 ./Core/Src/lfs.o
                0x0000000008007c40                lfs_file_write
 .text.lfs_file_seek
                0x0000000008007c78      0x108 ./Core/Src/lfs.o
                0x0000000008007c78                lfs_file_seek
 .text.lfs_file_truncate
                0x0000000008007d80      0x178 ./Core/Src/lfs.o
                0x0000000008007d80                lfs_file_truncate
 .text.lfs_file_size
                0x0000000008007ef8       0x48 ./Core/Src/lfs.o
                0x0000000008007ef8                lfs_file_size
 .text.lfs_dir_open
                0x0000000008007f40       0xc4 ./Core/Src/lfs.o
                0x0000000008007f40                lfs_dir_open
 .text.lfs_dir_close
                0x0000000008008004       0x28 ./Core/Src/lfs.o
                0x0000000008008004                lfs_dir_close
 .text.lfs_dir_read
                0x000000000800802c       0xe8 ./Core/Src/lfs.o
                0x000000000800802c                lfs_dir_read
 .text.lfs_crc  0x0000000008008114       0x44 ./Core/Src/lfs_util.o
                0x0000000008008114                lfs_crc
 .text.littlefs_vfs_lock_file
                0x0000000008008158        0x4 ./Core/Src/littlefs_sqlite_vfs.o
                0x0000000008008158                littlefs_vfs_lock_file
 .text.littlefs_vfs_check_reserved_lock_file
                0x000000000800815c        0x4 ./Core/Src/littlefs_sqlite_vfs.o
                0x000000000800815c                littlefs_vfs_check_reserved_lock_file
 .text.littlefs_vfs_file_control_file
                0x0000000008008160        0x4 ./Core/Src/littlefs_sqlite_vfs.o
                0x0000000008008160                littlefs_vfs_file_control_file
 .text.littlefs_vfs_sector_size_file
                0x0000000008008164        0xc ./Core/Src/littlefs_sqlite_vfs.o
                0x0000000008008164                littlefs_vfs_sector_size_file
 .text.littlefs_vfs_device_characteristics_file
                0x0000000008008170        0x8 ./Core/Src/littlefs_sqlite_vfs.o
                0x0000000008008170                littlefs_vfs_device_characteristics_file
 .text.littlefs_vfs_shm_map_file
                0x0000000008008178        0x4 ./Core/Src/littlefs_sqlite_vfs.o
                0x0000000008008178                littlefs_vfs_shm_map_file
 .text.littlefs_vfs_shm_lock_file
                0x000000000800817c        0x4 ./Core/Src/littlefs_sqlite_vfs.o
                0x000000000800817c                littlefs_vfs_shm_lock_file
 .text.littlefs_vfs_shm_barrier_file
                0x0000000008008180        0x4 ./Core/Src/littlefs_sqlite_vfs.o
                0x0000000008008180                littlefs_vfs_shm_barrier_file
 .text.littlefs_vfs_fetch_file
                0x0000000008008184        0x4 ./Core/Src/littlefs_sqlite_vfs.o
                0x0000000008008184                littlefs_vfs_fetch_file
 .text.littlefs_vfs_unfetch_file
                0x0000000008008188        0x4 ./Core/Src/littlefs_sqlite_vfs.o
                0x0000000008008188                littlefs_vfs_unfetch_file
 .text.littlefs_vfs_dl_open
                0x000000000800818c        0x4 ./Core/Src/littlefs_sqlite_vfs.o
                0x000000000800818c                littlefs_vfs_dl_open
 .text.littlefs_vfs_delete_file
                0x0000000008008190       0x10 ./Core/Src/littlefs_sqlite_vfs.o
                0x0000000008008190                littlefs_vfs_delete_file
 .text.littlefs_vfs_close_file
                0x00000000080081a0       0x14 ./Core/Src/littlefs_sqlite_vfs.o
                0x00000000080081a0                littlefs_vfs_close_file
 .text.littlefs_vfs_read_file
                0x00000000080081b4       0x2c ./Core/Src/littlefs_sqlite_vfs.o
                0x00000000080081b4                littlefs_vfs_read_file
 .text.littlefs_vfs_write_file
                0x00000000080081e0       0x2c ./Core/Src/littlefs_sqlite_vfs.o
                0x00000000080081e0                littlefs_vfs_write_file
 .text.littlefs_vfs_truncate_file
                0x000000000800820c       0x14 ./Core/Src/littlefs_sqlite_vfs.o
                0x000000000800820c                littlefs_vfs_truncate_file
 .text.littlefs_vfs_sync_file
                0x0000000008008220       0x14 ./Core/Src/littlefs_sqlite_vfs.o
                0x0000000008008220                littlefs_vfs_sync_file
 .text.littlefs_vfs_size_file
                0x0000000008008234       0x20 ./Core/Src/littlefs_sqlite_vfs.o
                0x0000000008008234                littlefs_vfs_size_file
 .text.littlefs_vfs_open_file
                0x0000000008008254       0x24 ./Core/Src/littlefs_sqlite_vfs.o
                0x0000000008008254                littlefs_vfs_open_file
 .text.littlefs_vfs_full_path_name
                0x0000000008008278       0x18 ./Core/Src/littlefs_sqlite_vfs.o
                0x0000000008008278                littlefs_vfs_full_path_name
 .text.littlefs_vfs_randomness
                0x0000000008008290       0x34 ./Core/Src/littlefs_sqlite_vfs.o
                0x0000000008008290                littlefs_vfs_randomness
 .text.littlefs_vfs_sleep
                0x00000000080082c4       0x1c ./Core/Src/littlefs_sqlite_vfs.o
                0x00000000080082c4                littlefs_vfs_sleep
 .text.littlefs_vfs_current_time
                0x00000000080082e0       0x20 ./Core/Src/littlefs_sqlite_vfs.o
                0x00000000080082e0                littlefs_vfs_current_time
 .text.littlefs_vfs_current_time_int64
                0x0000000008008300       0x1c ./Core/Src/littlefs_sqlite_vfs.o
                0x0000000008008300                littlefs_vfs_current_time_int64
 .text.littlefs_vfs_unlock_file
                0x000000000800831c        0x4 ./Core/Src/littlefs_sqlite_vfs.o
                0x000000000800831c                littlefs_vfs_unlock_file
 .text.littlefs_vfs_shm_unmap_file
                0x0000000008008320        0x4 ./Core/Src/littlefs_sqlite_vfs.o
                0x0000000008008320                littlefs_vfs_shm_unmap_file
 .text.littlefs_vfs_access_file
                0x0000000008008324       0x40 ./Core/Src/littlefs_sqlite_vfs.o
                0x0000000008008324                littlefs_vfs_access_file
 .text.littlefs_vfs_ls
                0x0000000008008364       0xc8 ./Core/Src/littlefs_sqlite_vfs.o
                0x0000000008008364                littlefs_vfs_ls
 .text.littlefs_vfs_init
                0x000000000800842c       0xf0 ./Core/Src/littlefs_sqlite_vfs.o
                0x000000000800842c                littlefs_vfs_init
 .text.littlefs_vfs_close
                0x000000000800851c        0xc ./Core/Src/littlefs_sqlite_vfs.o
                0x000000000800851c                littlefs_vfs_close
 .text.get_littlefs_vfs
                0x0000000008008528        0x8 ./Core/Src/littlefs_sqlite_vfs.o
                0x0000000008008528                get_littlefs_vfs
 .text._write   0x0000000008008530       0x5c ./Core/Src/main.o
                0x0000000008008530                _write
 .text.MPU_RegionConfig
                0x000000000800858c       0x40 ./Core/Src/main.o
                0x000000000800858c                MPU_RegionConfig
 .text.SystemClock_Config
                0x00000000080085cc      0x10c ./Core/Src/main.o
                0x00000000080085cc                SystemClock_Config
 .text.startup.main
                0x00000000080086d8      0x2e0 ./Core/Src/main.o
                0x00000000080086d8                main
 .text.Error_Handler
                0x00000000080089b8        0x4 ./Core/Src/main.o
                0x00000000080089b8                Error_Handler
 .text.sqlite3MemSize
                0x00000000080089bc        0x8 ./Core/Src/sqlite3.o
 .text.sqlite3MemRoundup
                0x00000000080089c4        0x8 ./Core/Src/sqlite3.o
 .text.sqlite3MemInit
                0x00000000080089cc        0x4 ./Core/Src/sqlite3.o
 .text.memsys5Size
                0x00000000080089d0       0x20 ./Core/Src/sqlite3.o
 .text.memsys5Shutdown
                0x00000000080089f0        0xc ./Core/Src/sqlite3.o
 .text.sqlite3_release_memory
                0x00000000080089fc        0x4 ./Core/Src/sqlite3.o
                0x00000000080089fc                sqlite3_release_memory
 .text.sqlite3_memory_used
                0x0000000008008a00        0xc ./Core/Src/sqlite3.o
                0x0000000008008a00                sqlite3_memory_used
 .text.sqlite3_memory_highwater
                0x0000000008008a0c       0x14 ./Core/Src/sqlite3.o
                0x0000000008008a0c                sqlite3_memory_highwater
 .text.sqlite3_msize
                0x0000000008008a20       0x18 ./Core/Src/sqlite3.o
                0x0000000008008a20                sqlite3_msize
 .text.measureAllocationSize
                0x0000000008008a38       0x40 ./Core/Src/sqlite3.o
 .text.sqlite3_str_errcode
                0x0000000008008a78        0xc ./Core/Src/sqlite3.o
                0x0000000008008a78                sqlite3_str_errcode
 .text.sqlite3_str_length
                0x0000000008008a84        0x8 ./Core/Src/sqlite3.o
                0x0000000008008a84                sqlite3_str_length
 .text.sqlite3_str_value
                0x0000000008008a8c       0x14 ./Core/Src/sqlite3.o
                0x0000000008008a8c                sqlite3_str_value
 .text.sqlite3Utf8Read
                0x0000000008008aa0       0x6c ./Core/Src/sqlite3.o
 .text.sqlite3Dequote
                0x0000000008008b0c       0x5c ./Core/Src/sqlite3.o
 .text.sqlite3Atoi64
                0x0000000008008b68      0x364 ./Core/Src/sqlite3.o
 .text.sqlite3GetInt32
                0x0000000008008ecc      0x2f8 ./Core/Src/sqlite3.o
 .text.putVarint64
                0x00000000080091c4      0x1d0 ./Core/Src/sqlite3.o
 .text.sqlite3GetVarint
                0x0000000008009394      0x124 ./Core/Src/sqlite3.o
 .text.findElementWithHash
                0x00000000080094b8       0x98 ./Core/Src/sqlite3.o
 .text.memdbTruncate
                0x0000000008009550       0x24 ./Core/Src/sqlite3.o
 .text.memdbSync
                0x0000000008009574        0x4 ./Core/Src/sqlite3.o
 .text.memdbFileSize
                0x0000000008009578       0x10 ./Core/Src/sqlite3.o
 .text.memdbLock
                0x0000000008009588       0x68 ./Core/Src/sqlite3.o
 .text.memdbUnlock
                0x00000000080095f0       0x30 ./Core/Src/sqlite3.o
 .text.memdbDeviceCharacteristics
                0x0000000008009620        0x8 ./Core/Src/sqlite3.o
 .text.memdbFetch
                0x0000000008009628       0x44 ./Core/Src/sqlite3.o
 .text.memdbUnfetch
                0x000000000800966c       0x10 ./Core/Src/sqlite3.o
 .text.memdbAccess
                0x000000000800967c        0x8 ./Core/Src/sqlite3.o
 .text.memdbDlOpen
                0x0000000008009684        0x8 ./Core/Src/sqlite3.o
 .text.memdbDlError
                0x000000000800968c        0x8 ./Core/Src/sqlite3.o
 .text.memdbDlSym
                0x0000000008009694        0x8 ./Core/Src/sqlite3.o
 .text.memdbDlClose
                0x000000000800969c        0x8 ./Core/Src/sqlite3.o
 .text.memdbRandomness
                0x00000000080096a4        0x8 ./Core/Src/sqlite3.o
 .text.memdbSleep
                0x00000000080096ac        0x8 ./Core/Src/sqlite3.o
 .text.memdbGetLastError
                0x00000000080096b4        0x8 ./Core/Src/sqlite3.o
 .text.memdbCurrentTimeInt64
                0x00000000080096bc        0x8 ./Core/Src/sqlite3.o
 .text.sqlite3BitvecTestNotNull
                0x00000000080096c4       0x84 ./Core/Src/sqlite3.o
 .text.pcacheManageDirtyList
                0x0000000008009748       0x84 ./Core/Src/sqlite3.o
 .text.sqlite3PcacheRelease
                0x00000000080097cc       0x5c ./Core/Src/sqlite3.o
 .text.pcache1Pagecount
                0x0000000008009828        0x4 ./Core/Src/sqlite3.o
 .text.pcache1Rekey
                0x000000000800982c       0x54 ./Core/Src/sqlite3.o
 .text.pagerPagecount
                0x0000000008009880       0x68 ./Core/Src/sqlite3.o
 .text.sqlite3_database_file_object
                0x00000000080098e8       0x2c ./Core/Src/sqlite3.o
                0x00000000080098e8                sqlite3_database_file_object
 .text.getPageError
                0x0000000008009914        0x8 ./Core/Src/sqlite3.o
 .text.walChecksumBytes
                0x000000000800991c       0x80 ./Core/Src/sqlite3.o
 .text.cellSizePtr
                0x000000000800999c      0x100 ./Core/Src/sqlite3.o
 .text.cellSizePtrNoPayload
                0x0000000008009a9c       0x64 ./Core/Src/sqlite3.o
 .text.cellSizePtrTableLeaf
                0x0000000008009b00      0x168 ./Core/Src/sqlite3.o
 .text.btreeGetPage
                0x0000000008009c68       0x3c ./Core/Src/sqlite3.o
 .text.btreeInvokeBusyHandler
                0x0000000008009ca4       0x34 ./Core/Src/sqlite3.o
 .text.computeCellSize
                0x0000000008009cd8       0x20 ./Core/Src/sqlite3.o
 .text.sqlite3_backup_remaining
                0x0000000008009cf8        0x4 ./Core/Src/sqlite3.o
                0x0000000008009cf8                sqlite3_backup_remaining
 .text.sqlite3_backup_pagecount
                0x0000000008009cfc        0x4 ./Core/Src/sqlite3.o
                0x0000000008009cfc                sqlite3_backup_pagecount
 .text.doubleToInt64
                0x0000000008009d00       0x50 ./Core/Src/sqlite3.o
 .text.memIntValue
                0x0000000008009d50       0x24 ./Core/Src/sqlite3.o
 .text.sqlite3NoopDestructor
                0x0000000008009d74        0x4 ./Core/Src/sqlite3.o
 .text.sqlite3VdbeFrameMemDel
                0x0000000008009d78       0x10 ./Core/Src/sqlite3.o
 .text.sqlite3_expired
                0x0000000008009d88       0x14 ./Core/Src/sqlite3.o
                0x0000000008009d88                sqlite3_expired
 .text.sqlite3_value_subtype
                0x0000000008009d9c       0x10 ./Core/Src/sqlite3.o
                0x0000000008009d9c                sqlite3_value_subtype
 .text.sqlite3_value_type
                0x0000000008009dac       0x10 ./Core/Src/sqlite3.o
                0x0000000008009dac                sqlite3_value_type
 .text.sqlite3_value_encoding
                0x0000000008009dbc        0x4 ./Core/Src/sqlite3.o
                0x0000000008009dbc                sqlite3_value_encoding
 .text.sqlite3_value_nochange
                0x0000000008009dc0       0x10 ./Core/Src/sqlite3.o
                0x0000000008009dc0                sqlite3_value_nochange
 .text.sqlite3_value_frombind
                0x0000000008009dd0        0x8 ./Core/Src/sqlite3.o
                0x0000000008009dd0                sqlite3_value_frombind
 .text.sqlite3_result_subtype
                0x0000000008009dd8       0x10 ./Core/Src/sqlite3.o
                0x0000000008009dd8                sqlite3_result_subtype
 .text.sqlite3_user_data
                0x0000000008009de8        0x8 ./Core/Src/sqlite3.o
                0x0000000008009de8                sqlite3_user_data
 .text.sqlite3_context_db_handle
                0x0000000008009df0        0x8 ./Core/Src/sqlite3.o
                0x0000000008009df0                sqlite3_context_db_handle
 .text.sqlite3_vtab_nochange
                0x0000000008009df8       0x14 ./Core/Src/sqlite3.o
                0x0000000008009df8                sqlite3_vtab_nochange
 .text.sqlite3_get_auxdata
                0x0000000008009e0c       0x34 ./Core/Src/sqlite3.o
                0x0000000008009e0c                sqlite3_get_auxdata
 .text.sqlite3_aggregate_count
                0x0000000008009e40        0x8 ./Core/Src/sqlite3.o
                0x0000000008009e40                sqlite3_aggregate_count
 .text.sqlite3_column_count
                0x0000000008009e48        0x8 ./Core/Src/sqlite3.o
                0x0000000008009e48                sqlite3_column_count
 .text.sqlite3_data_count
                0x0000000008009e50       0x10 ./Core/Src/sqlite3.o
                0x0000000008009e50                sqlite3_data_count
 .text.sqlite3_bind_parameter_count
                0x0000000008009e60        0x8 ./Core/Src/sqlite3.o
                0x0000000008009e60                sqlite3_bind_parameter_count
 .text.sqlite3_bind_parameter_name
                0x0000000008009e68       0x38 ./Core/Src/sqlite3.o
                0x0000000008009e68                sqlite3_bind_parameter_name
 .text.sqlite3_db_handle
                0x0000000008009ea0        0x8 ./Core/Src/sqlite3.o
                0x0000000008009ea0                sqlite3_db_handle
 .text.sqlite3_stmt_readonly
                0x0000000008009ea8       0x10 ./Core/Src/sqlite3.o
                0x0000000008009ea8                sqlite3_stmt_readonly
 .text.sqlite3_stmt_isexplain
                0x0000000008009eb8        0xc ./Core/Src/sqlite3.o
                0x0000000008009eb8                sqlite3_stmt_isexplain
 .text.sqlite3_stmt_busy
                0x0000000008009ec4       0x14 ./Core/Src/sqlite3.o
                0x0000000008009ec4                sqlite3_stmt_busy
 .text.sqlite3_next_stmt
                0x0000000008009ed8        0xc ./Core/Src/sqlite3.o
                0x0000000008009ed8                sqlite3_next_stmt
 .text.sqlite3_sql
                0x0000000008009ee4        0x8 ./Core/Src/sqlite3.o
                0x0000000008009ee4                sqlite3_sql
 .text.sqlite3_blob_bytes
                0x0000000008009eec       0x10 ./Core/Src/sqlite3.o
                0x0000000008009eec                sqlite3_blob_bytes
 .text.memjrnlFileSize
                0x0000000008009efc       0x10 ./Core/Src/sqlite3.o
 .text.sqlite3WalkWinDefnDummyCallback
                0x0000000008009f0c        0x4 ./Core/Src/sqlite3.o
 .text.sqlite3WalkerDepthIncrease
                0x0000000008009f10        0xc ./Core/Src/sqlite3.o
 .text.sqlite3WalkerDepthDecrease
                0x0000000008009f1c        0x8 ./Core/Src/sqlite3.o
 .text.sqlite3ExprWalkNoop
                0x0000000008009f24        0x4 ./Core/Src/sqlite3.o
 .text.incrAggDepth
                0x0000000008009f28       0x14 ./Core/Src/sqlite3.o
 .text.gatherSelectWindowsSelectCallback
                0x0000000008009f3c        0xc ./Core/Src/sqlite3.o
 .text.sqlite3SelectWalkFail
                0x0000000008009f48        0xc ./Core/Src/sqlite3.o
 .text.sqlite3ExprCanBeNull
                0x0000000008009f54       0x70 ./Core/Src/sqlite3.o
 .text.selectRefLeave
                0x0000000008009fc4       0x1c ./Core/Src/sqlite3.o
 .text.sqlite3AffinityType
                0x0000000008009fe0      0x160 ./Core/Src/sqlite3.o
 .text.sqlite3ExprAffinity
                0x000000000800a140       0x98 ./Core/Src/sqlite3.o
 .text.isDupColumn
                0x000000000800a1d8       0x7c ./Core/Src/sqlite3.o
 .text.fkParentIsModified
                0x000000000800a254       0xbc ./Core/Src/sqlite3.o
 .text.sqlite3_cancel_auto_extension
                0x000000000800a310       0x40 ./Core/Src/sqlite3.o
                0x000000000800a310                sqlite3_cancel_auto_extension
 .text.pragmaVtabEof
                0x000000000800a350        0xc ./Core/Src/sqlite3.o
 .text.pragmaVtabRowid
                0x000000000800a35c       0x10 ./Core/Src/sqlite3.o
 .text.unsetJoinExpr
                0x000000000800a36c       0x84 ./Core/Src/sqlite3.o
 .text.srclistRenumberCursors
                0x000000000800a3f0       0x78 ./Core/Src/sqlite3.o
 .text.sqlite3SelectPopWith
                0x000000000800a468       0x24 ./Core/Src/sqlite3.o
 .text.aggregateIdxEprRefToColCallback
                0x000000000800a48c       0x34 ./Core/Src/sqlite3.o
 .text.sqlite3_vtab_on_conflict
                0x000000000800a4c0       0x14 ./Core/Src/sqlite3.o
                0x000000000800a4c0                sqlite3_vtab_on_conflict
 .text.disableTerm
                0x000000000800a4d4       0x68 ./Core/Src/sqlite3.o
 .text.whereLoopCheaperProperSubset
                0x000000000800a53c       0x7c ./Core/Src/sqlite3.o
 .text.whereLoopFindLesser
                0x000000000800a5b8       0xdc ./Core/Src/sqlite3.o
 .text.sqlite3_vtab_in
                0x000000000800a694       0x44 ./Core/Src/sqlite3.o
                0x000000000800a694                sqlite3_vtab_in
 .text.sqlite3_vtab_distinct
                0x000000000800a6d8        0x4 ./Core/Src/sqlite3.o
                0x000000000800a6d8                sqlite3_vtab_distinct
 .text.whereCheckIfBloomFilterIsUseful
                0x000000000800a6dc       0x74 ./Core/Src/sqlite3.o
 .text.noopStepFunc
                0x000000000800a750        0x4 ./Core/Src/sqlite3.o
 .text.sqlite3_keyword_name
                0x000000000800a754       0x30 ./Core/Src/sqlite3.o
                0x000000000800a754                sqlite3_keyword_name
 .text.sqlite3_keyword_count
                0x000000000800a784        0x4 ./Core/Src/sqlite3.o
                0x000000000800a784                sqlite3_keyword_count
 .text.sqlite3TestExtInit
                0x000000000800a788       0x18 ./Core/Src/sqlite3.o
 .text.sqlite3_libversion
                0x000000000800a7a0        0x8 ./Core/Src/sqlite3.o
                0x000000000800a7a0                sqlite3_libversion
 .text.sqlite3_libversion_number
                0x000000000800a7a8        0x8 ./Core/Src/sqlite3.o
                0x000000000800a7a8                sqlite3_libversion_number
 .text.sqlite3_threadsafe
                0x000000000800a7b0        0x4 ./Core/Src/sqlite3.o
                0x000000000800a7b0                sqlite3_threadsafe
 .text.sqlite3_db_mutex
                0x000000000800a7b4        0x4 ./Core/Src/sqlite3.o
                0x000000000800a7b4                sqlite3_db_mutex
 .text.sqlite3_db_release_memory
                0x000000000800a7b8       0x50 ./Core/Src/sqlite3.o
                0x000000000800a7b8                sqlite3_db_release_memory
 .text.sqlite3_last_insert_rowid
                0x000000000800a808        0x8 ./Core/Src/sqlite3.o
                0x000000000800a808                sqlite3_last_insert_rowid
 .text.sqlite3_set_last_insert_rowid
                0x000000000800a810        0x8 ./Core/Src/sqlite3.o
                0x000000000800a810                sqlite3_set_last_insert_rowid
 .text.sqlite3_changes64
                0x000000000800a818        0x8 ./Core/Src/sqlite3.o
                0x000000000800a818                sqlite3_changes64
 .text.sqlite3_changes
                0x000000000800a820        0x4 ./Core/Src/sqlite3.o
                0x000000000800a820                sqlite3_changes
 .text.sqlite3_total_changes64
                0x000000000800a824        0x8 ./Core/Src/sqlite3.o
                0x000000000800a824                sqlite3_total_changes64
 .text.sqlite3_total_changes
                0x000000000800a82c        0x4 ./Core/Src/sqlite3.o
                0x000000000800a82c                sqlite3_total_changes
 .text.sqlite3_busy_handler
                0x000000000800a830       0x1c ./Core/Src/sqlite3.o
                0x000000000800a830                sqlite3_busy_handler
 .text.sqlite3_progress_handler
                0x000000000800a84c       0x1c ./Core/Src/sqlite3.o
                0x000000000800a84c                sqlite3_progress_handler
 .text.sqlite3_trace
                0x000000000800a868       0x1c ./Core/Src/sqlite3.o
                0x000000000800a868                sqlite3_trace
 .text.sqlite3_trace_v2
                0x000000000800a884       0x24 ./Core/Src/sqlite3.o
                0x000000000800a884                sqlite3_trace_v2
 .text.sqlite3_profile
                0x000000000800a8a8       0x20 ./Core/Src/sqlite3.o
                0x000000000800a8a8                sqlite3_profile
 .text.sqlite3_commit_hook
                0x000000000800a8c8        0xc ./Core/Src/sqlite3.o
                0x000000000800a8c8                sqlite3_commit_hook
 .text.sqlite3_update_hook
                0x000000000800a8d4        0xc ./Core/Src/sqlite3.o
                0x000000000800a8d4                sqlite3_update_hook
 .text.sqlite3_rollback_hook
                0x000000000800a8e0        0xc ./Core/Src/sqlite3.o
                0x000000000800a8e0                sqlite3_rollback_hook
 .text.sqlite3_autovacuum_pages
                0x000000000800a8ec       0x24 ./Core/Src/sqlite3.o
                0x000000000800a8ec                sqlite3_autovacuum_pages
 .text.sqlite3_wal_autocheckpoint
                0x000000000800a910       0x20 ./Core/Src/sqlite3.o
                0x000000000800a910                sqlite3_wal_autocheckpoint
 .text.sqlite3_wal_hook
                0x000000000800a930        0xc ./Core/Src/sqlite3.o
                0x000000000800a930                sqlite3_wal_hook
 .text.sqlite3_system_errno
                0x000000000800a93c        0x8 ./Core/Src/sqlite3.o
                0x000000000800a93c                sqlite3_system_errno
 .text.sqlite3_limit
                0x000000000800a944       0x40 ./Core/Src/sqlite3.o
                0x000000000800a944                sqlite3_limit
 .text.sqlite3_collation_needed
                0x000000000800a984       0x18 ./Core/Src/sqlite3.o
                0x000000000800a984                sqlite3_collation_needed
 .text.sqlite3_collation_needed16
                0x000000000800a99c       0x18 ./Core/Src/sqlite3.o
                0x000000000800a99c                sqlite3_collation_needed16
 .text.sqlite3_get_autocommit
                0x000000000800a9b4        0x8 ./Core/Src/sqlite3.o
                0x000000000800a9b4                sqlite3_get_autocommit
 .text.sqlite3_thread_cleanup
                0x000000000800a9bc        0x4 ./Core/Src/sqlite3.o
                0x000000000800a9bc                sqlite3_thread_cleanup
 .text.sqlite3_extended_result_codes
                0x000000000800a9c0       0x14 ./Core/Src/sqlite3.o
                0x000000000800a9c0                sqlite3_extended_result_codes
 .text.sqlite3_db_name
                0x000000000800a9d4       0x18 ./Core/Src/sqlite3.o
                0x000000000800a9d4                sqlite3_db_name
 .text.sqlite3_compileoption_get
                0x000000000800a9ec       0x14 ./Core/Src/sqlite3.o
                0x000000000800a9ec                sqlite3_compileoption_get
 .text.jsonParseFillInParentage
                0x000000000800aa00       0xa0 ./Core/Src/sqlite3.o
 .text.jsonEachEof
                0x000000000800aaa0       0x10 ./Core/Src/sqlite3.o
 .text.jsonEachNext
                0x000000000800aab0       0xb8 ./Core/Src/sqlite3.o
 .text.jsonEachRowid
                0x000000000800ab68        0xc ./Core/Src/sqlite3.o
 .text.jsonEachBestIndex
                0x000000000800ab74      0x100 ./Core/Src/sqlite3.o
 .text.sqlite3_sourceid
                0x000000000800ac74        0x8 ./Core/Src/sqlite3.o
                0x000000000800ac74                sqlite3_sourceid
 .text.sqlite3_interrupt
                0x000000000800ac7c        0x8 ./Core/Src/sqlite3.o
                0x000000000800ac7c                sqlite3_interrupt
 .text.pcacheSortDirtyList
                0x000000000800ac84      0x110 ./Core/Src/sqlite3.o
 .text.pager_truncate
                0x000000000800ad94       0xbc ./Core/Src/sqlite3.o
 .text.pcache1Shutdown
                0x000000000800ae50       0x10 ./Core/Src/sqlite3.o
 .text.pcache1Init
                0x000000000800ae60       0x40 ./Core/Src/sqlite3.o
 .text.memdbRead
                0x000000000800aea0       0x58 ./Core/Src/sqlite3.o
 .text.memjrnlRead
                0x000000000800aef8       0xc8 ./Core/Src/sqlite3.o
 .text.walMerge
                0x000000000800afc0       0xa4 ./Core/Src/sqlite3.o
 .text.sqlite3BitvecClear
                0x000000000800b064       0xc0 ./Core/Src/sqlite3.o
 .text.serialGet
                0x000000000800b124       0x54 ./Core/Src/sqlite3.o
 .text.sqlite3VdbeSerialGet
                0x000000000800b178       0xe4 ./Core/Src/sqlite3.o
 .text.vdbePmaWriteBlob
                0x000000000800b25c       0x88 ./Core/Src/sqlite3.o
 .text.sqlite3_value_pointer
                0x000000000800b2e4       0x2c ./Core/Src/sqlite3.o
                0x000000000800b2e4                sqlite3_value_pointer
 .text.getDigits
                0x000000000800b310       0xc0 ./Core/Src/sqlite3.o
 .text.parseHhMmSs
                0x000000000800b3d0      0x180 ./Core/Src/sqlite3.o
 .text.sqlite3_randomness
                0x000000000800b550       0x30 ./Core/Src/sqlite3.o
                0x000000000800b550                sqlite3_randomness
 .text.getCellInfo
                0x000000000800b580       0x34 ./Core/Src/sqlite3.o
 .text.writeJournalHdr
                0x000000000800b5b4      0x160 ./Core/Src/sqlite3.o
 .text.readSuperJournal
                0x000000000800b714      0x11c ./Core/Src/sqlite3.o
 .text.sqlite3BlobCompare
                0x000000000800b830       0x88 ./Core/Src/sqlite3.o
 .text.binCollFunc
                0x000000000800b8b8       0x1c ./Core/Src/sqlite3.o
 .text.rtrimCollFunc
                0x000000000800b8d4       0x50 ./Core/Src/sqlite3.o
 .text.sqlite3_is_interrupted
                0x000000000800b924        0xc ./Core/Src/sqlite3.o
                0x000000000800b924                sqlite3_is_interrupted
 .text.estimateIndexWidth
                0x000000000800b930       0xa8 ./Core/Src/sqlite3.o
 .text.sqlite3MemFree
                0x000000000800b9d8        0x8 ./Core/Src/sqlite3.o
 .text.memsys5Roundup
                0x000000000800b9e0       0x5c ./Core/Src/sqlite3.o
 .text.sqlite3_free
                0x000000000800ba3c       0x40 ./Core/Src/sqlite3.o
                0x000000000800ba3c                sqlite3_free
 .text.sqlite3_stricmp.part.0
                0x000000000800ba7c       0x30 ./Core/Src/sqlite3.o
 .text.sqlite3_strnicmp.part.0
                0x000000000800baac       0x50 ./Core/Src/sqlite3.o
 *fill*         0x000000000800bafc        0x4 
 .text.sqlite3AtoF.part.0
                0x000000000800bb00      0x654 ./Core/Src/sqlite3.o
 *fill*         0x000000000800c154        0x4 
 .text.memRealValue
                0x000000000800c158       0x30 ./Core/Src/sqlite3.o
 .text.sqlite3LogEstAdd
                0x000000000800c188       0x50 ./Core/Src/sqlite3.o
 .text.sqlite3PcacheSetPageSize.part.0
                0x000000000800c1d8       0x74 ./Core/Src/sqlite3.o
 .text.pagerLockDb.part.0
                0x000000000800c24c       0x2c ./Core/Src/sqlite3.o
 .text.sqlite3PagerUnrefNotNull
                0x000000000800c278       0x24 ./Core/Src/sqlite3.o
 .text.sqlite3VdbeIntValue
                0x000000000800c29c       0x30 ./Core/Src/sqlite3.o
 *fill*         0x000000000800c2cc        0x4 
 .text.sqlite3VdbeRealValue
                0x000000000800c2d0       0x40 ./Core/Src/sqlite3.o
 .text.sqlite3IsTrueOrFalse
                0x000000000800c310       0x5c ./Core/Src/sqlite3.o
 .text.sqlite3ExprIdToTrueFalse
                0x000000000800c36c       0x2c ./Core/Src/sqlite3.o
 .text.sqlite3IsRowid
                0x000000000800c398       0x7c ./Core/Src/sqlite3.o
 .text.exprRefToSrcList
                0x000000000800c414       0x78 ./Core/Src/sqlite3.o
 .text.sqlite3ReleaseTempReg.part.0
                0x000000000800c48c       0x14 ./Core/Src/sqlite3.o
 .text.sqlite3GetTempRange
                0x000000000800c4a0       0x44 ./Core/Src/sqlite3.o
 .text.exprIdxCover
                0x000000000800c4e4       0x4c ./Core/Src/sqlite3.o
 .text.sqlite3TableColumnToStorage.part.0
                0x000000000800c530       0x40 ./Core/Src/sqlite3.o
 .text.setAllPagerFlags.part.0
                0x000000000800c570       0xdc ./Core/Src/sqlite3.o
 *fill*         0x000000000800c64c        0x4 
 .text.pragmaVtabBestIndex
                0x000000000800c650       0xec ./Core/Src/sqlite3.o
 .text.sqlite3SchemaToIndex.part.0
                0x000000000800c73c       0x18 ./Core/Src/sqlite3.o
 .text.keywordCode.part.0
                0x000000000800c754       0xdc ./Core/Src/sqlite3.o
 .text.identPut
                0x000000000800c830       0xd4 ./Core/Src/sqlite3.o
 .text.sqlite3_keyword_check
                0x000000000800c904       0x28 ./Core/Src/sqlite3.o
                0x000000000800c904                sqlite3_keyword_check
 .text.sqlite3GetToken
                0x000000000800c92c      0x53c ./Core/Src/sqlite3.o
 .text.sqliteDefaultBusyCallback
                0x000000000800ce68       0x28 ./Core/Src/sqlite3.o
 .text.sqlite3_filename_database
                0x000000000800ce90       0x2c ./Core/Src/sqlite3.o
                0x000000000800ce90                sqlite3_filename_database
 .text.sqlite3Malloc
                0x000000000800cebc       0xc4 ./Core/Src/sqlite3.o
 .text.sqlite3Realloc.part.0
                0x000000000800cf80       0xc0 ./Core/Src/sqlite3.o
 .text.computeYMD.part.0
                0x000000000800d040      0x148 ./Core/Src/sqlite3.o
 .text.computeJD.part.0
                0x000000000800d188      0x1a8 ./Core/Src/sqlite3.o
 .text.sqlite3DecOrHexToI64
                0x000000000800d330       0xc8 ./Core/Src/sqlite3.o
 .text.sqlite3_uri_parameter.part.0
                0x000000000800d3f8       0x7c ./Core/Src/sqlite3.o
 .text.sqlite3_uri_parameter
                0x000000000800d474        0xc ./Core/Src/sqlite3.o
                0x000000000800d474                sqlite3_uri_parameter
 .text.sqlite3_uri_int64
                0x000000000800d480       0x2c ./Core/Src/sqlite3.o
                0x000000000800d480                sqlite3_uri_int64
 .text.sqlite3_uri_key
                0x000000000800d4ac       0x80 ./Core/Src/sqlite3.o
                0x000000000800d4ac                sqlite3_uri_key
 .text.sqlite3_filename_journal.part.0
                0x000000000800d52c       0x60 ./Core/Src/sqlite3.o
 .text.sqlite3_filename_journal
                0x000000000800d58c        0x8 ./Core/Src/sqlite3.o
                0x000000000800d58c                sqlite3_filename_journal
 .text.sqlite3_filename_wal
                0x000000000800d594       0x20 ./Core/Src/sqlite3.o
                0x000000000800d594                sqlite3_filename_wal
 .text.sqlite3SelectWalkNoop
                0x000000000800d5b4        0x4 ./Core/Src/sqlite3.o
 .text.sqlite3SrcListShiftJoinType.constprop.0
                0x000000000800d5b8       0x68 ./Core/Src/sqlite3.o
 .text.memjrnlSync
                0x000000000800d620        0x4 ./Core/Src/sqlite3.o
 .text.noopValueFunc
                0x000000000800d624        0x4 ./Core/Src/sqlite3.o
 .text.findElementWithHash.constprop.0
                0x000000000800d628       0x84 ./Core/Src/sqlite3.o
 .text.resolveRemoveWindowsCb
                0x000000000800d6ac       0x20 ./Core/Src/sqlite3.o
 .text.sqlite3WindowExtraAggFuncDepth
                0x000000000800d6cc       0x1c ./Core/Src/sqlite3.o
 .text.exprNodeIsDeterministic
                0x000000000800d6e8       0x1c ./Core/Src/sqlite3.o
 .text.renumberCursorsCb
                0x000000000800d704       0x68 ./Core/Src/sqlite3.o
 .text.checkConstraintExprNode
                0x000000000800d76c       0x34 ./Core/Src/sqlite3.o
 .text.exprColumnFlagUnion
                0x000000000800d7a0       0x2c ./Core/Src/sqlite3.o
 .text.whereOrInsert.isra.0
                0x000000000800d7cc      0x104 ./Core/Src/sqlite3.o
 .text.sqlite3TriggerList.isra.0
                0x000000000800d8d0       0x8c ./Core/Src/sqlite3.o
 *fill*         0x000000000800d95c        0x4 
 .text.sqlite3VdbeMemNumerify.isra.0
                0x000000000800d960      0x11c ./Core/Src/sqlite3.o
 .text.indexCellCompare.isra.0
                0x000000000800da7c       0x54 ./Core/Src/sqlite3.o
 .text.finalDbSize.isra.0
                0x000000000800dad0       0x94 ./Core/Src/sqlite3.o
 .text.sqlite3BtreeSetCacheSize.isra.0
                0x000000000800db64       0x4c ./Core/Src/sqlite3.o
 .text.btreeParseCellAdjustSizeForOverflow.isra.0
                0x000000000800dbb0       0x2c ./Core/Src/sqlite3.o
 .text.btreeParseCellPtrIndex
                0x000000000800dbdc      0x118 ./Core/Src/sqlite3.o
 .text.btreeParseCellPtr
                0x000000000800dcf4      0x1e4 ./Core/Src/sqlite3.o
 .text.sqlite3PagerSetSpillsize.isra.0
                0x000000000800ded8       0x64 ./Core/Src/sqlite3.o
 .text.sqlite3MemShutdown
                0x000000000800df3c        0x4 ./Core/Src/sqlite3.o
 .text.sqlite3_busy_timeout
                0x000000000800df40       0x34 ./Core/Src/sqlite3.o
                0x000000000800df40                sqlite3_busy_timeout
 .text.sqlite3ExprSimplifiedAndOr.part.0
                0x000000000800df74       0x7c ./Core/Src/sqlite3.o
 .text.vdbeSorterSort.part.0
                0x000000000800dff0      0x1d8 ./Core/Src/sqlite3.o
 .text.heightOfSelect
                0x000000000800e1c8       0xb0 ./Core/Src/sqlite3.o
 .text.memsys5FreeUnsafe
                0x000000000800e278       0xec ./Core/Src/sqlite3.o
 .text.memsys5Free
                0x000000000800e364        0x4 ./Core/Src/sqlite3.o
 .text.sqlite3FindIndex
                0x000000000800e368       0x9c ./Core/Src/sqlite3.o
 .text.rowSetEntrySort
                0x000000000800e404      0x104 ./Core/Src/sqlite3.o
 .text.dupedExprSize
                0x000000000800e508       0xb0 ./Core/Src/sqlite3.o
 .text.sqlite3ColumnIndex.isra.0
                0x000000000800e5b8       0x8c ./Core/Src/sqlite3.o
 .text.walIndexTryHdr
                0x000000000800e644      0x11c ./Core/Src/sqlite3.o
 .text.memsys5Init
                0x000000000800e760       0xdc ./Core/Src/sqlite3.o
 .text.sqlite3BitvecSet
                0x000000000800e83c      0x17c ./Core/Src/sqlite3.o
 .text.invokeProfileCallback
                0x000000000800e9b8       0xd0 ./Core/Src/sqlite3.o
 .text.sqlite3_bind_parameter_index
                0x000000000800ea88       0x54 ./Core/Src/sqlite3.o
                0x000000000800ea88                sqlite3_bind_parameter_index
 .text.rowSetTreeToList
                0x000000000800eadc      0x188 ./Core/Src/sqlite3.o
 .text.sqlite3OomClear
                0x000000000800ec64       0x2c ./Core/Src/sqlite3.o
 .text.pcacheFetchFinishWithInit
                0x000000000800ec90       0x68 ./Core/Src/sqlite3.o
 .text.sqlite3_errstr
                0x000000000800ecf8       0x44 ./Core/Src/sqlite3.o
                0x000000000800ecf8                sqlite3_errstr
 .text.pagerAddPageToRollbackJournal
                0x000000000800ed3c      0x114 ./Core/Src/sqlite3.o
 .text.exprNodeIsConstant
                0x000000000800ee50      0x194 ./Core/Src/sqlite3.o
 .text.recomputeColumnsUsedExpr
                0x000000000800efe4       0xa4 ./Core/Src/sqlite3.o
 .text.sqlite3ReleaseTempRange.part.0
                0x000000000800f088       0x14 ./Core/Src/sqlite3.o
 .text.memjrnlClose
                0x000000000800f09c       0x48 ./Core/Src/sqlite3.o
 .text.sqlite3WalEndReadTransaction
                0x000000000800f0e4       0x4c ./Core/Src/sqlite3.o
 .text.vdbeMergeEngineNew
                0x000000000800f130       0x6c ./Core/Src/sqlite3.o
 *fill*         0x000000000800f19c        0x4 
 .text.applyNumericAffinity
                0x000000000800f1a0      0x14c ./Core/Src/sqlite3.o
 .text.sqlite3PcacheMakeClean
                0x000000000800f2ec       0x70 ./Core/Src/sqlite3.o
 .text.sqlite3PcacheTruncate
                0x000000000800f35c       0xe4 ./Core/Src/sqlite3.o
 .text.walRestartHdr
                0x000000000800f440       0xf8 ./Core/Src/sqlite3.o
 .text.updateRangeAffinityStr
                0x000000000800f538      0x16c ./Core/Src/sqlite3.o
 .text.walWriteToLog
                0x000000000800f6a4       0x8c ./Core/Src/sqlite3.o
 .text.pragmaLocate
                0x000000000800f730       0x70 ./Core/Src/sqlite3.o
 .text.subjournalPageIfRequired
                0x000000000800f7a0      0x22c ./Core/Src/sqlite3.o
 .text.walIndexClose
                0x000000000800f9cc       0xbc ./Core/Src/sqlite3.o
 .text.sqlite3PcacheDrop
                0x000000000800fa88       0x64 ./Core/Src/sqlite3.o
 *fill*         0x000000000800faec        0x4 
 .text.sqlite3_value_double
                0x000000000800faf0       0x40 ./Core/Src/sqlite3.o
                0x000000000800faf0                sqlite3_value_double
 .text.pcache1TruncateUnsafe
                0x000000000800fb30      0x15c ./Core/Src/sqlite3.o
 .text.pcache1Truncate
                0x000000000800fc8c       0x18 ./Core/Src/sqlite3.o
 .text.unsetJoinExpr.constprop.0
                0x000000000800fca4      0x464 ./Core/Src/sqlite3.o
 .text.pragmaVtabDisconnect
                0x0000000008010108       0x40 ./Core/Src/sqlite3.o
 .text.sqlite3VdbeValueListFree
                0x0000000008010148       0x40 ./Core/Src/sqlite3.o
 .text.jsonEachDisconnect
                0x0000000008010188       0x40 ./Core/Src/sqlite3.o
 .text.sqlite3FindDbName
                0x00000000080101c8       0x80 ./Core/Src/sqlite3.o
 .text.sqlite3_txn_state
                0x0000000008010248       0x54 ./Core/Src/sqlite3.o
                0x0000000008010248                sqlite3_txn_state
 .text.sqlite3_db_readonly
                0x000000000801029c       0x2c ./Core/Src/sqlite3.o
                0x000000000801029c                sqlite3_db_readonly
 .text.sqlite3_db_filename
                0x00000000080102c8       0x44 ./Core/Src/sqlite3.o
                0x00000000080102c8                sqlite3_db_filename
 .text.sqlite3OsCloseFree
                0x000000000801030c       0x4c ./Core/Src/sqlite3.o
 .text.sameSrcAlias
                0x0000000008010358       0x98 ./Core/Src/sqlite3.o
 .text.sqlite3PcacheMove
                0x00000000080103f0       0xbc ./Core/Src/sqlite3.o
 .text.sqlite3_stricmp
                0x00000000080104ac       0x3c ./Core/Src/sqlite3.o
                0x00000000080104ac                sqlite3_stricmp
 .text.rowSetNDeepTree
                0x00000000080104e8       0xe0 ./Core/Src/sqlite3.o
 .text.sqlite3_compileoption_used
                0x00000000080105c8       0xfc ./Core/Src/sqlite3.o
                0x00000000080105c8                sqlite3_compileoption_used
 .text.sqlite3_value_int
                0x00000000080106c4       0x30 ./Core/Src/sqlite3.o
                0x00000000080106c4                sqlite3_value_int
 .text.sqlite3_value_int64
                0x00000000080106f4       0x30 ./Core/Src/sqlite3.o
                0x00000000080106f4                sqlite3_value_int64
 .text.jsonRemoveAllNulls
                0x0000000008010724      0x358 ./Core/Src/sqlite3.o
 .text.sqlite3SrcListAssignCursors
                0x0000000008010a7c      0x2bc ./Core/Src/sqlite3.o
 .text.computeYMD_HMS
                0x0000000008010d38      0x200 ./Core/Src/sqlite3.o
 .text.getSafetyLevel
                0x0000000008010f38       0xdc ./Core/Src/sqlite3.o
 .text.sqlite3_uri_boolean
                0x0000000008011014       0x2c ./Core/Src/sqlite3.o
                0x0000000008011014                sqlite3_uri_boolean
 .text.allocateTempSpace
                0x0000000008011040       0xa0 ./Core/Src/sqlite3.o
 .text.isSelfJoinView
                0x00000000080110e0       0xc0 ./Core/Src/sqlite3.o
 .text.filterHash.isra.0
                0x00000000080111a0       0x6c ./Core/Src/sqlite3.o
 .text.isValidSchemaTableName
                0x000000000801120c      0x100 ./Core/Src/sqlite3.o
 .text.sqlite3VdbeBooleanValue
                0x000000000801130c       0x54 ./Core/Src/sqlite3.o
 .text.sqlite3_strnicmp
                0x0000000008011360       0x60 ./Core/Src/sqlite3.o
                0x0000000008011360                sqlite3_strnicmp
 .text.sqlite3SetJoinExpr
                0x00000000080113c0      0x58c ./Core/Src/sqlite3.o
 .text.nocaseCollatingFunc
                0x000000000801194c       0x78 ./Core/Src/sqlite3.o
 .text.sqlite3Realloc
                0x00000000080119c4       0xec ./Core/Src/sqlite3.o
 .text.memdbWrite
                0x0000000008011ab0       0xcc ./Core/Src/sqlite3.o
 .text.walIndexPageRealloc
                0x0000000008011b7c       0xfc ./Core/Src/sqlite3.o
 .text.walCleanupHash
                0x0000000008011c78       0x80 ./Core/Src/sqlite3.o
 .text.vdbePmaReadBlob.part.0
                0x0000000008011cf8      0x134 ./Core/Src/sqlite3.o
 .text.vdbePmaReadVarint.part.0
                0x0000000008011e2c      0x1d8 ./Core/Src/sqlite3.o
 .text.memdbOpen
                0x0000000008012004      0x124 ./Core/Src/sqlite3.o
 .text.pagerOpenSavepoint
                0x0000000008012128      0x1e8 ./Core/Src/sqlite3.o
 .text.sqlite3_free_filename
                0x0000000008012310       0x68 ./Core/Src/sqlite3.o
                0x0000000008012310                sqlite3_free_filename
 .text.memjrnlTruncate
                0x0000000008012378      0x104 ./Core/Src/sqlite3.o
 .text.sqlite3HashClear
                0x000000000801247c       0x98 ./Core/Src/sqlite3.o
 .text.removeElementGivenHash
                0x0000000008012514       0x8c ./Core/Src/sqlite3.o
 .text.sqlite3HashInsert
                0x00000000080125a0      0x248 ./Core/Src/sqlite3.o
 .text.vdbePmaWriterFinish
                0x00000000080127e8       0x94 ./Core/Src/sqlite3.o
 .text.syncJournal
                0x000000000801287c      0x1fc ./Core/Src/sqlite3.o
 .text.jsonParseFree
                0x0000000008012a78       0xb4 ./Core/Src/sqlite3.o
 .text.termCanDriveIndex
                0x0000000008012b2c       0xd0 ./Core/Src/sqlite3.o
 .text.pcache1Free
                0x0000000008012bfc       0x84 ./Core/Src/sqlite3.o
 .text.pcache1Unpin
                0x0000000008012c80       0x74 ./Core/Src/sqlite3.o
 .text.sqlite3DbFreeNN
                0x0000000008012cf4       0x84 ./Core/Src/sqlite3.o
 .text.vdbeMemClearExternAndSetNull
                0x0000000008012d78       0x9c ./Core/Src/sqlite3.o
 .text.sqlite3ErrorFinish
                0x0000000008012e14       0x44 ./Core/Src/sqlite3.o
 .text.apiHandleError
                0x0000000008012e58       0x48 ./Core/Src/sqlite3.o
 .text.vdbeReleaseAndSetInt64
                0x0000000008012ea0       0x28 ./Core/Src/sqlite3.o
 .text.sqlite3_result_int
                0x0000000008012ec8       0x1c ./Core/Src/sqlite3.o
                0x0000000008012ec8                sqlite3_result_int
 .text.sqlite3_result_int64
                0x0000000008012ee4       0x24 ./Core/Src/sqlite3.o
                0x0000000008012ee4                sqlite3_result_int64
 .text.subtypeFunc
                0x0000000008012f08       0x34 ./Core/Src/sqlite3.o
 .text.last_insert_rowid
                0x0000000008012f3c       0x20 ./Core/Src/sqlite3.o
 .text.changes  0x0000000008012f5c       0x20 ./Core/Src/sqlite3.o
 .text.total_changes
                0x0000000008012f7c       0x20 ./Core/Src/sqlite3.o
 .text.randomFunc
                0x0000000008012f9c       0x64 ./Core/Src/sqlite3.o
 .text.signFunc
                0x0000000008013000       0xb0 ./Core/Src/sqlite3.o
 .text.sqlite3_result_null
                0x00000000080130b0       0x14 ./Core/Src/sqlite3.o
                0x00000000080130b0                sqlite3_result_null
 .text.out2PrereleaseWithClear
                0x00000000080130c4       0x20 ./Core/Src/sqlite3.o
 .text.vdbeClrCopy
                0x00000000080130e4       0x40 ./Core/Src/sqlite3.o
 .text.sqlite3VdbeMemShallowCopy
                0x0000000008013124       0x44 ./Core/Src/sqlite3.o
 .text.createAggContext.constprop.0
                0x0000000008013168       0x24 ./Core/Src/sqlite3.o
 .text.countFinalize
                0x000000000801318c       0x48 ./Core/Src/sqlite3.o
 .text.jsonGroupInverse
                0x00000000080131d4       0xb4 ./Core/Src/sqlite3.o
 .text.sqlite3ErrorFinish.constprop.0
                0x0000000008013288       0x18 ./Core/Src/sqlite3.o
 .text.sqlite3ErrorFinish.constprop.1
                0x00000000080132a0       0x18 ./Core/Src/sqlite3.o
 .text.sqlite3_column_type
                0x00000000080132b8       0x5c ./Core/Src/sqlite3.o
                0x00000000080132b8                sqlite3_column_type
 .text.sqlite3_column_int64
                0x0000000008013314       0x9c ./Core/Src/sqlite3.o
                0x0000000008013314                sqlite3_column_int64
 .text.sqlite3_column_int
                0x00000000080133b0       0x90 ./Core/Src/sqlite3.o
                0x00000000080133b0                sqlite3_column_int
 .text.sqlite3_column_double
                0x0000000008013440       0xb0 ./Core/Src/sqlite3.o
                0x0000000008013440                sqlite3_column_double
 .text.sqlite3_column_value
                0x00000000080134f0       0x64 ./Core/Src/sqlite3.o
                0x00000000080134f0                sqlite3_column_value
 .text.sqlite3_result_double
                0x0000000008013554       0x3c ./Core/Src/sqlite3.o
                0x0000000008013554                sqlite3_result_double
 .text.totalFinalize
                0x0000000008013590       0x90 ./Core/Src/sqlite3.o
 .text.cume_distValueFunc
                0x0000000008013620       0x80 ./Core/Src/sqlite3.o
 .text.avgFinalize
                0x00000000080136a0       0x70 ./Core/Src/sqlite3.o
 .text.sqlite3_free_table
                0x0000000008013710       0xa0 ./Core/Src/sqlite3.o
                0x0000000008013710                sqlite3_free_table
 .text.sqlite3_value_numeric_type
                0x00000000080137b0      0x11c ./Core/Src/sqlite3.o
                0x00000000080137b0                sqlite3_value_numeric_type
 .text.pcache1ResizeHash
                0x00000000080138cc       0xdc ./Core/Src/sqlite3.o
 .text.jsonEachCursorReset
                0x00000000080139a8       0xec ./Core/Src/sqlite3.o
 .text.vdbeMergeEngineFree
                0x0000000008013a94      0x114 ./Core/Src/sqlite3.o
 .text.jsonEachClose
                0x0000000008013ba8      0x114 ./Core/Src/sqlite3.o
 .text.sqlite3DbNNFreeNN
                0x0000000008013cbc       0x88 ./Core/Src/sqlite3.o
 .text.sqlite3VdbeSorterReset
                0x0000000008013d44      0x20c ./Core/Src/sqlite3.o
 .text.freeP4Mem
                0x0000000008013f50       0x90 ./Core/Src/sqlite3.o
 .text.sqlite3DbFree
                0x0000000008013fe0       0x88 ./Core/Src/sqlite3.o
 .text.sqlite3RowSetDelete
                0x0000000008014068      0x134 ./Core/Src/sqlite3.o
 .text.callFinaliser
                0x000000000801419c      0x1d8 ./Core/Src/sqlite3.o
 .text.sqlite3CollapseDatabaseArray
                0x0000000008014374      0x148 ./Core/Src/sqlite3.o
 .text.columnTypeImpl
                0x00000000080144bc       0x8c ./Core/Src/sqlite3.o
 .text.columnTypeImpl.part.0.isra.0
                0x0000000008014548       0xe8 ./Core/Src/sqlite3.o
 .text.sqlite3FindTable
                0x0000000008014630      0x284 ./Core/Src/sqlite3.o
 .text.sqlite3VtabUnlock
                0x00000000080148b4       0xc0 ./Core/Src/sqlite3.o
 .text.sqlite3VtabSavepoint.part.0
                0x0000000008014974       0x90 ./Core/Src/sqlite3.o
 .text.btreeParseCellPtrNoPayload
                0x0000000008014a04      0x12c ./Core/Src/sqlite3.o
 .text.sqlite3IdListDelete.part.0
                0x0000000008014b30      0x134 ./Core/Src/sqlite3.o
 .text.vdbeMemClear
                0x0000000008014c64       0xa4 ./Core/Src/sqlite3.o
 .text.sqlite3ValueFree
                0x0000000008014d08       0x9c ./Core/Src/sqlite3.o
 .text.sqlite3_clear_bindings
                0x0000000008014da4       0x60 ./Core/Src/sqlite3.o
                0x0000000008014da4                sqlite3_clear_bindings
 .text.sqlite3_result_pointer
                0x0000000008014e04       0x5c ./Core/Src/sqlite3.o
                0x0000000008014e04                sqlite3_result_pointer
 .text.sqlite3_transfer_bindings
                0x0000000008014e60       0xcc ./Core/Src/sqlite3.o
                0x0000000008014e60                sqlite3_transfer_bindings
 .text.sqlite3_value_free
                0x0000000008014f2c       0x9c ./Core/Src/sqlite3.o
                0x0000000008014f2c                sqlite3_value_free
 .text.vdbeSorterOpenTempFile.constprop.0
                0x0000000008014fc8       0xc0 ./Core/Src/sqlite3.o
 .text.sqlite3BitvecDestroy
                0x0000000008015088      0x3e4 ./Core/Src/sqlite3.o
 .text.pager_write
                0x000000000801546c      0x2b0 ./Core/Src/sqlite3.o
 .text.pagerWriteLargeSector
                0x000000000801571c      0x2d8 ./Core/Src/sqlite3.o
 .text.sqlite3PagerWrite
                0x00000000080159f4       0x64 ./Core/Src/sqlite3.o
 .text.backupOnePage
                0x0000000008015a58      0x1ac ./Core/Src/sqlite3.o
 .text.backupUpdate
                0x0000000008015c04       0x3c ./Core/Src/sqlite3.o
 .text.pager_write_pagelist
                0x0000000008015c40      0x14c ./Core/Src/sqlite3.o
 .text.releaseAllSavepoints
                0x0000000008015d8c      0x104 ./Core/Src/sqlite3.o
 .text.pager_unlock
                0x0000000008015e90      0x13c ./Core/Src/sqlite3.o
 *fill*         0x0000000008015fcc        0x4 
 .text.pager_end_transaction
                0x0000000008015fd0      0x414 ./Core/Src/sqlite3.o
 .text.releaseMemArray.part.0
                0x00000000080163e4      0x184 ./Core/Src/sqlite3.o
 .text.sqlite3_str_reset
                0x0000000008016568       0xa0 ./Core/Src/sqlite3.o
                0x0000000008016568                sqlite3_str_reset
 .text.sqlite3VdbeRecordUnpack
                0x0000000008016608      0x240 ./Core/Src/sqlite3.o
 .text.sqlite3ExprIsInteger
                0x0000000008016848       0x9c ./Core/Src/sqlite3.o
 .text.whereLoopOutputAdjust
                0x00000000080168e4      0x188 ./Core/Src/sqlite3.o
 .text.agginfoFree
                0x0000000008016a6c      0x19c ./Core/Src/sqlite3.o
 .text.pcache1EnforceMaxPage
                0x0000000008016c08      0x14c ./Core/Src/sqlite3.o
 .text.pcache1Cachesize
                0x0000000008016d54       0x48 ./Core/Src/sqlite3.o
 .text.pcache1Shrink
                0x0000000008016d9c       0x18 ./Core/Src/sqlite3.o
 .text.pcache1Destroy
                0x0000000008016db4       0xd4 ./Core/Src/sqlite3.o
 .text.pcache1Create
                0x0000000008016e88      0x1cc ./Core/Src/sqlite3.o
 .text.sqlite3_complete
                0x0000000008017054      0x418 ./Core/Src/sqlite3.o
                0x0000000008017054                sqlite3_complete
 .text.resolveP2Values
                0x000000000801746c      0x12c ./Core/Src/sqlite3.o
 .text.sqlite3WhereExprUsageFull
                0x0000000008017598      0x41c ./Core/Src/sqlite3.o
 .text.whereOmitNoopJoin.constprop.0
                0x00000000080179b4      0x2c0 ./Core/Src/sqlite3.o
 .text.exprSelectUsage
                0x0000000008017c74      0x504 ./Core/Src/sqlite3.o
 .text.vdbePmaReaderNext
                0x0000000008018178      0x4b0 ./Core/Src/sqlite3.o
 .text.vdbeMergeEngineStep
                0x0000000008018628      0x11c ./Core/Src/sqlite3.o
 *fill*         0x0000000008018744        0x4 
 .text.vdbeMergeEngineLevel0.constprop.0
                0x0000000008018748      0x204 ./Core/Src/sqlite3.o
 *fill*         0x000000000801894c        0x4 
 .text.vdbeMergeEngineInit.constprop.0
                0x0000000008018950      0x148 ./Core/Src/sqlite3.o
 .text.walkExpr
                0x0000000008018a98       0xa4 ./Core/Src/sqlite3.o
 .text.sqlite3WalkExprList
                0x0000000008018b3c       0x30 ./Core/Src/sqlite3.o
 .text.impliesNotNullRow
                0x0000000008018b6c      0x118 ./Core/Src/sqlite3.o
 .text.sqlite3ExprImpliesNonNullRow
                0x0000000008018c84       0x90 ./Core/Src/sqlite3.o
 .text.analyzeAggFuncArgs
                0x0000000008018d14       0xdc ./Core/Src/sqlite3.o
 .text.walkWindowList
                0x0000000008018df0       0x8c ./Core/Src/sqlite3.o
 .text.sqlite3WalkSelect.part.0
                0x0000000008018e7c      0x178 ./Core/Src/sqlite3.o
 .text.sqlite3SelectPrep
                0x0000000008018ff4       0xb4 ./Core/Src/sqlite3.o
 .text.selectWindowRewriteSelectCb
                0x00000000080190a8       0x20 ./Core/Src/sqlite3.o
 .text.whereIsCoveringIndex.isra.0
                0x00000000080190c8       0x78 ./Core/Src/sqlite3.o
 .text.sqlite3ShadowTableName
                0x0000000008019140      0x168 ./Core/Src/sqlite3.o
 .text.pcache1Alloc
                0x00000000080192a8      0x134 ./Core/Src/sqlite3.o
 .text.pcache1FetchStage2
                0x00000000080193dc      0x284 ./Core/Src/sqlite3.o
 .text.pcache1Fetch
                0x0000000008019660       0x54 ./Core/Src/sqlite3.o
 .text.sqlite3PagerSetPagesize
                0x00000000080196b4      0x11c ./Core/Src/sqlite3.o
 .text.readJournalHdr
                0x00000000080197d0      0x1b0 ./Core/Src/sqlite3.o
 .text.sqlite3_file_control
                0x0000000008019980      0x10c ./Core/Src/sqlite3.o
                0x0000000008019980                sqlite3_file_control
 .text.sqlite3BtreeSetPageSize.constprop.0.isra.0
                0x0000000008019a8c      0x180 ./Core/Src/sqlite3.o
 .text.setupLookaside
                0x0000000008019c0c      0x250 ./Core/Src/sqlite3.o
 .text.sqlite3_db_config
                0x0000000008019e5c      0x1c4 ./Core/Src/sqlite3.o
                0x0000000008019e5c                sqlite3_db_config
 .text.pagerOpenWal
                0x000000000801a020      0x150 ./Core/Src/sqlite3.o
 .text.sqlite3PagerOpenWal
                0x000000000801a170       0x54 ./Core/Src/sqlite3.o
 .text.btreeOverwriteContent
                0x000000000801a1c4      0x118 ./Core/Src/sqlite3.o
 .text.memdbClose
                0x000000000801a2dc       0xcc ./Core/Src/sqlite3.o
 .text.sqlite3GetVarint32
                0x000000000801a3a8      0x110 ./Core/Src/sqlite3.o
 .text.sqlite3ExprDataType
                0x000000000801a4b8      0x304 ./Core/Src/sqlite3.o
 .text.patternCompare
                0x000000000801a7bc      0x4b0 ./Core/Src/sqlite3.o
 .text.sqlite3_strglob
                0x000000000801ac6c       0x1c ./Core/Src/sqlite3.o
                0x000000000801ac6c                sqlite3_strglob
 .text.sqlite3_strlike
                0x000000000801ac88       0x2c ./Core/Src/sqlite3.o
                0x000000000801ac88                sqlite3_strlike
 .text.sqlite3ExprDeleteNN
                0x000000000801acb4       0xe4 ./Core/Src/sqlite3.o
 .text.sqlite3ExprDelete
                0x000000000801ad98        0x8 ./Core/Src/sqlite3.o
 .text.exprListDeleteNN
                0x000000000801ada0      0x138 ./Core/Src/sqlite3.o
 .text.sqlite3ExprListDelete
                0x000000000801aed8        0x8 ./Core/Src/sqlite3.o
 .text.sqlite3DeleteColumnNames
                0x000000000801aee0      0x18c ./Core/Src/sqlite3.o
 .text.sqlite3ParseObjectReset
                0x000000000801b06c      0x14c ./Core/Src/sqlite3.o
 .text.sqlite3DeleteReturning
                0x000000000801b1b8      0x104 ./Core/Src/sqlite3.o
 .text.sqlite3WindowDelete
                0x000000000801b2bc       0xe4 ./Core/Src/sqlite3.o
 .text.upsertDelete
                0x000000000801b3a0      0x14c ./Core/Src/sqlite3.o
 .text.sqlite3FreeIndex
                0x000000000801b4ec      0x144 ./Core/Src/sqlite3.o
 .text.whereIndexedExprCleanup
                0x000000000801b630       0xa4 ./Core/Src/sqlite3.o
 .text.sqlite3WhereClauseClear
                0x000000000801b6d4       0xd4 ./Core/Src/sqlite3.o
 .text.binaryToUnaryIfNull.isra.0
                0x000000000801b7a8       0x30 ./Core/Src/sqlite3.o
 .text.deleteTable
                0x000000000801b7d8      0x408 ./Core/Src/sqlite3.o
 .text.sqlite3DeleteTable
                0x000000000801bbe0       0x18 ./Core/Src/sqlite3.o
 .text.sqlite3SrcListDelete
                0x000000000801bbf8      0x4c8 ./Core/Src/sqlite3.o
 .text.clearSelect
                0x000000000801c0c0      0x290 ./Core/Src/sqlite3.o
 .text.sqlite3SelectDelete
                0x000000000801c350        0xc ./Core/Src/sqlite3.o
 .text.fkTriggerDelete
                0x000000000801c35c       0xb4 ./Core/Src/sqlite3.o
 .text.sqlite3WithDelete
                0x000000000801c410      0x158 ./Core/Src/sqlite3.o
 .text.sqlite3DeleteTriggerStep
                0x000000000801c568      0x2cc ./Core/Src/sqlite3.o
 .text.sqlite3DeleteTrigger.part.0
                0x000000000801c834      0x1ec ./Core/Src/sqlite3.o
 .text.sqlite3SchemaClear
                0x000000000801ca20      0x2e8 ./Core/Src/sqlite3.o
 .text.sqlite3ResetAllSchemasOfConnection
                0x000000000801cd08      0x1ec ./Core/Src/sqlite3.o
 .text.yy_destructor.isra.0
                0x000000000801cef4      0x1dc ./Core/Src/sqlite3.o
 .text.freeP4FuncCtx
                0x000000000801d0d0      0x100 ./Core/Src/sqlite3.o
 .text.freeP4   0x000000000801d1d0       0x6c ./Core/Src/sqlite3.o
 .text.sqlite3VdbeChangeToNoop.isra.0
                0x000000000801d23c       0x9c ./Core/Src/sqlite3.o
 .text.fixDistinctOpenEph.part.0.isra.0
                0x000000000801d2d8      0x118 ./Core/Src/sqlite3.o
 .text.whereInfoFree
                0x000000000801d3f0      0x384 ./Core/Src/sqlite3.o
 *fill*         0x000000000801d774        0x4 
 .text.sqlite3_str_vappendf
                0x000000000801d778     0x1750 ./Core/Src/sqlite3.o
                0x000000000801d778                sqlite3_str_vappendf
 .text.sqlite3_str_appendf
                0x000000000801eec8       0x1c ./Core/Src/sqlite3.o
                0x000000000801eec8                sqlite3_str_appendf
 .text.sqlite3_vsnprintf
                0x000000000801eee4       0x30 ./Core/Src/sqlite3.o
                0x000000000801eee4                sqlite3_vsnprintf
 *fill*         0x000000000801ef14        0x4 
 .text.sqlite3_snprintf.constprop.0
                0x000000000801ef18       0x44 ./Core/Src/sqlite3.o
 .text.sqlite3_snprintf
                0x000000000801ef5c       0x3c ./Core/Src/sqlite3.o
                0x000000000801ef5c                sqlite3_snprintf
 .text.memdbFullPathname
                0x000000000801ef98       0x18 ./Core/Src/sqlite3.o
 .text.sqlite3ErrorMsg
                0x000000000801efb0       0xd8 ./Core/Src/sqlite3.o
 .text.sqlite3OomFault.part.0
                0x000000000801f088       0x5c ./Core/Src/sqlite3.o
 .text.dbMallocRawFinish
                0x000000000801f0e4       0xec ./Core/Src/sqlite3.o
 .text.sqlite3DbMallocRawNN
                0x000000000801f1d0       0xb8 ./Core/Src/sqlite3.o
 .text.whereClauseInsert
                0x000000000801f288      0x188 ./Core/Src/sqlite3.o
 .text.sqlite3WhereSplit
                0x000000000801f410      0x2a8 ./Core/Src/sqlite3.o
 .text.sqlite3ExprListSetName.part.0.isra.0
                0x000000000801f6b8       0x90 ./Core/Src/sqlite3.o
 .text.sqlite3NameFromToken
                0x000000000801f748       0x7c ./Core/Src/sqlite3.o
 .text.strAccumFinishRealloc
                0x000000000801f7c4       0x6c ./Core/Src/sqlite3.o
 .text.sqlite3_str_finish
                0x000000000801f830       0x70 ./Core/Src/sqlite3.o
                0x000000000801f830                sqlite3_str_finish
 .text.sqlite3_log
                0x000000000801f8a0       0x6c ./Core/Src/sqlite3.o
                0x000000000801f8a0                sqlite3_log
 .text.sqlite3_status64
                0x000000000801f90c       0x58 ./Core/Src/sqlite3.o
                0x000000000801f90c                sqlite3_status64
 .text.zeroPage
                0x000000000801f964      0x174 ./Core/Src/sqlite3.o
 .text.newDatabase.part.0
                0x000000000801fad8       0xc0 ./Core/Src/sqlite3.o
 .text.btreeGetUnusedPage
                0x000000000801fb98       0x9c ./Core/Src/sqlite3.o
 .text.btreeComputeFreeSpace
                0x000000000801fc34       0xe8 ./Core/Src/sqlite3.o
 .text.freeSpace
                0x000000000801fd1c      0x208 ./Core/Src/sqlite3.o
 .text.pageFreeArray
                0x000000000801ff24       0xa8 ./Core/Src/sqlite3.o
 .text.pageFindSlot
                0x000000000801ffcc       0xd0 ./Core/Src/sqlite3.o
 .text.walLimitSize
                0x000000000802009c       0x80 ./Core/Src/sqlite3.o
 .text.memsys5MallocUnsafe
                0x000000000802011c      0x104 ./Core/Src/sqlite3.o
 .text.memsys5Malloc
                0x0000000008020220        0xc ./Core/Src/sqlite3.o
 .text.memsys5Realloc
                0x000000000802022c       0x54 ./Core/Src/sqlite3.o
 .text.sqlite3_vtab_config
                0x0000000008020280       0x9c ./Core/Src/sqlite3.o
                0x0000000008020280                sqlite3_vtab_config
 .text.dropCell.part.0
                0x000000000802031c       0xd8 ./Core/Src/sqlite3.o
 .text.defragmentPage
                0x00000000080203f4      0x2b8 ./Core/Src/sqlite3.o
 .text.rebuildPage
                0x00000000080206ac      0x194 ./Core/Src/sqlite3.o
 .text.pageInsertArray
                0x0000000008020840      0x14c ./Core/Src/sqlite3.o
 .text.btreeCellSizeCheck
                0x000000000802098c       0x94 ./Core/Src/sqlite3.o
 .text.ptrmapGet
                0x0000000008020a20      0x110 ./Core/Src/sqlite3.o
 .text.getOverflowPage
                0x0000000008020b30      0x15c ./Core/Src/sqlite3.o
 .text.accessPayload
                0x0000000008020c8c      0x2f0 ./Core/Src/sqlite3.o
 .text.saveCursorPosition
                0x0000000008020f7c      0x13c ./Core/Src/sqlite3.o
 .text.saveCursorsOnList
                0x00000000080210b8       0xc0 ./Core/Src/sqlite3.o
 .text.sqlite3BtreeTripAllCursors
                0x0000000008021178      0x120 ./Core/Src/sqlite3.o
 .text.ptrmapPut
                0x0000000008021298      0x170 ./Core/Src/sqlite3.o
 .text.ptrmapPutOvflPtr
                0x0000000008021408       0x70 ./Core/Src/sqlite3.o
 .text.freePage2
                0x0000000008021478      0x3e8 ./Core/Src/sqlite3.o
 .text.freePage.part.0
                0x0000000008021860       0x14 ./Core/Src/sqlite3.o
 *fill*         0x0000000008021874        0x4 
 .text.pager_playback
                0x0000000008021878      0x6fc ./Core/Src/sqlite3.o
 .text.btreeOverwriteOverflowCell
                0x0000000008021f74      0x10c ./Core/Src/sqlite3.o
 .text.walIndexAppend
                0x0000000008022080      0x104 ./Core/Src/sqlite3.o
 .text.sqlite3MemRealloc
                0x0000000008022184       0x34 ./Core/Src/sqlite3.o
 .text.sqlite3MemMalloc
                0x00000000080221b8       0x2c ./Core/Src/sqlite3.o
 .text.sqlite3WalFindFrame.constprop.0
                0x00000000080221e4      0x128 ./Core/Src/sqlite3.o
 .text.readDbPage
                0x000000000802230c       0xcc ./Core/Src/sqlite3.o
 .text.pagerUndoCallback
                0x00000000080223d8       0xb4 ./Core/Src/sqlite3.o
 .text.pagerPlaybackSavepoint
                0x000000000802248c      0xb50 ./Core/Src/sqlite3.o
 .text.sqlite3BtreeSavepoint.part.0.isra.0
                0x0000000008022fdc      0x1a4 ./Core/Src/sqlite3.o
 .text.vdbeCloseStatement
                0x0000000008023180      0x228 ./Core/Src/sqlite3.o
 .text.sqlite3PagerRollback
                0x00000000080233a8      0x114 ./Core/Src/sqlite3.o
 .text.sqlite3PagerUnrefPageOne
                0x00000000080234bc       0x54 ./Core/Src/sqlite3.o
 .text.sqlite3RollbackAll
                0x0000000008023510      0x24c ./Core/Src/sqlite3.o
 .text.sqlite3BtreeRollback.isra.0
                0x000000000802375c      0x15c ./Core/Src/sqlite3.o
 .text.sqlite3BtreeCommitPhaseTwo
                0x00000000080238b8      0x110 ./Core/Src/sqlite3.o
 .text.getPageNormal
                0x00000000080239c8      0x29c ./Core/Src/sqlite3.o
 .text.clearCellOverflow.isra.0
                0x0000000008023c64      0x1a4 ./Core/Src/sqlite3.o
 .text.vdbeUnbind
                0x0000000008023e08       0xf0 ./Core/Src/sqlite3.o
 .text.sqlite3_bind_zeroblob64
                0x0000000008023ef8       0x90 ./Core/Src/sqlite3.o
                0x0000000008023ef8                sqlite3_bind_zeroblob64
 .text.sqlite3_error_offset
                0x0000000008023f88       0x40 ./Core/Src/sqlite3.o
                0x0000000008023f88                sqlite3_error_offset
 .text.sqlite3_errcode
                0x0000000008023fc8       0x60 ./Core/Src/sqlite3.o
                0x0000000008023fc8                sqlite3_errcode
 .text.sqlite3_extended_errcode
                0x0000000008024028       0x5c ./Core/Src/sqlite3.o
                0x0000000008024028                sqlite3_extended_errcode
 .text.sqlite3_status
                0x0000000008024084       0x50 ./Core/Src/sqlite3.o
                0x0000000008024084                sqlite3_status
 .text.sqlite3BtreeCursor
                0x00000000080240d4      0x10c ./Core/Src/sqlite3.o
 .text.btreeInitPage
                0x00000000080241e0      0x1b8 ./Core/Src/sqlite3.o
 .text.pageReinit
                0x0000000008024398       0x18 ./Core/Src/sqlite3.o
 .text.getAndInitPage
                0x00000000080243b0      0x108 ./Core/Src/sqlite3.o
 .text.clearDatabasePage
                0x00000000080244b8      0x198 ./Core/Src/sqlite3.o
 .text.sqlite3BtreeClearTable
                0x0000000008024650       0x64 ./Core/Src/sqlite3.o
 .text.setChildPtrmaps
                0x00000000080246b4       0xf8 ./Core/Src/sqlite3.o
 .text.copyNodeContent.part.0
                0x00000000080247ac       0x74 ./Core/Src/sqlite3.o
 .text.moveToLeftmost
                0x0000000008024820      0x170 ./Core/Src/sqlite3.o
 .text.allocateBtreePage
                0x0000000008024990      0x65c ./Core/Src/sqlite3.o
 .text.moveToChild
                0x0000000008024fec      0x134 ./Core/Src/sqlite3.o
 .text.sqlite3_bind_null
                0x0000000008025120       0xf4 ./Core/Src/sqlite3.o
                0x0000000008025120                sqlite3_bind_null
 .text.sqlite3_bind_int
                0x0000000008025214      0x128 ./Core/Src/sqlite3.o
                0x0000000008025214                sqlite3_bind_int
 .text.sqlite3_bind_zeroblob
                0x000000000802533c      0x134 ./Core/Src/sqlite3.o
                0x000000000802533c                sqlite3_bind_zeroblob
 .text.sqlite3_bind_int64
                0x0000000008025470      0x130 ./Core/Src/sqlite3.o
                0x0000000008025470                sqlite3_bind_int64
 .text.sqlite3_bind_double
                0x00000000080255a0      0x154 ./Core/Src/sqlite3.o
                0x00000000080255a0                sqlite3_bind_double
 .text.sqlite3_bind_pointer
                0x00000000080256f4      0x150 ./Core/Src/sqlite3.o
                0x00000000080256f4                sqlite3_bind_pointer
 .text.exprINAffinity.isra.0
                0x0000000008025844      0x104 ./Core/Src/sqlite3.o
 .text.printfTempBuf
                0x0000000008025948       0xd8 ./Core/Src/sqlite3.o
 .text.vdbeSorterListToPMA
                0x0000000008025a20      0x22c ./Core/Src/sqlite3.o
 .text.sqlite3SrcListIndexedBy
                0x0000000008025c4c       0xc4 ./Core/Src/sqlite3.o
 .text.sqlite3UpsertNew
                0x0000000008025d10      0x154 ./Core/Src/sqlite3.o
 .text.resizeIndexObject.part.0
                0x0000000008025e64       0x90 ./Core/Src/sqlite3.o
 .text.sqlite3VtabImportErrmsg
                0x0000000008025ef4      0x114 ./Core/Src/sqlite3.o
 .text.sqlite3ExprAddCollateString
                0x0000000008026008       0x70 ./Core/Src/sqlite3.o
 .text.sqlite3ExprListAppendNew
                0x0000000008026078       0xd4 ./Core/Src/sqlite3.o
 .text.sqlite3DbStrNDup
                0x000000000802614c       0xf0 ./Core/Src/sqlite3.o
 .text.sqlite3HexToBlob
                0x000000000802623c      0x124 ./Core/Src/sqlite3.o
 .text.sqlite3VdbeSetNumCols
                0x0000000008026360      0x100 ./Core/Src/sqlite3.o
 .text.whereLoopResize.part.0
                0x0000000008026460      0x16c ./Core/Src/sqlite3.o
 .text.whereLoopInsert
                0x00000000080265cc      0x360 ./Core/Src/sqlite3.o
 .text.sqlite3DbMallocZero
                0x000000000802692c      0x188 ./Core/Src/sqlite3.o
 .text.sqlite3VtabOverloadFunction
                0x0000000008026ab4       0xcc ./Core/Src/sqlite3.o
 .text.sqlite3_set_auxdata
                0x0000000008026b80       0x7c ./Core/Src/sqlite3.o
                0x0000000008026b80                sqlite3_set_auxdata
 .text.sqlite3VdbeMemSetRowSet
                0x0000000008026bfc      0x13c ./Core/Src/sqlite3.o
 .text.tokenExpr
                0x0000000008026d38      0x178 ./Core/Src/sqlite3.o
 .text.sqlite3Expr
                0x0000000008026eb0      0x17c ./Core/Src/sqlite3.o
 .text.sqlite3CreateColumnExpr
                0x000000000802702c      0x17c ./Core/Src/sqlite3.o
 .text.sqlite3VdbeAllocUnpackedRecord
                0x00000000080271a8      0x1a0 ./Core/Src/sqlite3.o
 .text.sqlite3ParserAddCleanup
                0x0000000008027348      0x19c ./Core/Src/sqlite3.o
 .text.sqlite3ExprAlloc
                0x00000000080274e4      0x190 ./Core/Src/sqlite3.o
 .text.sqlite3SelectNew
                0x0000000008027674      0x168 ./Core/Src/sqlite3.o
 .text.sqlite3DbStrDup
                0x00000000080277dc       0xf0 ./Core/Src/sqlite3.o
 .text.sqlite3WindowDup
                0x00000000080278cc       0xc8 ./Core/Src/sqlite3.o
 .text.sqlite3SelectDup
                0x0000000008027994      0x478 ./Core/Src/sqlite3.o
 .text.exprDup  0x0000000008027e0c      0x2a8 ./Core/Src/sqlite3.o
 .text.sqlite3ExprListDup
                0x00000000080280b4      0x23c ./Core/Src/sqlite3.o
 .text.sqlite3SrcListDup
                0x00000000080282f0      0x3e8 ./Core/Src/sqlite3.o
 .text.exprDup.constprop.0
                0x00000000080286d8      0x1e8 ./Core/Src/sqlite3.o
 .text.sqlite3UpsertDup
                0x00000000080288c0       0xdc ./Core/Src/sqlite3.o
 .text.agginfoPersistExprCb
                0x000000000802899c       0x74 ./Core/Src/sqlite3.o
 .text.propagateConstantExprRewriteOne
                0x0000000008028a10       0x90 ./Core/Src/sqlite3.o
 .text.propagateConstantExprRewrite
                0x0000000008028aa0       0xd0 ./Core/Src/sqlite3.o
 .text.exprTableRegister
                0x0000000008028b70      0x1a4 ./Core/Src/sqlite3.o
 .text.vdbeChangeP4Full
                0x0000000008028d14      0x138 ./Core/Src/sqlite3.o
 .text.sqlite3VdbeChangeP4
                0x0000000008028e4c       0x70 ./Core/Src/sqlite3.o
 .text.dbReallocFinish
                0x0000000008028ebc       0x9c ./Core/Src/sqlite3.o
 .text.sqlite3DbRealloc
                0x0000000008028f58       0x50 ./Core/Src/sqlite3.o
 .text.sqlite3StrAccumEnlarge.part.0
                0x0000000008028fa8      0x1c0 ./Core/Src/sqlite3.o
 .text.sqlite3_str_appendchar
                0x0000000008029168       0x5c ./Core/Src/sqlite3.o
                0x0000000008029168                sqlite3_str_appendchar
 .text.enlargeAndAppend
                0x00000000080291c4       0x2c ./Core/Src/sqlite3.o
 .text.sqlite3_str_append
                0x00000000080291f0       0x24 ./Core/Src/sqlite3.o
                0x00000000080291f0                sqlite3_str_append
 .text.sqlite3_str_append.constprop.0
                0x0000000008029214       0x20 ./Core/Src/sqlite3.o
 .text.sqlite3_str_appendall
                0x0000000008029234       0x48 ./Core/Src/sqlite3.o
                0x0000000008029234                sqlite3_str_appendall
 .text.checkAppendMsg