16:08:21 **** Incremental Build of configuration Debug for project MRAM-sqlite-STM32IDE ****
make -j7 all 
arm-none-eabi-size   MRAM-sqlite-STM32IDE.elf 
   text	   data	    bss	    dec	    hex	filename
 679140	    200	   2904	 682244	  a6904	MRAM-sqlite-STM32IDE.elf
Finished building: default.size.stdout
 
16:08:26 **** Incremental Build of configuration Debug for project MRAM-sqlite-STM32IDE ****
make -j7 all 
arm-none-eabi-size   MRAM-sqlite-STM32IDE.elf 
   text	   data	    bss	    dec	    hex	filename
 679140	    200	   2904	 682244	  a6904	MRAM-sqlite-STM32IDE.elf
Finished building: default.size.stdout
 
16:09:53 **** Incremental Build of configuration Debug for project MRAM-sqlite-STM32IDE ****
make -j7 all 
arm-none-eabi-size   MRAM-sqlite-STM32IDE.elf 
   text	   data	    bss	    dec	    hex	filename
 679140	    200	   2904	 682244	  a6904	MRAM-sqlite-STM32IDE.elf
Finished building: default.size.stdout
 
16:46:42 **** Incremental Build of configuration Debug for project MRAM-sqlite-STM32IDE ****
make -j7 all 
arm-none-eabi-size   MRAM-sqlite-STM32IDE.elf 
   text	   data	    bss	    dec	    hex	filename
 679140	    200	   2904	 682244	  a6904	MRAM-sqlite-STM32IDE.elf
Finished building: default.size.stdout
 
16:48:32 **** Incremental Build of configuration Debug for project MRAM-sqlite-STM32IDE ****
make -j7 all 
arm-none-eabi-size   MRAM-sqlite-STM32IDE.elf 
   text	   data	    bss	    dec	    hex	filename
 679140	    200	   2904	 682244	  a6904	MRAM-sqlite-STM32IDE.elf
Finished building: default.size.stdout
 
16:50:19 **** Incremental Build of configuration Debug for project MRAM-sqlite-STM32IDE ****
make -j7 all 
arm-none-eabi-size   MRAM-sqlite-STM32IDE.elf 
   text	   data	    bss	    dec	    hex	filename
 679140	    200	   2904	 682244	  a6904	MRAM-sqlite-STM32IDE.elf
Finished building: default.size.stdout
 
16:57:17 **** Incremental Build of configuration Debug for project MRAM-sqlite-STM32IDE ****
make -j7 all 
arm-none-eabi-gcc "../Core/Src/Drivers/littlefs_driver.c" -mcpu=cortex-m7 -std=gnu11 -DDEBUG -DUSE_HAL_DRIVER -DSTM32H743xx -c -I../Core/Inc -I../Drivers/STM32H7xx_HAL_Driver/Inc -I../Drivers/STM32H7xx_HAL_Driver/Inc/Legacy -I../Drivers/CMSIS/Device/ST/STM32H7xx/Include -I../Drivers/CMSIS/Include -O3 -ffunction-sections -fdata-sections -fno-strict-aliasing -Wall -Wno-unused-function -Wno-comment -fstack-usage -MMD -MP -MF"Core/Src/Drivers/littlefs_driver.d" -MT"Core/Src/Drivers/littlefs_driver.o" --specs=nano.specs -mfpu=fpv5-d16 -mfloat-abi=hard -mthumb -o "Core/Src/Drivers/littlefs_driver.o"
arm-none-eabi-gcc "../Core/Src/little-fs-test.c" -mcpu=cortex-m7 -std=gnu11 -DDEBUG -DUSE_HAL_DRIVER -DSTM32H743xx -c -I../Core/Inc -I../Drivers/STM32H7xx_HAL_Driver/Inc -I../Drivers/STM32H7xx_HAL_Driver/Inc/Legacy -I../Drivers/CMSIS/Device/ST/STM32H7xx/Include -I../Drivers/CMSIS/Include -O3 -ffunction-sections -fdata-sections -fno-strict-aliasing -Wall -Wno-unused-function -Wno-comment -fstack-usage -MMD -MP -MF"Core/Src/little-fs-test.d" -MT"Core/Src/little-fs-test.o" --specs=nano.specs -mfpu=fpv5-d16 -mfloat-abi=hard -mthumb -o "Core/Src/little-fs-test.o"
arm-none-eabi-gcc "../Core/Src/littlefs_sqlite_vfs.c" -mcpu=cortex-m7 -std=gnu11 -DDEBUG -DUSE_HAL_DRIVER -DSTM32H743xx -c -I../Core/Inc -I../Drivers/STM32H7xx_HAL_Driver/Inc -I../Drivers/STM32H7xx_HAL_Driver/Inc/Legacy -I../Drivers/CMSIS/Device/ST/STM32H7xx/Include -I../Drivers/CMSIS/Include -O3 -ffunction-sections -fdata-sections -fno-strict-aliasing -Wall -Wno-unused-function -Wno-comment -fstack-usage -MMD -MP -MF"Core/Src/littlefs_sqlite_vfs.d" -MT"Core/Src/littlefs_sqlite_vfs.o" --specs=nano.specs -mfpu=fpv5-d16 -mfloat-abi=hard -mthumb -o "Core/Src/littlefs_sqlite_vfs.o"
../Core/Src/littlefs_sqlite_vfs.c: In function 'littlefs_vfs_ls':
../Core/Src/littlefs_sqlite_vfs.c:138:34: warning: passing argument 2 of 'lfs_dir_open' discards 'volatile' qualifier from pointer target type [-Wdiscarded-qualifiers]
  138 |     int err = lfs_dir_open(&lfs, &dir, path);
      |                                  ^~~~
In file included from ../Core/Src/littlefs_sqlite_vfs.c:1:
../Core/Inc/lfs.h:623:41: note: expected 'lfs_dir_t *' {aka 'struct lfs_dir *'} but argument is of type 'volatile lfs_dir_t *' {aka 'volatile struct lfs_dir *'}
  623 | int lfs_dir_open(lfs_t *lfs, lfs_dir_t *dir, const char *path);
      |                              ~~~~~~~~~~~^~~
../Core/Src/littlefs_sqlite_vfs.c:145:38: warning: passing argument 2 of 'lfs_dir_read' discards 'volatile' qualifier from pointer target type [-Wdiscarded-qualifiers]
  145 |         int res = lfs_dir_read(&lfs, &dir, &info);
      |                                      ^~~~
In file included from ../Core/Src/littlefs_sqlite_vfs.c:1:
../Core/Inc/lfs.h:636:41: note: expected 'lfs_dir_t *' {aka 'struct lfs_dir *'} but argument is of type 'volatile lfs_dir_t *' {aka 'volatile struct lfs_dir *'}
  636 | int lfs_dir_read(lfs_t *lfs, lfs_dir_t *dir, struct lfs_info *info);
      |                              ~~~~~~~~~~~^~~
../Core/Src/littlefs_sqlite_vfs.c:171:31: warning: passing argument 2 of 'lfs_dir_close' discards 'volatile' qualifier from pointer target type [-Wdiscarded-qualifiers]
  171 |     err = lfs_dir_close(&lfs, &dir);
      |                               ^~~~
In file included from ../Core/Src/littlefs_sqlite_vfs.c:1:
../Core/Inc/lfs.h:629:42: note: expected 'lfs_dir_t *' {aka 'struct lfs_dir *'} but argument is of type 'volatile lfs_dir_t *' {aka 'volatile struct lfs_dir *'}
  629 | int lfs_dir_close(lfs_t *lfs, lfs_dir_t *dir);
      |                               ~~~~~~~~~~~^~~
../Core/Src/littlefs_sqlite_vfs.c: In function 'littlefs_vfs_close_file':
../Core/Src/littlefs_sqlite_vfs.c:188:23: warning: passing argument 2 of 'lfs_file_close' discards 'volatile' qualifier from pointer target type [-Wdiscarded-qualifiers]
  188 |  lfs_file_close(&lfs, &(full_file->file));
      |                       ^~~~~~~~~~~~~~~~~~
In file included from ../Core/Src/littlefs_sqlite_vfs.c:1:
../Core/Inc/lfs.h:551:44: note: expected 'lfs_file_t *' {aka 'struct lfs_file *'} but argument is of type 'volatile lfs_file_t *' {aka 'volatile struct lfs_file *'}
  551 | int lfs_file_close(lfs_t *lfs, lfs_file_t *file);
      |                                ~~~~~~~~~~~~^~~~
../Core/Src/littlefs_sqlite_vfs.c: In function 'littlefs_vfs_read_file':
../Core/Src/littlefs_sqlite_vfs.c:203:22: warning: passing argument 2 of 'lfs_file_seek' discards 'volatile' qualifier from pointer target type [-Wdiscarded-qualifiers]
  203 |  lfs_file_seek(&lfs, &(full_file->file),
      |                      ^~~~~~~~~~~~~~~~~~
In file included from ../Core/Src/littlefs_sqlite_vfs.c:1:
../Core/Inc/lfs.h:581:50: note: expected 'lfs_file_t *' {aka 'struct lfs_file *'} but argument is of type 'volatile lfs_file_t *' {aka 'volatile struct lfs_file *'}
  581 | lfs_soff_t lfs_file_seek(lfs_t *lfs, lfs_file_t *file,
      |                                      ~~~~~~~~~~~~^~~~
../Core/Src/littlefs_sqlite_vfs.c:206:22: warning: passing argument 2 of 'lfs_file_read' discards 'volatile' qualifier from pointer target type [-Wdiscarded-qualifiers]
  206 |  lfs_file_read(&lfs, &(full_file->file), buffer, iAmt);
      |                      ^~~~~~~~~~~~~~~~~~
In file included from ../Core/Src/littlefs_sqlite_vfs.c:1:
../Core/Inc/lfs.h:563:51: note: expected 'lfs_file_t *' {aka 'struct lfs_file *'} but argument is of type 'volatile lfs_file_t *' {aka 'volatile struct lfs_file *'}
  563 | lfs_ssize_t lfs_file_read(lfs_t *lfs, lfs_file_t *file,
      |                                       ~~~~~~~~~~~~^~~~
../Core/Src/littlefs_sqlite_vfs.c: In function 'littlefs_vfs_write_file':
../Core/Src/littlefs_sqlite_vfs.c:215:22: warning: passing argument 2 of 'lfs_file_seek' discards 'volatile' qualifier from pointer target type [-Wdiscarded-qualifiers]
  215 |  lfs_file_seek(&lfs, &(full_file->file),
      |                      ^~~~~~~~~~~~~~~~~~
In file included from ../Core/Src/littlefs_sqlite_vfs.c:1:
../Core/Inc/lfs.h:581:50: note: expected 'lfs_file_t *' {aka 'struct lfs_file *'} but argument is of type 'volatile lfs_file_t *' {aka 'volatile struct lfs_file *'}
  581 | lfs_soff_t lfs_file_seek(lfs_t *lfs, lfs_file_t *file,
      |                                      ~~~~~~~~~~~~^~~~
../Core/Src/littlefs_sqlite_vfs.c:217:23: warning: passing argument 2 of 'lfs_file_write' discards 'volatile' qualifier from pointer target type [-Wdiscarded-qualifiers]
  217 |  lfs_file_write(&lfs, &(full_file->file), buffer, iAmt);
      |                       ^~~~~~~~~~~~~~~~~~
In file included from ../Core/Src/littlefs_sqlite_vfs.c:1:
../Core/Inc/lfs.h:573:52: note: expected 'lfs_file_t *' {aka 'struct lfs_file *'} but argument is of type 'volatile lfs_file_t *' {aka 'volatile struct lfs_file *'}
  573 | lfs_ssize_t lfs_file_write(lfs_t *lfs, lfs_file_t *file,
      |                                        ~~~~~~~~~~~~^~~~
../Core/Src/littlefs_sqlite_vfs.c: In function 'littlefs_vfs_truncate_file':
../Core/Src/littlefs_sqlite_vfs.c:227:26: warning: passing argument 2 of 'lfs_file_truncate' discards 'volatile' qualifier from pointer target type [-Wdiscarded-qualifiers]
  227 |  lfs_file_truncate(&lfs, &(full_file->file), (int32_t) size);
      |                          ^~~~~~~~~~~~~~~~~~
In file included from ../Core/Src/littlefs_sqlite_vfs.c:1:
../Core/Inc/lfs.h:588:47: note: expected 'lfs_file_t *' {aka 'struct lfs_file *'} but argument is of type 'volatile lfs_file_t *' {aka 'volatile struct lfs_file *'}
  588 | int lfs_file_truncate(lfs_t *lfs, lfs_file_t *file, lfs_off_t size);
      |                                   ~~~~~~~~~~~~^~~~
../Core/Src/littlefs_sqlite_vfs.c: In function 'littlefs_vfs_sync_file':
../Core/Src/littlefs_sqlite_vfs.c:236:22: warning: passing argument 2 of 'lfs_file_sync' discards 'volatile' qualifier from pointer target type [-Wdiscarded-qualifiers]
  236 |  lfs_file_sync(&lfs, &(full_file->file));
      |                      ^~~~~~~~~~~~~~~~~~
In file included from ../Core/Src/littlefs_sqlite_vfs.c:1:
../Core/Inc/lfs.h:557:43: note: expected 'lfs_file_t *' {aka 'struct lfs_file *'} but argument is of type 'volatile lfs_file_t *' {aka 'volatile struct lfs_file *'}
  557 | int lfs_file_sync(lfs_t *lfs, lfs_file_t *file);
      |                               ~~~~~~~~~~~~^~~~
../Core/Src/littlefs_sqlite_vfs.c: In function 'littlefs_vfs_size_file':
../Core/Src/littlefs_sqlite_vfs.c:245:47: warning: passing argument 2 of 'lfs_file_size' discards 'volatile' qualifier from pointer target type [-Wdiscarded-qualifiers]
  245 |  *pSize = (sqlite3_int64) lfs_file_size(&lfs, &(full_file->file));
      |                                               ^~~~~~~~~~~~~~~~~~
In file included from ../Core/Src/littlefs_sqlite_vfs.c:1:
../Core/Inc/lfs.h:607:50: note: expected 'lfs_file_t *' {aka 'struct lfs_file *'} but argument is of type 'volatile lfs_file_t *' {aka 'volatile struct lfs_file *'}
  607 | lfs_soff_t lfs_file_size(lfs_t *lfs, lfs_file_t *file);
      |                                      ~~~~~~~~~~~~^~~~
../Core/Src/littlefs_sqlite_vfs.c: In function 'littlefs_vfs_open_file':
../Core/Src/littlefs_sqlite_vfs.c:361:25: warning: passing argument 2 of 'lfs_file_open' discards 'volatile' qualifier from pointer target type [-Wdiscarded-qualifiers]
  361 |     lfs_file_open(&lfs, &(full_file->file),
      |                         ^~~~~~~~~~~~~~~~~~
In file included from ../Core/Src/littlefs_sqlite_vfs.c:1:
../Core/Inc/lfs.h:524:43: note: expected 'lfs_file_t *' {aka 'struct lfs_file *'} but argument is of type 'volatile lfs_file_t *' {aka 'volatile struct lfs_file *'}
  524 | int lfs_file_open(lfs_t *lfs, lfs_file_t *file,
      |                               ~~~~~~~~~~~~^~~~
../Core/Src/littlefs_sqlite_vfs.c: In function '_lfs_file_exists':
../Core/Src/littlefs_sqlite_vfs.c:380:24: warning: passing argument 2 of 'lfs_file_open' discards 'volatile' qualifier from pointer target type [-Wdiscarded-qualifiers]
  380 |  if(lfs_file_open(lfs, &file, zName, LFS_O_RDWR) >= 0){
      |                        ^~~~~
In file included from ../Core/Src/littlefs_sqlite_vfs.c:1:
../Core/Inc/lfs.h:524:43: note: expected 'lfs_file_t *' {aka 'struct lfs_file *'} but argument is of type 'volatile lfs_file_t *' {aka 'volatile struct lfs_file *'}
  524 | int lfs_file_open(lfs_t *lfs, lfs_file_t *file,
      |                               ~~~~~~~~~~~~^~~~
../Core/Src/littlefs_sqlite_vfs.c:382:23: warning: passing argument 2 of 'lfs_file_close' discards 'volatile' qualifier from pointer target type [-Wdiscarded-qualifiers]
  382 |   lfs_file_close(lfs, &file);
      |                       ^~~~~
In file included from ../Core/Src/littlefs_sqlite_vfs.c:1:
../Core/Inc/lfs.h:551:44: note: expected 'lfs_file_t *' {aka 'struct lfs_file *'} but argument is of type 'volatile lfs_file_t *' {aka 'volatile struct lfs_file *'}
  551 | int lfs_file_close(lfs_t *lfs, lfs_file_t *file);
      |                                ~~~~~~~~~~~~^~~~
../Core/Src/littlefs_sqlite_vfs.c: In function 'get_littlefs_vfs':
../Core/Src/littlefs_sqlite_vfs.c:490:9: warning: return discards 'volatile' qualifier from pointer target type [-Wdiscarded-qualifiers]
  490 |  return &littleFsVFS;
      |         ^~~~~~~~~~~~
arm-none-eabi-gcc -o "MRAM-sqlite-STM32IDE.elf" @"objects.list"   -mcpu=cortex-m7 -T"/Users/luisferreira/Documents/Universidade/hasLab/MRAMen/sqlite-stm32/MRAM-sqlite-STM32IDE/STM32H743ZITX_FLASH.ld" --specs=nosys.specs -Wl,-Map="MRAM-sqlite-STM32IDE.map" -Wl,--gc-sections -static --specs=nano.specs -mfpu=fpv5-d16 -mfloat-abi=hard -mthumb -Wl,--start-group -lc -lm -Wl,--end-group
Finished building target: MRAM-sqlite-STM32IDE.elf
 
arm-none-eabi-size   MRAM-sqlite-STM32IDE.elf 
arm-none-eabi-objdump -h -S  MRAM-sqlite-STM32IDE.elf  > "MRAM-sqlite-STM32IDE.list"
   text	   data	    bss	    dec	    hex	filename
 680532	    200	   2936	 683668	  a6e94	MRAM-sqlite-STM32IDE.elf
Finished building: default.size.stdout
 
Finished building: MRAM-sqlite-STM32IDE.list
 
17:05:03 **** Incremental Build of configuration Debug for project MRAM-sqlite-STM32IDE ****
make -j7 all 
arm-none-eabi-size   MRAM-sqlite-STM32IDE.elf 
   text	   data	    bss	    dec	    hex	filename
 680532	    200	   2936	 683668	  a6e94	MRAM-sqlite-STM32IDE.elf
Finished building: default.size.stdout
 
17:06:34 **** Clean-only build of configuration Debug for project MRAM-sqlite-STM32IDE ****
make -j7 clean 
rm -rf ./Drivers/STM32H7xx_HAL_Driver/Src/stm32h7xx_hal.d ./Drivers/STM32H7xx_HAL_Driver/Src/stm32h7xx_hal.o ./Drivers/STM32H7xx_HAL_Driver/Src/stm32h7xx_hal.su ./Drivers/STM32H7xx_HAL_Driver/Src/stm32h7xx_hal_cortex.d ./Drivers/STM32H7xx_HAL_Driver/Src/stm32h7xx_hal_cortex.o ./Drivers/STM32H7xx_HAL_Driver/Src/stm32h7xx_hal_cortex.su ./Drivers/STM32H7xx_HAL_Driver/Src/stm32h7xx_hal_crc.d ./Drivers/STM32H7xx_HAL_Driver/Src/stm32h7xx_hal_crc.o ./Drivers/STM32H7xx_HAL_Driver/Src/stm32h7xx_hal_crc.su ./Drivers/STM32H7xx_HAL_Driver/Src/stm32h7xx_hal_crc_ex.d ./Drivers/STM32H7xx_HAL_Driver/Src/stm32h7xx_hal_crc_ex.o ./Drivers/STM32H7xx_HAL_Driver/Src/stm32h7xx_hal_crc_ex.su ./Drivers/STM32H7xx_HAL_Driver/Src/stm32h7xx_hal_dma.d ./Drivers/STM32H7xx_HAL_Driver/Src/stm32h7xx_hal_dma.o ./Drivers/STM32H7xx_HAL_Driver/Src/stm32h7xx_hal_dma.su ./Drivers/STM32H7xx_HAL_Driver/Src/stm32h7xx_hal_dma_ex.d ./Drivers/STM32H7xx_HAL_Driver/Src/stm32h7xx_hal_dma_ex.o ./Drivers/STM32H7xx_HAL_Driver/Src/stm32h7xx_hal_dma_ex.su ./Drivers/STM32H7xx_HAL_Driver/Src/stm32h7xx_hal_eth.d ./Drivers/STM32H7xx_HAL_Driver/Src/stm32h7xx_hal_eth.o ./Drivers/STM32H7xx_HAL_Driver/Src/stm32h7xx_hal_eth.su ./Drivers/STM32H7xx_HAL_Driver/Src/stm32h7xx_hal_eth_ex.d ./Drivers/STM32H7xx_HAL_Driver/Src/stm32h7xx_hal_eth_ex.o ./Drivers/STM32H7xx_HAL_Driver/Src/stm32h7xx_hal_eth_ex.su ./Drivers/STM32H7xx_HAL_Driver/Src/stm32h7xx_hal_exti.d ./Drivers/STM32H7xx_HAL_Driver/Src/stm32h7xx_hal_exti.o ./Drivers/STM32H7xx_HAL_Driver/Src/stm32h7xx_hal_exti.su ./Drivers/STM32H7xx_HAL_Driver/Src/stm32h7xx_hal_flash.d ./Drivers/STM32H7xx_HAL_Driver/Src/stm32h7xx_hal_flash.o ./Drivers/STM32H7xx_HAL_Driver/Src/stm32h7xx_hal_flash.su ./Drivers/STM32H7xx_HAL_Driver/Src/stm32h7xx_hal_flash_ex.d ./Drivers/STM32H7xx_HAL_Driver/Src/stm32h7xx_hal_flash_ex.o ./Drivers/STM32H7xx_HAL_Driver/Src/stm32h7xx_hal_flash_ex.su ./Drivers/STM32H7xx_HAL_Driver/Src/stm32h7xx_hal_gpio.d ./Drivers/STM32H7xx_HAL_Driver/Src/stm32h7xx_hal_gpio.o ./Drivers/STM32H7xx_HAL_Driver/Src/stm32h7xx_hal_gpio.su ./Drivers/STM32H7xx_HAL_Driver/Src/stm32h7xx_hal_hsem.d ./Drivers/STM32H7xx_HAL_Driver/Src/stm32h7xx_hal_hsem.o ./Drivers/STM32H7xx_HAL_Driver/Src/stm32h7xx_hal_hsem.su ./Drivers/STM32H7xx_HAL_Driver/Src/stm32h7xx_hal_i2c.d ./Drivers/STM32H7xx_HAL_Driver/Src/stm32h7xx_hal_i2c.o ./Drivers/STM32H7xx_HAL_Driver/Src/stm32h7xx_hal_i2c.su ./Drivers/STM32H7xx_HAL_Driver/Src/stm32h7xx_hal_i2c_ex.d ./Drivers/STM32H7xx_HAL_Driver/Src/stm32h7xx_hal_i2c_ex.o ./Drivers/STM32H7xx_HAL_Driver/Src/stm32h7xx_hal_i2c_ex.su ./Drivers/STM32H7xx_HAL_Driver/Src/stm32h7xx_hal_mdma.d ./Drivers/STM32H7xx_HAL_Driver/Src/stm32h7xx_hal_mdma.o ./Drivers/STM32H7xx_HAL_Driver/Src/stm32h7xx_hal_mdma.su ./Drivers/STM32H7xx_HAL_Driver/Src/stm32h7xx_hal_pwr.d ./Drivers/STM32H7xx_HAL_Driver/Src/stm32h7xx_hal_pwr.o ./Drivers/STM32H7xx_HAL_Driver/Src/stm32h7xx_hal_pwr.su ./Drivers/STM32H7xx_HAL_Driver/Src/stm32h7xx_hal_pwr_ex.d ./Drivers/STM32H7xx_HAL_Driver/Src/stm32h7xx_hal_pwr_ex.o ./Drivers/STM32H7xx_HAL_Driver/Src/stm32h7xx_hal_pwr_ex.su ./Drivers/STM32H7xx_HAL_Driver/Src/stm32h7xx_hal_rcc.d ./Drivers/STM32H7xx_HAL_Driver/Src/stm32h7xx_hal_rcc.o ./Drivers/STM32H7xx_HAL_Driver/Src/stm32h7xx_hal_rcc.su ./Drivers/STM32H7xx_HAL_Driver/Src/stm32h7xx_hal_rcc_ex.d ./Drivers/STM32H7xx_HAL_Driver/Src/stm32h7xx_hal_rcc_ex.o ./Drivers/STM32H7xx_HAL_Driver/Src/stm32h7xx_hal_rcc_ex.su ./Drivers/STM32H7xx_HAL_Driver/Src/stm32h7xx_hal_sram.d ./Drivers/STM32H7xx_HAL_Driver/Src/stm32h7xx_hal_sram.o ./Drivers/STM32H7xx_HAL_Driver/Src/stm32h7xx_hal_sram.su ./Drivers/STM32H7xx_HAL_Driver/Src/stm32h7xx_hal_tim.d ./Drivers/STM32H7xx_HAL_Driver/Src/stm32h7xx_hal_tim.o ./Drivers/STM32H7xx_HAL_Driver/Src/stm32h7xx_hal_tim.su ./Drivers/STM32H7xx_HAL_Driver/Src/stm32h7xx_hal_tim_ex.d ./Drivers/STM32H7xx_HAL_Driver/Src/stm32h7xx_hal_tim_ex.o ./Drivers/STM32H7xx_HAL_Driver/Src/stm32h7xx_hal_tim_ex.su ./Drivers/STM32H7xx_HAL_Driver/Src/stm32h7xx_ll_fmc.d ./Drivers/STM32H7xx_HAL_Driver/Src/stm32h7xx_ll_fmc.o ./Drivers/STM32H7xx_HAL_Driver/Src/stm32h7xx_ll_fmc.su
rm -rf ./Core/Startup/startup_stm32h743zitx.d ./Core/Startup/startup_stm32h743zitx.o
rm -rf ./Core/Src/Drivers/MRAM_driver.d ./Core/Src/Drivers/MRAM_driver.o ./Core/Src/Drivers/MRAM_driver.su ./Core/Src/Drivers/flash_driver.d ./Core/Src/Drivers/flash_driver.o ./Core/Src/Drivers/flash_driver.su ./Core/Src/Drivers/littlefs_driver.d ./Core/Src/Drivers/littlefs_driver.o ./Core/Src/Drivers/littlefs_driver.su
rm -rf ./Core/Src/Benchmark/bench_sqlite3.d ./Core/Src/Benchmark/bench_sqlite3.o ./Core/Src/Benchmark/bench_sqlite3.su
rm -rf ./Core/Src/FLASH_SECTOR_H7.d ./Core/Src/FLASH_SECTOR_H7.o ./Core/Src/FLASH_SECTOR_H7.su ./Core/Src/lfs.d ./Core/Src/lfs.o ./Core/Src/lfs.su ./Core/Src/lfs_util.d ./Core/Src/lfs_util.o ./Core/Src/lfs_util.su ./Core/Src/little-fs-test.d ./Core/Src/little-fs-test.o ./Core/Src/little-fs-test.su ./Core/Src/littlefs_sqlite_vfs.d ./Core/Src/littlefs_sqlite_vfs.o ./Core/Src/littlefs_sqlite_vfs.su ./Core/Src/main.d ./Core/Src/main.o ./Core/Src/main.su ./Core/Src/sqlite3.d ./Core/Src/sqlite3.o ./Core/Src/sqlite3.su ./Core/Src/stm32h7xx_hal_msp.d ./Core/Src/stm32h7xx_hal_msp.o ./Core/Src/stm32h7xx_hal_msp.su ./Core/Src/stm32h7xx_it.d ./Core/Src/stm32h7xx_it.o ./Core/Src/stm32h7xx_it.su ./Core/Src/syscalls.d ./Core/Src/syscalls.o ./Core/Src/syscalls.su ./Core/Src/sysmem.d ./Core/Src/sysmem.o ./Core/Src/sysmem.su ./Core/Src/system_stm32h7xx.d ./Core/Src/system_stm32h7xx.o ./Core/Src/system_stm32h7xx.su
rm -rf MRAM-sqlite-STM32IDE.elf MRAM-sqlite-STM32IDE.list MRAM-sqlite-STM32IDE.map default.size.stdout
 
