17:18:36 **** Incremental Build of configuration Debug for project MRAM-sqlite-STM32IDE ****
make -j7 all 
arm-none-eabi-gcc "../Core/Src/Benchmark/bench_sqlite3.c" -mcpu=cortex-m7 -std=gnu11 -DDEBUG -DUSE_HAL_DRIVER -DSTM32H743xx -c -I../Core/Inc -I../Drivers/STM32H7xx_HAL_Driver/Inc -I../Drivers/STM32H7xx_HAL_Driver/Inc/Legacy -I../Drivers/CMSIS/Device/ST/STM32H7xx/Include -I../Drivers/CMSIS/Include -O3 -ffunction-sections -fdata-sections -fno-strict-aliasing -Wall -Wno-unused-function -Wno-comment -fstack-usage -MMD -MP -MF"Core/Src/Benchmark/bench_sqlite3.d" -MT"Core/Src/Benchmark/bench_sqlite3.o" --specs=nano.specs -mfpu=fpv5-d16 -mfloat-abi=hard -mthumb -o "Core/Src/Benchmark/bench_sqlite3.o"
arm-none-eabi-gcc "../Core/Src/main.c" -mcpu=cortex-m7 -std=gnu11 -DDEBUG -DUSE_HAL_DRIVER -DSTM32H743xx -c -I../Core/Inc -I../Drivers/STM32H7xx_HAL_Driver/Inc -I../Drivers/STM32H7xx_HAL_Driver/Inc/Legacy -I../Drivers/CMSIS/Device/ST/STM32H7xx/Include -I../Drivers/CMSIS/Include -O3 -ffunction-sections -fdata-sections -fno-strict-aliasing -Wall -Wno-unused-function -Wno-comment -fstack-usage -MMD -MP -MF"Core/Src/main.d" -MT"Core/Src/main.o" --specs=nano.specs -mfpu=fpv5-d16 -mfloat-abi=hard -mthumb -o "Core/Src/main.o"
arm-none-eabi-gcc "../Core/Src/stm32h7xx_hal_msp.c" -mcpu=cortex-m7 -std=gnu11 -DDEBUG -DUSE_HAL_DRIVER -DSTM32H743xx -c -I../Core/Inc -I../Drivers/STM32H7xx_HAL_Driver/Inc -I../Drivers/STM32H7xx_HAL_Driver/Inc/Legacy -I../Drivers/CMSIS/Device/ST/STM32H7xx/Include -I../Drivers/CMSIS/Include -O3 -ffunction-sections -fdata-sections -fno-strict-aliasing -Wall -Wno-unused-function -Wno-comment -fstack-usage -MMD -MP -MF"Core/Src/stm32h7xx_hal_msp.d" -MT"Core/Src/stm32h7xx_hal_msp.o" --specs=nano.specs -mfpu=fpv5-d16 -mfloat-abi=hard -mthumb -o "Core/Src/stm32h7xx_hal_msp.o"
arm-none-eabi-gcc "../Core/Src/stm32h7xx_it.c" -mcpu=cortex-m7 -std=gnu11 -DDEBUG -DUSE_HAL_DRIVER -DSTM32H743xx -c -I../Core/Inc -I../Drivers/STM32H7xx_HAL_Driver/Inc -I../Drivers/STM32H7xx_HAL_Driver/Inc/Legacy -I../Drivers/CMSIS/Device/ST/STM32H7xx/Include -I../Drivers/CMSIS/Include -O3 -ffunction-sections -fdata-sections -fno-strict-aliasing -Wall -Wno-unused-function -Wno-comment -fstack-usage -MMD -MP -MF"Core/Src/stm32h7xx_it.d" -MT"Core/Src/stm32h7xx_it.o" --specs=nano.specs -mfpu=fpv5-d16 -mfloat-abi=hard -mthumb -o "Core/Src/stm32h7xx_it.o"
arm-none-eabi-gcc "../Core/Src/syscalls.c" -mcpu=cortex-m7 -std=gnu11 -DDEBUG -DUSE_HAL_DRIVER -DSTM32H743xx -c -I../Core/Inc -I../Drivers/STM32H7xx_HAL_Driver/Inc -I../Drivers/STM32H7xx_HAL_Driver/Inc/Legacy -I../Drivers/CMSIS/Device/ST/STM32H7xx/Include -I../Drivers/CMSIS/Include -O3 -ffunction-sections -fdata-sections -fno-strict-aliasing -Wall -Wno-unused-function -Wno-comment -fstack-usage -MMD -MP -MF"Core/Src/syscalls.d" -MT"Core/Src/syscalls.o" --specs=nano.specs -mfpu=fpv5-d16 -mfloat-abi=hard -mthumb -o "Core/Src/syscalls.o"
arm-none-eabi-gcc "../Core/Src/sysmem.c" -mcpu=cortex-m7 -std=gnu11 -DDEBUG -DUSE_HAL_DRIVER -DSTM32H743xx -c -I../Core/Inc -I../Drivers/STM32H7xx_HAL_Driver/Inc -I../Drivers/STM32H7xx_HAL_Driver/Inc/Legacy -I../Drivers/CMSIS/Device/ST/STM32H7xx/Include -I../Drivers/CMSIS/Include -O3 -ffunction-sections -fdata-sections -fno-strict-aliasing -Wall -Wno-unused-function -Wno-comment -fstack-usage -MMD -MP -MF"Core/Src/sysmem.d" -MT"Core/Src/sysmem.o" --specs=nano.specs -mfpu=fpv5-d16 -mfloat-abi=hard -mthumb -o "Core/Src/sysmem.o"
arm-none-eabi-gcc "../Core/Src/system_stm32h7xx.c" -mcpu=cortex-m7 -std=gnu11 -DDEBUG -DUSE_HAL_DRIVER -DSTM32H743xx -c -I../Core/Inc -I../Drivers/STM32H7xx_HAL_Driver/Inc -I../Drivers/STM32H7xx_HAL_Driver/Inc/Legacy -I../Drivers/CMSIS/Device/ST/STM32H7xx/Include -I../Drivers/CMSIS/Include -O3 -ffunction-sections -fdata-sections -fno-strict-aliasing -Wall -Wno-unused-function -Wno-comment -fstack-usage -MMD -MP -MF"Core/Src/system_stm32h7xx.d" -MT"Core/Src/system_stm32h7xx.o" --specs=nano.specs -mfpu=fpv5-d16 -mfloat-abi=hard -mthumb -o "Core/Src/system_stm32h7xx.o"
arm-none-eabi-gcc -o "MRAM-sqlite-STM32IDE.elf" @"objects.list"   -mcpu=cortex-m7 -T"/Users/luisferreira/Documents/Universidade/hasLab/MRAMen/sqlite-stm32/MRAM-sqlite-STM32IDE/STM32H743ZITX_FLASH.ld" --specs=nosys.specs -Wl,-Map="MRAM-sqlite-STM32IDE.map" -Wl,--gc-sections -static --specs=nano.specs -mfpu=fpv5-d16 -mfloat-abi=hard -mthumb -Wl,--start-group -lc -lm -Wl,--end-group
Finished building target: MRAM-sqlite-STM32IDE.elf
 
arm-none-eabi-size   MRAM-sqlite-STM32IDE.elf 
arm-none-eabi-objdump -h -S  MRAM-sqlite-STM32IDE.elf  > "MRAM-sqlite-STM32IDE.list"
   text	   data	    bss	    dec	    hex	filename
 680540	    200	   2936	 683676	  a6e9c	MRAM-sqlite-STM32IDE.elf
Finished building: default.size.stdout
 
Finished building: MRAM-sqlite-STM32IDE.list
 
17:18:42 **** Incremental Build of configuration Debug for project MRAM-sqlite-STM32IDE ****
make -j7 all 
arm-none-eabi-size   MRAM-sqlite-STM32IDE.elf 
   text	   data	    bss	    dec	    hex	filename
 680540	    200	   2936	 683676	  a6e9c	MRAM-sqlite-STM32IDE.elf
Finished building: default.size.stdout
 
15:32:29 **** Clean-only build of configuration Debug for project MRAM-sqlite-STM32IDE ****
make -j7 clean 
rm -rf ./Drivers/STM32H7xx_HAL_Driver/Src/stm32h7xx_hal.d ./Drivers/STM32H7xx_HAL_Driver/Src/stm32h7xx_hal.o ./Drivers/STM32H7xx_HAL_Driver/Src/stm32h7xx_hal.su ./Drivers/STM32H7xx_HAL_Driver/Src/stm32h7xx_hal_cortex.d ./Drivers/STM32H7xx_HAL_Driver/Src/stm32h7xx_hal_cortex.o ./Drivers/STM32H7xx_HAL_Driver/Src/stm32h7xx_hal_cortex.su ./Drivers/STM32H7xx_HAL_Driver/Src/stm32h7xx_hal_crc.d ./Drivers/STM32H7xx_HAL_Driver/Src/stm32h7xx_hal_crc.o ./Drivers/STM32H7xx_HAL_Driver/Src/stm32h7xx_hal_crc.su ./Drivers/STM32H7xx_HAL_Driver/Src/stm32h7xx_hal_crc_ex.d ./Drivers/STM32H7xx_HAL_Driver/Src/stm32h7xx_hal_crc_ex.o ./Drivers/STM32H7xx_HAL_Driver/Src/stm32h7xx_hal_crc_ex.su ./Drivers/STM32H7xx_HAL_Driver/Src/stm32h7xx_hal_dma.d ./Drivers/STM32H7xx_HAL_Driver/Src/stm32h7xx_hal_dma.o ./Drivers/STM32H7xx_HAL_Driver/Src/stm32h7xx_hal_dma.su ./Drivers/STM32H7xx_HAL_Driver/Src/stm32h7xx_hal_dma_ex.d ./Drivers/STM32H7xx_HAL_Driver/Src/stm32h7xx_hal_dma_ex.o ./Drivers/STM32H7xx_HAL_Driver/Src/stm32h7xx_hal_dma_ex.su ./Drivers/STM32H7xx_HAL_Driver/Src/stm32h7xx_hal_eth.d ./Drivers/STM32H7xx_HAL_Driver/Src/stm32h7xx_hal_eth.o ./Drivers/STM32H7xx_HAL_Driver/Src/stm32h7xx_hal_eth.su ./Drivers/STM32H7xx_HAL_Driver/Src/stm32h7xx_hal_eth_ex.d ./Drivers/STM32H7xx_HAL_Driver/Src/stm32h7xx_hal_eth_ex.o ./Drivers/STM32H7xx_HAL_Driver/Src/stm32h7xx_hal_eth_ex.su ./Drivers/STM32H7xx_HAL_Driver/Src/stm32h7xx_hal_exti.d ./Drivers/STM32H7xx_HAL_Driver/Src/stm32h7xx_hal_exti.o ./Drivers/STM32H7xx_HAL_Driver/Src/stm32h7xx_hal_exti.su ./Drivers/STM32H7xx_HAL_Driver/Src/stm32h7xx_hal_flash.d ./Drivers/STM32H7xx_HAL_Driver/Src/stm32h7xx_hal_flash.o ./Drivers/STM32H7xx_HAL_Driver/Src/stm32h7xx_hal_flash.su ./Drivers/STM32H7xx_HAL_Driver/Src/stm32h7xx_hal_flash_ex.d ./Drivers/STM32H7xx_HAL_Driver/Src/stm32h7xx_hal_flash_ex.o ./Drivers/STM32H7xx_HAL_Driver/Src/stm32h7xx_hal_flash_ex.su ./Drivers/STM32H7xx_HAL_Driver/Src/stm32h7xx_hal_gpio.d ./Drivers/STM32H7xx_HAL_Driver/Src/stm32h7xx_hal_gpio.o ./Drivers/STM32H7xx_HAL_Driver/Src/stm32h7xx_hal_gpio.su ./Drivers/STM32H7xx_HAL_Driver/Src/stm32h7xx_hal_hsem.d ./Drivers/STM32H7xx_HAL_Driver/Src/stm32h7xx_hal_hsem.o ./Drivers/STM32H7xx_HAL_Driver/Src/stm32h7xx_hal_hsem.su ./Drivers/STM32H7xx_HAL_Driver/Src/stm32h7xx_hal_i2c.d ./Drivers/STM32H7xx_HAL_Driver/Src/stm32h7xx_hal_i2c.o ./Drivers/STM32H7xx_HAL_Driver/Src/stm32h7xx_hal_i2c.su ./Drivers/STM32H7xx_HAL_Driver/Src/stm32h7xx_hal_i2c_ex.d ./Drivers/STM32H7xx_HAL_Driver/Src/stm32h7xx_hal_i2c_ex.o ./Drivers/STM32H7xx_HAL_Driver/Src/stm32h7xx_hal_i2c_ex.su ./Drivers/STM32H7xx_HAL_Driver/Src/stm32h7xx_hal_mdma.d ./Drivers/STM32H7xx_HAL_Driver/Src/stm32h7xx_hal_mdma.o ./Drivers/STM32H7xx_HAL_Driver/Src/stm32h7xx_hal_mdma.su ./Drivers/STM32H7xx_HAL_Driver/Src/stm32h7xx_hal_pwr.d ./Drivers/STM32H7xx_HAL_Driver/Src/stm32h7xx_hal_pwr.o ./Drivers/STM32H7xx_HAL_Driver/Src/stm32h7xx_hal_pwr.su ./Drivers/STM32H7xx_HAL_Driver/Src/stm32h7xx_hal_pwr_ex.d ./Drivers/STM32H7xx_HAL_Driver/Src/stm32h7xx_hal_pwr_ex.o ./Drivers/STM32H7xx_HAL_Driver/Src/stm32h7xx_hal_pwr_ex.su ./Drivers/STM32H7xx_HAL_Driver/Src/stm32h7xx_hal_rcc.d ./Drivers/STM32H7xx_HAL_Driver/Src/stm32h7xx_hal_rcc.o ./Drivers/STM32H7xx_HAL_Driver/Src/stm32h7xx_hal_rcc.su ./Drivers/STM32H7xx_HAL_Driver/Src/stm32h7xx_hal_rcc_ex.d ./Drivers/STM32H7xx_HAL_Driver/Src/stm32h7xx_hal_rcc_ex.o ./Drivers/STM32H7xx_HAL_Driver/Src/stm32h7xx_hal_rcc_ex.su ./Drivers/STM32H7xx_HAL_Driver/Src/stm32h7xx_hal_sram.d ./Drivers/STM32H7xx_HAL_Driver/Src/stm32h7xx_hal_sram.o ./Drivers/STM32H7xx_HAL_Driver/Src/stm32h7xx_hal_sram.su ./Drivers/STM32H7xx_HAL_Driver/Src/stm32h7xx_hal_tim.d ./Drivers/STM32H7xx_HAL_Driver/Src/stm32h7xx_hal_tim.o ./Drivers/STM32H7xx_HAL_Driver/Src/stm32h7xx_hal_tim.su ./Drivers/STM32H7xx_HAL_Driver/Src/stm32h7xx_hal_tim_ex.d ./Drivers/STM32H7xx_HAL_Driver/Src/stm32h7xx_hal_tim_ex.o ./Drivers/STM32H7xx_HAL_Driver/Src/stm32h7xx_hal_tim_ex.su ./Drivers/STM32H7xx_HAL_Driver/Src/stm32h7xx_ll_fmc.d ./Drivers/STM32H7xx_HAL_Driver/Src/stm32h7xx_ll_fmc.o ./Drivers/STM32H7xx_HAL_Driver/Src/stm32h7xx_ll_fmc.su
rm -rf ./Core/Startup/startup_stm32h743zitx.d ./Core/Startup/startup_stm32h743zitx.o
rm -rf ./Core/Src/Drivers/MRAM_driver.d ./Core/Src/Drivers/MRAM_driver.o ./Core/Src/Drivers/MRAM_driver.su ./Core/Src/Drivers/flash_driver.d ./Core/Src/Drivers/flash_driver.o ./Core/Src/Drivers/flash_driver.su ./Core/Src/Drivers/littlefs_driver.d ./Core/Src/Drivers/littlefs_driver.o ./Core/Src/Drivers/littlefs_driver.su
rm -rf ./Core/Src/Benchmark/bench_sqlite3.d ./Core/Src/Benchmark/bench_sqlite3.o ./Core/Src/Benchmark/bench_sqlite3.su
rm -rf ./Core/Src/FLASH_SECTOR_H7.d ./Core/Src/FLASH_SECTOR_H7.o ./Core/Src/FLASH_SECTOR_H7.su ./Core/Src/lfs.d ./Core/Src/lfs.o ./Core/Src/lfs.su ./Core/Src/lfs_util.d ./Core/Src/lfs_util.o ./Core/Src/lfs_util.su ./Core/Src/little-fs-test.d ./Core/Src/little-fs-test.o ./Core/Src/little-fs-test.su ./Core/Src/littlefs_sqlite_vfs.d ./Core/Src/littlefs_sqlite_vfs.o ./Core/Src/littlefs_sqlite_vfs.su ./Core/Src/main.d ./Core/Src/main.o ./Core/Src/main.su ./Core/Src/sqlite3.d ./Core/Src/sqlite3.o ./Core/Src/sqlite3.su ./Core/Src/stm32h7xx_hal_msp.d ./Core/Src/stm32h7xx_hal_msp.o ./Core/Src/stm32h7xx_hal_msp.su ./Core/Src/stm32h7xx_it.d ./Core/Src/stm32h7xx_it.o ./Core/Src/stm32h7xx_it.su ./Core/Src/syscalls.d ./Core/Src/syscalls.o ./Core/Src/syscalls.su ./Core/Src/sysmem.d ./Core/Src/sysmem.o ./Core/Src/sysmem.su ./Core/Src/system_stm32h7xx.d ./Core/Src/system_stm32h7xx.o ./Core/Src/system_stm32h7xx.su
rm -rf MRAM-sqlite-STM32IDE.elf MRAM-sqlite-STM32IDE.list MRAM-sqlite-STM32IDE.map default.size.stdout
 
